<html>
<body>
<pre>
<h1>µVision Build Log</h1>
<h2>Tool Versions:</h2>
IDE-Version: ¦ÌVision V5.34.0.0
Copyright (C) 2021 ARM Ltd and ARM Germany GmbH. All rights reserved.
License Information: a a, a, LIC=RC93N-Y0AG3-12DLE-5ME8D-MF380-1ZINW
 
Tool Versions:
Toolchain:       MDK-ARM Plus  Version: 5.34.0.0
Toolchain Path:  D:\32\run\ARM\ARMCC\Bin
C Compiler:      Armcc.exe V5.06 update 7 (build 960)
Assembler:       Armasm.exe V5.06 update 7 (build 960)
Linker/Locator:  ArmLink.exe V5.06 update 7 (build 960)
Library Manager: ArmAr.exe V5.06 update 7 (build 960)
Hex Converter:   FromElf.exe V5.06 update 7 (build 960)
CPU DLL:         SARMCM3.DLL V5.34.0.0
Dialog DLL:      DCM.DLL V1.17.3.0
Target DLL:      Segger\JL2CM3.dll V2.99.38.0
Dialog DLL:      TCM.DLL V1.48.0.0
 
<h2>Project:</h2>
C:\Users\wys\Desktop\Project\STM32\MDK-ARM\usart_project.uvprojx
Project File Date:  10/03/2024

<h2>Output:</h2>
*** Using Compiler 'V5.06 update 7 (build 960)', folder: 'D:\32\run\ARM\ARMCC\Bin'
Build target 'usart_project'
assembling startup_stm32f103xb.s...
compiling gpio.c...
compiling dma.c...
compiling stm32f1xx_hal_gpio_ex.c...
compiling Task_Init.c...
..\MyCode\task\Inc\LED_task.h(15): warning:  #1-D: last line of file ends without a newline
  #endif
..\MyCode\task\Inc\TEST_task.h(15): warning:  #1-D: last line of file ends without a newline
  #endif
..\MyCode\task\Src\Task_Init.c: 2 warnings, 0 errors
compiling TEST_task.c...
..\MyCode\task\Inc\TEST_task.h(15): warning:  #1-D: last line of file ends without a newline
  #endif
..\MyCode\task\Src\TEST_task.c: 1 warning, 0 errors
compiling stm32f1xx_it.c...
compiling usart.c...
compiling stm32f1xx_hal_msp.c...
compiling stm32f1xx_hal_timebase_tim.c...
compiling LED_task.c...
..\MyCode\task\Inc\LED_task.h(15): warning:  #1-D: last line of file ends without a newline
  #endif
..\MyCode\task\Src\LED_task.c: 1 warning, 0 errors
compiling freertos.c...
..\MyCode\task\Inc\LED_task.h(15): warning:  #1-D: last line of file ends without a newline
  #endif
..\MyCode\task\Inc\TEST_task.h(15): warning:  #1-D: last line of file ends without a newline
  #endif
../Core/Src/freertos.c: 2 warnings, 0 errors
compiling main.c...
compiling stm32f1xx_hal_exti.c...
compiling stm32f1xx_hal_cortex.c...
compiling stm32f1xx_hal_pwr.c...
compiling stm32f1xx_hal.c...
compiling stm32f1xx_hal_rcc_ex.c...
compiling stm32f1xx_hal_dma.c...
compiling stm32f1xx_hal_gpio.c...
compiling stm32f1xx_hal_flash_ex.c...
compiling stm32f1xx_hal_flash.c...
compiling croutine.c...
compiling list.c...
compiling stm32f1xx_hal_rcc.c...
compiling event_groups.c...
compiling timers.c...
compiling stm32f1xx_hal_tim_ex.c...
compiling heap_4.c...
compiling stream_buffer.c...
compiling queue.c...
compiling port.c...
compiling tasks.c...
compiling cmsis_os.c...
compiling stm32f1xx_hal_tim.c...
compiling system_stm32f1xx.c...
compiling stm32f1xx_hal_uart.c...
linking...
Program Size: Code=10620 RO-data=352 RW-data=136 ZI-data=5920  
FromELF: creating hex file...
"usart_project\usart_project.axf" - 0 Error(s), 6 Warning(s).

<h2>Software Packages used:</h2>

Package Vendor: ARM
                http://www.keil.com/pack/ARM.CMSIS.5.7.0.pack
                ARM.CMSIS.5.7.0
                CMSIS (Cortex Microcontroller Software Interface Standard)
   * Component: CORE Version: 5.4.0

Package Vendor: Keil
                http://www.keil.com/pack/Keil.STM32F1xx_DFP.2.3.0.pack
                Keil.STM32F1xx_DFP.2.3.0
                STMicroelectronics STM32F1 Series Device Support, Drivers and Examples

<h2>Collection of Component include folders:</h2>
  .\RTE\_usart_project
  D:\32\run\ARM\CMSIS\5.7.0\CMSIS\Core\Include
  D:\32\run\Keil\STM32F1xx_DFP\2.3.0\Device\Include

<h2>Collection of Component Files used:</h2>

   * Component: ARM::CMSIS:CORE:5.4.0
      Include file:  CMSIS\Core\Include\tz_context.h
Build Time Elapsed:  00:00:04
</pre>
</body>
</html>
