Component: ARM Compiler 5.06 update 7 (build 960) Tool: armlink [4d3601]

==============================================================================

Section Cross References

    task_init.o(i.taskInit) refers to candrive.o(i.CanFilter_Init) for CanFilter_Init
    task_init.o(i.taskInit) refers to stm32f4xx_hal_can.o(i.HAL_CAN_Start) for HAL_CAN_Start
    task_init.o(i.taskInit) refers to stm32f4xx_hal_can.o(i.HAL_CAN_ActivateNotification) for HAL_CAN_ActivateNotification
    task_init.o(i.taskInit) refers to port.o(i.vPortEnterCritical) for vPortEnterCritical
    task_init.o(i.taskInit) refers to tasks.o(i.xTaskCreate) for xTaskCreate
    task_init.o(i.taskInit) refers to port.o(i.vPortExitCritical) for vPortExitCritical
    task_init.o(i.taskInit) refers to can.o(.bss) for hcan1
    task_init.o(i.taskInit) refers to pid_task.o(.data) for PID_Handler
    task_init.o(i.taskInit) refers to pid_task.o(i.PID_Task) for PID_Task
    task_init.o(i.taskInit) refers to led_task.o(.data) for LED_Handler
    task_init.o(i.taskInit) refers to led_task.o(i.LED_Task) for LED_Task
    pid_task.o(i.HAL_CAN_RxFifo0MsgPendingCallback) refers to candrive.o(i.CAN_Receive_DataFrame) for CAN_Receive_DataFrame
    pid_task.o(i.HAL_CAN_RxFifo0MsgPendingCallback) refers to motor.o(i.RM3508_Receive) for RM3508_Receive
    pid_task.o(i.HAL_CAN_RxFifo0MsgPendingCallback) refers to candrive.o(.data) for CAN1_buff
    pid_task.o(i.HAL_CAN_RxFifo0MsgPendingCallback) refers to can.o(.bss) for hcan1
    pid_task.o(i.HAL_CAN_RxFifo0MsgPendingCallback) refers to pid_task.o(.data) for .data
    pid_task.o(i.HAL_CAN_RxFifo0MsgPendingCallback) refers to pid_task.o(.bss) for .bss
    pid_task.o(i.HAL_CAN_RxFifo1MsgPendingCallback) refers to candrive.o(i.CAN_Receive_DataFrame) for CAN_Receive_DataFrame
    pid_task.o(i.HAL_CAN_RxFifo1MsgPendingCallback) refers to motor.o(i.M2006_Receive) for M2006_Receive
    pid_task.o(i.HAL_CAN_RxFifo1MsgPendingCallback) refers to candrive.o(.data) for CAN2_buff
    pid_task.o(i.HAL_CAN_RxFifo1MsgPendingCallback) refers to can.o(.bss) for hcan2
    pid_task.o(i.HAL_CAN_RxFifo1MsgPendingCallback) refers to pid_task.o(.data) for .data
    pid_task.o(i.HAL_CAN_RxFifo1MsgPendingCallback) refers to pid_task.o(.bss) for .bss
    pid_task.o(i.PID_Task) refers to tasks.o(i.xTaskGetTickCount) for xTaskGetTickCount
    pid_task.o(i.PID_Task) refers to pid.o(i.PID_Init) for PID_Init
    pid_task.o(i.PID_Task) refers to pid_task.o(.bss) for .bss
    pid_task.o(i.PID_Task) refers to pid_task.o(.data) for .data
    pid_task.o(i.PID_Task) refers to pid_task.o(i.RAMP_self) for RAMP_self
    pid_task.o(i.PID_Task) refers to pid.o(i.PID_Control_Smis) for PID_Control_Smis
    pid_task.o(i.PID_Task) refers to pid.o(i.PID_Calculate) for PID_Calculate
    pid_task.o(i.PID_Task) refers to motor.o(i.MotorSend) for MotorSend
    pid_task.o(i.PID_Task) refers to tasks.o(i.vTaskDelay) for vTaskDelay
    pid_task.o(i.PID_Task) refers to can.o(.bss) for hcan1
    led_task.o(i.LED_Task) refers to stm32f4xx_hal_gpio.o(i.HAL_GPIO_WritePin) for HAL_GPIO_WritePin
    led_task.o(i.LED_Task) refers to tasks.o(i.vTaskDelay) for vTaskDelay
    led_task.o(i.LED_Task) refers to led_task.o(.data) for .data
    candrive.o(i.CAN_Receive_DataFrame) refers to rt_memclr_w.o(.text) for __aeabi_memclr4
    candrive.o(i.CAN_Receive_DataFrame) refers to stm32f4xx_hal_can.o(i.HAL_CAN_GetRxMessage) for HAL_CAN_GetRxMessage
    candrive.o(i.CAN_Send_StdDataFrame) refers to rt_memcpy_w.o(.text) for __aeabi_memcpy4
    candrive.o(i.CAN_Send_StdDataFrame) refers to stm32f4xx_hal_can.o(i.HAL_CAN_AddTxMessage) for HAL_CAN_AddTxMessage
    candrive.o(i.CAN_Send_StdDataFrame) refers to candrive.o(.constdata) for .constdata
    candrive.o(i.CanFilter_Init) refers to stm32f4xx_hal_can.o(i.HAL_CAN_ConfigFilter) for HAL_CAN_ConfigFilter
    crc.o(i.Get_CRC16_Check_Sum) refers to crc.o(.constdata) for .constdata
    crc.o(i.Get_CRC8_Check_Sum) refers to crc.o(.constdata) for .constdata
    crc.o(i.Verify_CRC16_Check_Sum) refers to crc.o(i.Get_CRC16_Check_Sum) for Get_CRC16_Check_Sum
    crc.o(i.Verify_CRC8_Check_Sum) refers to crc.o(i.Get_CRC8_Check_Sum) for Get_CRC8_Check_Sum
    iirfilter.o(i.IIRFilterDelete) refers to h1_free.o(.text) for free
    iirfilter.o(i.IIRFilterInit) refers to h1_alloc.o(.text) for malloc
    motor.o(i.MotorSend) refers to candrive.o(i.CAN_Send_StdDataFrame) for CAN_Send_StdDataFrame
    pid.o(i.PID_Init) refers to pid.o(i.f_PID_param_init) for f_PID_param_init
    pid.o(i.PID_Init) refers to pid.o(i.f_PID_reset) for f_PID_reset
    ramp.o(i.Get_TimerTick) refers to stm32f4xx_hal.o(i.HAL_GetTick) for HAL_GetTick
    ramp.o(i.Slope) refers to ramp.o(i.Get_TimerTick) for Get_TimerTick
    remote.o(i.RemoteClear) refers to remote.o(.data) for .data
    remote.o(i.Remote_Rx) refers to remote.o(i.RemoteControlProcess) for RemoteControlProcess
    remote.o(i.Remote_Rx) refers to remote.o(i.MouseKeyControlProcess) for MouseKeyControlProcess
[...]
    i.HAL_InitTick                           0x080015e8   Section        0  stm32f4xx_hal_timebase_tim.o(i.HAL_InitTick)
    i.HAL_MspInit                            0x08001674   Section        0  stm32f4xx_hal_msp.o(i.HAL_MspInit)
    i.HAL_NVIC_EnableIRQ                     0x080016ac   Section        0  stm32f4xx_hal_cortex.o(i.HAL_NVIC_EnableIRQ)
    i.HAL_NVIC_SetPriority                   0x080016c8   Section        0  stm32f4xx_hal_cortex.o(i.HAL_NVIC_SetPriority)
    i.HAL_NVIC_SetPriorityGrouping           0x08001708   Section        0  stm32f4xx_hal_cortex.o(i.HAL_NVIC_SetPriorityGrouping)
    i.HAL_RCC_ClockConfig                    0x0800172c   Section        0  stm32f4xx_hal_rcc.o(i.HAL_RCC_ClockConfig)
    i.HAL_RCC_GetClockConfig                 0x08001860   Section        0  stm32f4xx_hal_rcc.o(i.HAL_RCC_GetClockConfig)
    i.HAL_RCC_GetPCLK1Freq                   0x080018a0   Section        0  stm32f4xx_hal_rcc.o(i.HAL_RCC_GetPCLK1Freq)
    i.HAL_RCC_GetPCLK2Freq                   0x080018c0   Section        0  stm32f4xx_hal_rcc.o(i.HAL_RCC_GetPCLK2Freq)
    i.HAL_RCC_GetSysClockFreq                0x080018e0   Section        0  stm32f4xx_hal_rcc.o(i.HAL_RCC_GetSysClockFreq)
    i.HAL_RCC_OscConfig                      0x08001944   Section        0  stm32f4xx_hal_rcc.o(i.HAL_RCC_OscConfig)
    i.HAL_TIMEx_BreakCallback                0x08001cb0   Section        0  stm32f4xx_hal_tim_ex.o(i.HAL_TIMEx_BreakCallback)
    i.HAL_TIMEx_CommutCallback               0x08001cb2   Section        0  stm32f4xx_hal_tim_ex.o(i.HAL_TIMEx_CommutCallback)
    i.HAL_TIM_Base_Init                      0x08001cb4   Section        0  stm32f4xx_hal_tim.o(i.HAL_TIM_Base_Init)
    i.HAL_TIM_Base_MspInit                   0x08001d0e   Section        0  stm32f4xx_hal_tim.o(i.HAL_TIM_Base_MspInit)
    i.HAL_TIM_Base_Start_IT                  0x08001d10   Section        0  stm32f4xx_hal_tim.o(i.HAL_TIM_Base_Start_IT)
    i.HAL_TIM_IC_CaptureCallback             0x08001d90   Section        0  stm32f4xx_hal_tim.o(i.HAL_TIM_IC_CaptureCallback)
    i.HAL_TIM_IRQHandler                     0x08001d92   Section        0  stm32f4xx_hal_tim.o(i.HAL_TIM_IRQHandler)
    i.HAL_TIM_OC_DelayElapsedCallback        0x08001ec2   Section        0  stm32f4xx_hal_tim.o(i.HAL_TIM_OC_DelayElapsedCallback)
    i.HAL_TIM_PWM_PulseFinishedCallback      0x08001ec4   Section        0  stm32f4xx_hal_tim.o(i.HAL_TIM_PWM_PulseFinishedCallback)
    i.HAL_TIM_PeriodElapsedCallback          0x08001ec8   Section        0  main.o(i.HAL_TIM_PeriodElapsedCallback)
    i.HAL_TIM_TriggerCallback                0x08001edc   Section        0  stm32f4xx_hal_tim.o(i.HAL_TIM_TriggerCallback)
    i.HAL_UARTEx_ReceiveToIdle_DMA           0x08001ede   Section        0  stm32f4xx_hal_uart.o(i.HAL_UARTEx_ReceiveToIdle_DMA)
    i.HAL_UARTEx_RxEventCallback             0x08001f2c   Section        0  dma_interface.o(i.HAL_UARTEx_RxEventCallback)
    i.HAL_UART_ErrorCallback                 0x08001fb4   Section        0  dma_interface.o(i.HAL_UART_ErrorCallback)
    i.HAL_UART_IRQHandler                    0x08001ff4   Section        0  stm32f4xx_hal_uart.o(i.HAL_UART_IRQHandler)
    i.HAL_UART_Init                          0x08002264   Section        0  stm32f4xx_hal_uart.o(i.HAL_UART_Init)
    i.HAL_UART_MspInit                       0x080022c8   Section        0  usart.o(i.HAL_UART_MspInit)
    i.HAL_UART_RxCpltCallback                0x080023b4   Section        0  stm32f4xx_hal_uart.o(i.HAL_UART_RxCpltCallback)
    i.HAL_UART_RxHalfCpltCallback            0x080023b6   Section        0  stm32f4xx_hal_uart.o(i.HAL_UART_RxHalfCpltCallback)
    i.HAL_UART_Transmit                      0x080023b8   Section        0  stm32f4xx_hal_uart.o(i.HAL_UART_Transmit)
    i.HAL_UART_TxCpltCallback                0x08002458   Section        0  stm32f4xx_hal_uart.o(i.HAL_UART_TxCpltCallback)
    i.HardFault_Handler                      0x0800245a   Section        0  stm32f4xx_it.o(i.HardFault_Handler)
    i.LED_Task                               0x0800245c   Section        0  led_task.o(i.LED_Task)
    i.M2006_Receive                          0x08002560   Section        0  motor.o(i.M2006_Receive)
    i.MX_CAN1_Init                           0x080025b0   Section        0  can.o(i.MX_CAN1_Init)
    i.MX_CAN2_Init                           0x080025f4   Section        0  can.o(i.MX_CAN2_Init)
    i.MX_DMA_Init                            0x08002638   Section        0  dma_1.o(i.MX_DMA_Init)
    i.MX_FREERTOS_Init                       0x08002674   Section        0  freertos.o(i.MX_FREERTOS_Init)
    i.MX_GPIO_Init                           0x0800269c   Section        0  gpio.o(i.MX_GPIO_Init)
    i.MX_USART2_UART_Init                    0x0800272c   Section        0  usart.o(i.MX_USART2_UART_Init)
    i.MemManage_Handler                      0x08002764   Section        0  stm32f4xx_it.o(i.MemManage_Handler)
    i.MotorSend                              0x08002766   Section        0  motor.o(i.MotorSend)
    i.NMI_Handler                            0x080027a8   Section        0  stm32f4xx_it.o(i.NMI_Handler)
    i.PID_Calculate                          0x080027ac   Section        0  pid.o(i.PID_Calculate)
    i.PID_Control_Smis                       0x080029ec   Section        0  pid.o(i.PID_Control_Smis)
    i.PID_Init                               0x08002c14   Section        0  pid.o(i.PID_Init)
    i.PID_Task                               0x08002c48   Section        0  pid_task.o(i.PID_Task)
    i.RAMP_self                              0x08003460   Section        0  pid_task.o(i.RAMP_self)
    i.RM3508_Receive                         0x080034b8   Section        0  motor.o(i.RM3508_Receive)
    i.StartDefaultTask                       0x08003578   Section        0  freertos.o(i.StartDefaultTask)
    i.SysTick_Handler                        0x0800358c   Section        0  port.o(i.SysTick_Handler)
    i.SystemClock_Config                     0x080035b8   Section        0  main.o(i.SystemClock_Config)
    i.SystemInit                             0x08003650   Section        0  system_stm32f4xx.o(i.SystemInit)
    i.TIM1_UP_TIM10_IRQHandler               0x08003660   Section        0  stm32f4xx_it.o(i.TIM1_UP_TIM10_IRQHandler)
    i.TIM_Base_SetConfig                     0x0800366c   Section        0  stm32f4xx_hal_tim.o(i.TIM_Base_SetConfig)
    i.UART_DMAAbortOnError                   0x08003744   Section        0  stm32f4xx_hal_uart.o(i.UART_DMAAbortOnError)
    UART_DMAAbortOnError                     0x08003745   Thumb Code    16  stm32f4xx_hal_uart.o(i.UART_DMAAbortOnError)
    i.UART_DMAError                          0x08003754   Section        0  stm32f4xx_hal_uart.o(i.UART_DMAError)
    UART_DMAError                            0x08003755   Thumb Code    74  stm32f4xx_hal_uart.o(i.UART_DMAError)
    i.UART_DMAReceiveCplt                    0x0800379e   Section        0  stm32f4xx_hal_uart.o(i.UART_DMAReceiveCplt)
    UART_DMAReceiveCplt                      0x0800379f   Thumb Code   134  stm32f4xx_hal_uart.o(i.UART_DMAReceiveCplt)
    i.UART_DMARxHalfCplt                     0x08003824   Section        0  stm32f4xx_hal_uart.o(i.UART_DMARxHalfCplt)
    UART_DMARxHalfCplt                       0x08003825   Thumb Code    30  stm32f4xx_hal_uart.o(i.UART_DMARxHalfCplt)
    i.UART_EndRxTransfer                     0x08003842   Section        0  stm32f4xx_hal_uart.o(i.UART_EndRxTransfer)
    UART_EndRxTransfer                       0x08003843   Thumb Code    78  stm32f4xx_hal_uart.o(i.UART_EndRxTransfer)
    i.UART_EndTxTransfer                     0x08003890   Section        0  stm32f4xx_hal_uart.o(i.UART_EndTxTransfer)
    UART_EndTxTransfer                       0x08003891   Thumb Code    28  stm32f4xx_hal_uart.o(i.UART_EndTxTransfer)
    i.UART_Receive_IT                        0x080038ac   Section        0  stm32f4xx_hal_uart.o(i.UART_Receive_IT)
    UART_Receive_IT                          0x080038ad   Thumb Code   194  stm32f4xx_hal_uart.o(i.UART_Receive_IT)
    i.UART_SetConfig                         0x08003970   Section        0  stm32f4xx_hal_uart.o(i.UART_SetConfig)
    UART_SetConfig                           0x08003971   Thumb Code   258  stm32f4xx_hal_uart.o(i.UART_SetConfig)
    i.UART_Start_Receive_DMA                 0x08003a7c   Section        0  stm32f4xx_hal_uart.o(i.UART_Start_Receive_DMA)
    i.UART_WaitOnFlagUntilTimeout            0x08003b0c   Section        0  stm32f4xx_hal_uart.o(i.UART_WaitOnFlagUntilTimeout)
    UART_WaitOnFlagUntilTimeout              0x08003b0d   Thumb Code   114  stm32f4xx_hal_uart.o(i.UART_WaitOnFlagUntilTimeout)
    i.USART2_IRQHandler                      0x08003b80   Section        0  stm32f4xx_it.o(i.USART2_IRQHandler)
    i.UsageFault_Handler                     0x08003b8c   Section        0  stm32f4xx_it.o(i.UsageFault_Handler)
    i.__NVIC_SetPriority                     0x08003b8e   Section        0  stm32f4xx_hal_cortex.o(i.__NVIC_SetPriority)
    __NVIC_SetPriority                       0x08003b8f   Thumb Code    32  stm32f4xx_hal_cortex.o(i.__NVIC_SetPriority)
    i._sys_exit                              0x08003bae   Section        0  stm32f4xx_it.o(i._sys_exit)
    i.f_PID_param_init                       0x08003bb0   Section        0  pid.o(i.f_PID_param_init)
    f_PID_param_init                         0x08003bb1   Thumb Code    72  pid.o(i.f_PID_param_init)
    i.f_PID_reset                            0x08003bfc   Section        0  pid.o(i.f_PID_reset)
    f_PID_reset                              0x08003bfd   Thumb Code    24  pid.o(i.f_PID_reset)
    i.main                                   0x08003c18   Section        0  main.o(i.main)
    i.makeFreeRtosPriority                   0x08003c60   Section        0  cmsis_os.o(i.makeFreeRtosPriority)
    makeFreeRtosPriority                     0x08003c61   Thumb Code    12  cmsis_os.o(i.makeFreeRtosPriority)
    i.osDelay                                0x08003c6c   Section        0  cmsis_os.o(i.osDelay)
    i.osKernelStart                          0x08003c7a   Section        0  cmsis_os.o(i.osKernelStart)
    i.osThreadCreate                         0x08003c84   Section        0  cmsis_os.o(i.osThreadCreate)
    i.prvAddCurrentTaskToDelayedList         0x08003cd8   Section        0  tasks.o(i.prvAddCurrentTaskToDelayedList)
    prvAddCurrentTaskToDelayedList           0x08003cd9   Thumb Code   102  tasks.o(i.prvAddCurrentTaskToDelayedList)
    i.prvAddNewTaskToReadyList               0x08003d48   Section        0  tasks.o(i.prvAddNewTaskToReadyList)
    prvAddNewTaskToReadyList                 0x08003d49   Thumb Code   194  tasks.o(i.prvAddNewTaskToReadyList)
    i.prvDeleteTCB                           0x08003e18   Section        0  tasks.o(i.prvDeleteTCB)
    prvDeleteTCB                             0x08003e19   Thumb Code    52  tasks.o(i.prvDeleteTCB)
    i.prvHeapInit                            0x08003e4c   Section        0  heap_4.o(i.prvHeapInit)
    prvHeapInit                              0x08003e4d   Thumb Code    66  heap_4.o(i.prvHeapInit)
    i.prvIdleTask                            0x08003e98   Section        0  tasks.o(i.prvIdleTask)
    prvIdleTask                              0x08003e99   Thumb Code    82  tasks.o(i.prvIdleTask)
    i.prvInitialiseNewTask                   0x08003ef8   Section        0  tasks.o(i.prvInitialiseNewTask)
    prvInitialiseNewTask                     0x08003ef9   Thumb Code   152  tasks.o(i.prvInitialiseNewTask)
    i.prvInsertBlockIntoFreeList             0x08003f90   Section        0  heap_4.o(i.prvInsertBlockIntoFreeList)
    prvInsertBlockIntoFreeList               0x08003f91   Thumb Code    72  heap_4.o(i.prvInsertBlockIntoFreeList)
    i.prvResetNextTaskUnblockTime            0x08003fdc   Section        0  tasks.o(i.prvResetNextTaskUnblockTime)
    prvResetNextTaskUnblockTime              0x08003fdd   Thumb Code    26  tasks.o(i.prvResetNextTaskUnblockTime)
    i.prvTaskExitError                       0x08003ffc   Section        0  port.o(i.prvTaskExitError)
    prvTaskExitError                         0x08003ffd   Thumb Code    36  port.o(i.prvTaskExitError)
    i.pvPortMalloc                           0x08004024   Section        0  heap_4.o(i.pvPortMalloc)
    i.pxPortInitialiseStack                  0x08004100   Section        0  port.o(i.pxPortInitialiseStack)
    i.taskInit                               0x0800412c   Section        0  task_init.o(i.taskInit)
    i.uxListRemove                           0x080041bc   Section        0  list.o(i.uxListRemove)
    i.vApplicationGetIdleTaskMemory          0x080041e4   Section        0  freertos.o(i.vApplicationGetIdleTaskMemory)
    i.vListInitialise                        0x080041f8   Section        0  list.o(i.vListInitialise)
    i.vListInitialiseItem                    0x0800420e   Section        0  list.o(i.vListInitialiseItem)
    i.vListInsert                            0x08004214   Section        0  list.o(i.vListInsert)
    i.vListInsertEnd                         0x08004244   Section        0  list.o(i.vListInsertEnd)
    i.vPortEnterCritical                     0x0800425c   Section        0  port.o(i.vPortEnterCritical)
    i.vPortExitCritical                      0x0800429c   Section        0  port.o(i.vPortExitCritical)
    i.vPortFree                              0x080042c4   Section        0  heap_4.o(i.vPortFree)
    i.vPortSetupTimerInterrupt               0x08004328   Section        0  port.o(i.vPortSetupTimerInterrupt)
    i.vTaskDelay                             0x0800434c   Section        0  tasks.o(i.vTaskDelay)
    i.vTaskDelete                            0x08004398   Section        0  tasks.o(i.vTaskDelete)
    i.vTaskStartScheduler                    0x08004444   Section        0  tasks.o(i.vTaskStartScheduler)
    i.vTaskSuspendAll                        0x080044b0   Section        0  tasks.o(i.vTaskSuspendAll)
    i.vTaskSwitchContext                     0x080044c0   Section        0  tasks.o(i.vTaskSwitchContext)
    i.xPortStartScheduler                    0x0800451c   Section        0  port.o(i.xPortStartScheduler)
    i.xTaskCreate                            0x08004610   Section        0  tasks.o(i.xTaskCreate)
    i.xTaskCreateStatic                      0x0800466a   Section        0  tasks.o(i.xTaskCreateStatic)
    i.xTaskGetTickCount                      0x080046c0   Section        0  tasks.o(i.xTaskGetTickCount)
    i.xTaskIncrementTick                     0x080046cc   Section        0  tasks.o(i.xTaskIncrementTick)
    i.xTaskResumeAll                         0x08004798   Section        0  tasks.o(i.xTaskResumeAll)
    x$fpl$fpinit                             0x0800485c   Section       10  fpinit.o(x$fpl$fpinit)
    $v0                                      0x0800485c   Number         0  fpinit.o(x$fpl$fpinit)
    .constdata                               0x08004868   Section       24  candrive.o(.constdata)
    .constdata                               0x08004880   Section       28  freertos.o(.constdata)
    .constdata                               0x0800489c   Section        8  stm32f4xx_hal_dma.o(.constdata)
    flagBitshiftOffset                       0x0800489c   Data           8  stm32f4xx_hal_dma.o(.constdata)
    .constdata                               0x080048a4   Section       16  system_stm32f4xx.o(.constdata)
    .constdata                               0x080048b4   Section        8  system_stm32f4xx.o(.constdata)
    .conststring                             0x080048bc   Section       12  freertos.o(.conststring)
    .data                                    0x20000000   Section       52  pid_task.o(.data)
    .data                                    0x20000034   Section        4  pid_task.o(.data)
    .data                                    0x20000038   Section        3  led_task.o(.data)
    .data                                    0x2000003c   Section        4  led_task.o(.data)
    .data                                    0x20000040   Section        8  candrive.o(.data)
    .data                                    0x20000048   Section        8  candrive.o(.data)
    .data                                    0x20000050   Section        4  freertos.o(.data)
    .data                                    0x20000054   Section        4  can.o(.data)
    HAL_RCC_CAN1_CLK_ENABLED                 0x20000054   Data           4  can.o(.data)
    .data                                    0x20000058   Section       12  stm32f4xx_hal.o(.data)
    .data                                    0x20000064   Section        4  system_stm32f4xx.o(.data)
    .data                                    0x20000068   Section       60  tasks.o(.data)
    uxDeletedTasksWaitingCleanUp             0x2000006c   Data           4  tasks.o(.data)
    uxCurrentNumberOfTasks                   0x20000070   Data           4  tasks.o(.data)
    xTickCount                               0x20000074   Data           4  tasks.o(.data)
    uxTopReadyPriority                       0x20000078   Data           4  tasks.o(.data)
    xSchedulerRunning                        0x2000007c   Data           4  tasks.o(.data)
    xPendedTicks                             0x20000080   Data           4  tasks.o(.data)
    xYieldPending                            0x20000084   Data           4  tasks.o(.data)
    xNumOfOverflows                          0x20000088   Data           4  tasks.o(.data)
    uxTaskNumber                             0x2000008c   Data           4  tasks.o(.data)
    xNextTaskUnblockTime                     0x20000090   Data           4  tasks.o(.data)
    xIdleTaskHandle                          0x20000094   Data           4  tasks.o(.data)
    uxSchedulerSuspended                     0x20000098   Data           4  tasks.o(.data)
    pxDelayedTaskList                        0x2000009c   Data           4  tasks.o(.data)
    pxOverflowDelayedTaskList                0x200000a0   Data           4  tasks.o(.data)
    .data                                    0x200000a4   Section       32  heap_4.o(.data)
    pxEnd                                    0x200000a4   Data           4  heap_4.o(.data)
    xFreeBytesRemaining                      0x200000a8   Data           4  heap_4.o(.data)
    xMinimumEverFreeBytesRemaining           0x200000ac   Data           4  heap_4.o(.data)
    xNumberOfSuccessfulAllocations           0x200000b0   Data           4  heap_4.o(.data)
    xNumberOfSuccessfulFrees                 0x200000b4   Data           4  heap_4.o(.data)
    xBlockAllocatedBit                       0x200000b8   Data           4  heap_4.o(.data)
    xStart                                   0x200000bc   Data           8  heap_4.o(.data)
    .data                                    0x200000c4   Section       12  port.o(.data)
    ucMaxSysCallPriority                     0x200000c4   Data           1  port.o(.data)
    uxCriticalNesting                        0x200000c8   Data           4  port.o(.data)
    ulMaxPRIGROUPValue                       0x200000cc   Data           4  port.o(.data)
    .bss                                     0x200000d0   Section     2496  pid_task.o(.bss)
    .bss                                     0x20000a90   Section      100  dma_interface.o(.bss)
    .bss                                     0x20000af4   Section      596  freertos.o(.bss)
    xIdleTaskTCBBuffer                       0x20000af4   Data          84  freertos.o(.bss)
    xIdleStack                               0x20000b48   Data         512  freertos.o(.bss)
    .bss                                     0x20000d48   Section       80  can.o(.bss)
    .bss                                     0x20000d98   Section      264  usart.o(.bss)
    .bss                                     0x20000ea0   Section       72  stm32f4xx_hal_timebase_tim.o(.bss)
    .bss                                     0x20000ee8   Section      240  tasks.o(.bss)
    pxReadyTasksLists                        0x20000ee8   Data         140  tasks.o(.bss)
    xDelayedTaskList1                        0x20000f74   Data          20  tasks.o(.bss)
    xDelayedTaskList2                        0x20000f88   Data          20  tasks.o(.bss)
    xPendingReadyList                        0x20000f9c   Data          20  tasks.o(.bss)
    xTasksWaitingTermination                 0x20000fb0   Data          20  tasks.o(.bss)
    xSuspendedTaskList                       0x20000fc4   Data          20  tasks.o(.bss)
    .bss                                     0x20000fd8   Section    15360  heap_4.o(.bss)
    ucHeap                                   0x20000fd8   Data       15360  heap_4.o(.bss)
    .bss                                     0x20004bd8   Section       96  libspace.o(.bss)
    HEAP                                     0x20004c38   Section      512  startup_stm32f407xx.o(HEAP)
    Heap_Mem                                 0x20004c38   Data         512  startup_stm32f407xx.o(HEAP)
    STACK                                    0x20004e38   Section     1024  startup_stm32f407xx.o(STACK)
    Stack_Mem                                0x20004e38   Data        1024  startup_stm32f407xx.o(STACK)
    __initial_sp                             0x20005238   Data           0  startup_stm32f407xx.o(STACK)

    Global Symbols

    Symbol Name                              Value     Ov Type        Size  Object(Section)

    BuildAttributes$$THM_ISAv4$E$P$D$K$B$S$7EM$VFPi3$EXTD16$VFPS$VFMA$PE$A:L22UL41UL21$X:L11$S22US41US21$IEEE1$IW$USESV6$~STKCKD$USESV7$~SHL$OTIME$ROPI$EBA8$UX$STANDARDLIB$REQ8$PRES8$EABIv2 0x00000000   Number         0  anon$$obj.o ABSOLUTE
    __ARM_use_no_argv                        0x00000000   Number         0  main.o ABSOLUTE
    __ARM_exceptions_init                     - Undefined Weak Reference
    __alloca_initialize                       - Undefined Weak Reference
    __arm_fini_                               - Undefined Weak Reference
    __arm_preinit_                            - Undefined Weak Reference
    __cpp_initialize__aeabi_                  - Undefined Weak Reference
    __cxa_finalize                            - Undefined Weak Reference
    __rt_locale                               - Undefined Weak Reference
    __sigvec_lookup                           - Undefined Weak Reference
    __user_heap_extent                        - Undefined Weak Reference
    _atexit_init                              - Undefined Weak Reference
    _call_atexit_fns                          - Undefined Weak Reference
    _clock_init                               - Undefined Weak Reference
    _fp_trap_init                             - Undefined Weak Reference
    _fp_trap_shutdown                         - Undefined Weak Reference
    _get_lc_collate                           - Undefined Weak Reference
    _get_lc_ctype                             - Undefined Weak Reference
    _get_lc_monetary                          - Undefined Weak Reference
    _get_lc_numeric                           - Undefined Weak Reference
    _get_lc_time                              - Undefined Weak Reference
    _getenv_init                              - Undefined Weak Reference
    _handle_redirection                       - Undefined Weak Reference
    _initio                                   - Undefined Weak Reference
    _mutex_acquire                            - Undefined Weak Reference
    _mutex_free                               - Undefined Weak Reference
    _mutex_release                            - Undefined Weak Reference
    _rand_init                                - Undefined Weak Reference
    _signal_finish                            - Undefined Weak Reference
    _signal_init                              - Undefined Weak Reference
    _terminateio                              - Undefined Weak Reference
    __Vectors_Size                           0x00000188   Number         0  startup_stm32f407xx.o ABSOLUTE
    __Vectors                                0x08000000   Data           4  startup_stm32f407xx.o(RESET)
    __Vectors_End                            0x08000188   Data           0  startup_stm32f407xx.o(RESET)
    __main                                   0x08000189   Thumb Code     8  __main.o(!!!main)
    __scatterload                            0x08000191   Thumb Code     0  __scatter.o(!!!scatter)
    __scatterload_rt2                        0x08000191   Thumb Code    44  __scatter.o(!!!scatter)
    __scatterload_rt2_thumb_only             0x08000191   Thumb Code     0  __scatter.o(!!!scatter)
    __scatterload_null                       0x0800019f   Thumb Code     0  __scatter.o(!!!scatter)
    __scatterload_copy                       0x080001c5   Thumb Code    26  __scatter_copy.o(!!handler_copy)
    __scatterload_zeroinit                   0x080001e1   Thumb Code    28  __scatter_zi.o(!!handler_zi)
    __rt_lib_init                            0x080001fd   Thumb Code     0  libinit.o(.ARM.Collect$$libinit$$00000000)
    __rt_lib_init_fp_1                       0x080001ff   Thumb Code     0  libinit2.o(.ARM.Collect$$libinit$$00000001)
    __rt_lib_init_alloca_1                   0x08000203   Thumb Code     0  libinit2.o(.ARM.Collect$$libinit$$0000002E)
    __rt_lib_init_argv_1                     0x08000203   Thumb Code     0  libinit2.o(.ARM.Collect$$libinit$$0000002C)
    __rt_lib_init_atexit_1                   0x08000203   Thumb Code     0  libinit2.o(.ARM.Collect$$libinit$$0000001B)
    __rt_lib_init_clock_1                    0x08000203   Thumb Code     0  libinit2.o(.ARM.Collect$$libinit$$00000021)
    __rt_lib_init_cpp_1                      0x08000203   Thumb Code     0  libinit2.o(.ARM.Collect$$libinit$$00000032)
    __rt_lib_init_exceptions_1               0x08000203   Thumb Code     0  libinit2.o(.ARM.Collect$$libinit$$00000030)
    __rt_lib_init_fp_trap_1                  0x08000203   Thumb Code     0  libinit2.o(.ARM.Collect$$libinit$$0000001F)
    __rt_lib_init_getenv_1                   0x08000203   Thumb Code     0  libinit2.o(.ARM.Collect$$libinit$$00000023)
    __rt_lib_init_heap_1                     0x08000203   Thumb Code     0  libinit2.o(.ARM.Collect$$libinit$$0000000A)
    __rt_lib_init_lc_collate_1               0x08000203   Thumb Code     0  libinit2.o(.ARM.Collect$$libinit$$00000011)
    __rt_lib_init_lc_ctype_1                 0x08000203   Thumb Code     0  libinit2.o(.ARM.Collect$$libinit$$00000013)
    __rt_lib_init_lc_monetary_1              0x08000203   Thumb Code     0  libinit2.o(.ARM.Collect$$libinit$$00000015)
    __rt_lib_init_lc_numeric_1               0x08000203   Thumb Code     0  libinit2.o(.ARM.Collect$$libinit$$00000017)
    __rt_lib_init_lc_time_1                  0x08000203   Thumb Code     0  libinit2.o(.ARM.Collect$$libinit$$00000019)
    __rt_lib_init_preinit_1                  0x08000203   Thumb Code     0  libinit2.o(.ARM.Collect$$libinit$$00000004)
    __rt_lib_init_rand_1                     0x08000203   Thumb Code     0  libinit2.o(.ARM.Collect$$libinit$$0000000E)
    __rt_lib_init_return                     0x08000203   Thumb Code     0  libinit2.o(.ARM.Collect$$libinit$$00000033)
    __rt_lib_init_signal_1                   0x08000203   Thumb Code     0  libinit2.o(.ARM.Collect$$libinit$$0000001D)
    __rt_lib_init_stdio_1                    0x08000203   Thumb Code     0  libinit2.o(.ARM.Collect$$libinit$$00000025)
    __rt_lib_init_user_alloc_1               0x08000203   Thumb Code     0  libinit2.o(.ARM.Collect$$libinit$$0000000C)
    __rt_lib_shutdown                        0x08000205   Thumb Code     0  libshutdown.o(.ARM.Collect$$libshutdown$$00000000)
    __rt_lib_shutdown_cpp_1                  0x08000207   Thumb Code     0  libshutdown2.o(.ARM.Collect$$libshutdown$$00000004)
    __rt_lib_shutdown_fini_1                 0x08000207   Thumb Code     0  libshutdown2.o(.ARM.Collect$$libshutdown$$00000002)
    __rt_lib_shutdown_fp_trap_1              0x08000207   Thumb Code     0  libshutdown2.o(.ARM.Collect$$libshutdown$$00000009)
    __rt_lib_shutdown_heap_1                 0x08000207   Thumb Code     0  libshutdown2.o(.ARM.Collect$$libshutdown$$00000011)
    __rt_lib_shutdown_return                 0x08000207   Thumb Code     0  libshutdown2.o(.ARM.Collect$$libshutdown$$00000012)
    __rt_lib_shutdown_signal_1               0x08000207   Thumb Code     0  libshutdown2.o(.ARM.Collect$$libshutdown$$0000000C)
    __rt_lib_shutdown_stdio_1                0x08000207   Thumb Code     0  libshutdown2.o(.ARM.Collect$$libshutdown$$00000006)
    __rt_lib_shutdown_user_alloc_1           0x08000207   Thumb Code     0  libshutdown2.o(.ARM.Collect$$libshutdown$$0000000E)
    __rt_entry                               0x08000209   Thumb Code     0  __rtentry.o(.ARM.Collect$$rtentry$$00000000)
    __rt_entry_presh_1                       0x08000209   Thumb Code     0  __rtentry2.o(.ARM.Collect$$rtentry$$00000002)
    __rt_entry_sh                            0x08000209   Thumb Code     0  __rtentry4.o(.ARM.Collect$$rtentry$$00000004)
    __rt_entry_li                            0x0800020f   Thumb Code     0  __rtentry2.o(.ARM.Collect$$rtentry$$0000000A)
    __rt_entry_postsh_1                      0x0800020f   Thumb Code     0  __rtentry2.o(.ARM.Collect$$rtentry$$00000009)
    __rt_entry_main                          0x08000213   Thumb Code     0  __rtentry2.o(.ARM.Collect$$rtentry$$0000000D)
    __rt_entry_postli_1                      0x08000213   Thumb Code     0  __rtentry2.o(.ARM.Collect$$rtentry$$0000000C)
    __rt_exit                                0x0800021b   Thumb Code     0  rtexit.o(.ARM.Collect$$rtexit$$00000000)
    __rt_exit_ls                             0x0800021d   Thumb Code     0  rtexit2.o(.ARM.Collect$$rtexit$$00000003)
    __rt_exit_prels_1                        0x0800021d   Thumb Code     0  rtexit2.o(.ARM.Collect$$rtexit$$00000002)
    __rt_exit_exit                           0x08000221   Thumb Code     0  rtexit2.o(.ARM.Collect$$rtexit$$00000004)
    SVC_Handler                              0x08000229   Thumb Code    28  port.o(.emb_text)
    __asm___6_port_c_39a90d8d__prvStartFirstTask 0x08000249   Thumb Code    36  port.o(.emb_text)
    __asm___6_port_c_39a90d8d__prvEnableVFP  0x08000271   Thumb Code    16  port.o(.emb_text)
    PendSV_Handler                           0x08000285   Thumb Code    88  port.o(.emb_text)
    vPortGetIPSR                             0x080002e1   Thumb Code     6  port.o(.emb_text)
    Reset_Handler                            0x080002e9   Thumb Code     8  startup_stm32f407xx.o(.text)
    ADC_IRQHandler                           0x08000303   Thumb Code     0  startup_stm32f407xx.o(.text)
    CAN1_RX1_IRQHandler                      0x08000303   Thumb Code     0  startup_stm32f407xx.o(.text)
    CAN1_SCE_IRQHandler                      0x08000303   Thumb Code     0  startup_stm32f407xx.o(.text)
    CAN2_RX0_IRQHandler                      0x08000303   Thumb Code     0  startup_stm32f407xx.o(.text)
    CAN2_SCE_IRQHandler                      0x08000303   Thumb Code     0  startup_stm32f407xx.o(.text)
    DCMI_IRQHandler                          0x08000303   Thumb Code     0  startup_stm32f407xx.o(.text)
    DMA1_Stream0_IRQHandler                  0x08000303   Thumb Code     0  startup_stm32f407xx.o(.text)
    DMA1_Stream1_IRQHandler                  0x08000303   Thumb Code     0  startup_stm32f407xx.o(.text)
    DMA1_Stream2_IRQHandler                  0x08000303   Thumb Code     0  startup_stm32f407xx.o(.text)
    DMA1_Stream3_IRQHandler                  0x08000303   Thumb Code     0  startup_stm32f407xx.o(.text)
    DMA1_Stream4_IRQHandler                  0x08000303   Thumb Code     0  startup_stm32f407xx.o(.text)
    DMA1_Stream7_IRQHandler                  0x08000303   Thumb Code     0  startup_stm32f407xx.o(.text)
    DMA2_Stream0_IRQHandler                  0x08000303   Thumb Code     0  startup_stm32f407xx.o(.text)
    DMA2_Stream1_IRQHandler                  0x08000303   Thumb Code     0  startup_stm32f407xx.o(.text)
    DMA2_Stream2_IRQHandler                  0x08000303   Thumb Code     0  startup_stm32f407xx.o(.text)
    DMA2_Stream3_IRQHandler                  0x08000303   Thumb Code     0  startup_stm32f407xx.o(.text)
    DMA2_Stream4_IRQHandler                  0x08000303   Thumb Code     0  startup_stm32f407xx.o(.text)
    DMA2_Stream5_IRQHandler                  0x08000303   Thumb Code     0  startup_stm32f407xx.o(.text)
    DMA2_Stream6_IRQHandler                  0x08000303   Thumb Code     0  startup_stm32f407xx.o(.text)
    DMA2_Stream7_IRQHandler                  0x08000303   Thumb Code     0  startup_stm32f407xx.o(.text)
    ETH_IRQHandler                           0x08000303   Thumb Code     0  startup_stm32f407xx.o(.text)
    ETH_WKUP_IRQHandler                      0x08000303   Thumb Code     0  startup_stm32f407xx.o(.text)
    EXTI0_IRQHandler                         0x08000303   Thumb Code     0  startup_stm32f407xx.o(.text)
    EXTI15_10_IRQHandler                     0x08000303   Thumb Code     0  startup_stm32f407xx.o(.text)
    EXTI1_IRQHandler                         0x08000303   Thumb Code     0  startup_stm32f407xx.o(.text)
    EXTI2_IRQHandler                         0x08000303   Thumb Code     0  startup_stm32f407xx.o(.text)
    EXTI3_IRQHandler                         0x08000303   Thumb Code     0  startup_stm32f407xx.o(.text)
    EXTI4_IRQHandler                         0x08000303   Thumb Code     0  startup_stm32f407xx.o(.text)
    EXTI9_5_IRQHandler                       0x08000303   Thumb Code     0  startup_stm32f407xx.o(.text)
    FLASH_IRQHandler                         0x08000303   Thumb Code     0  startup_stm32f407xx.o(.text)
    FMC_IRQHandler                           0x08000303   Thumb Code     0  startup_stm32f407xx.o(.text)
    FPU_IRQHandler                           0x08000303   Thumb Code     0  startup_stm32f407xx.o(.text)
    HASH_RNG_IRQHandler                      0x08000303   Thumb Code     0  startup_stm32f407xx.o(.text)
    I2C1_ER_IRQHandler                       0x08000303   Thumb Code     0  startup_stm32f407xx.o(.text)
    I2C1_EV_IRQHandler                       0x08000303   Thumb Code     0  startup_stm32f407xx.o(.text)
    I2C2_ER_IRQHandler                       0x08000303   Thumb Code     0  startup_stm32f407xx.o(.text)
    I2C2_EV_IRQHandler                       0x08000303   Thumb Code     0  startup_stm32f407xx.o(.text)
    I2C3_ER_IRQHandler                       0x08000303   Thumb Code     0  startup_stm32f407xx.o(.text)
    I2C3_EV_IRQHandler                       0x08000303   Thumb Code     0  startup_stm32f407xx.o(.text)
    OTG_FS_IRQHandler                        0x08000303   Thumb Code     0  startup_stm32f407xx.o(.text)
    OTG_FS_WKUP_IRQHandler                   0x08000303   Thumb Code     0  startup_stm32f407xx.o(.text)
    OTG_HS_EP1_IN_IRQHandler                 0x08000303   Thumb Code     0  startup_stm32f407xx.o(.text)
    OTG_HS_EP1_OUT_IRQHandler                0x08000303   Thumb Code     0  startup_stm32f407xx.o(.text)
    OTG_HS_IRQHandler                        0x08000303   Thumb Code     0  startup_stm32f407xx.o(.text)
    OTG_HS_WKUP_IRQHandler                   0x08000303   Thumb Code     0  startup_stm32f407xx.o(.text)
    PVD_IRQHandler                           0x08000303   Thumb Code     0  startup_stm32f407xx.o(.text)
    RCC_IRQHandler                           0x08000303   Thumb Code     0  startup_stm32f407xx.o(.text)
    RTC_Alarm_IRQHandler                     0x08000303   Thumb Code     0  startup_stm32f407xx.o(.text)
    RTC_WKUP_IRQHandler                      0x08000303   Thumb Code     0  startup_stm32f407xx.o(.text)
    SDIO_IRQHandler                          0x08000303   Thumb Code     0  startup_stm32f407xx.o(.text)
    SPI1_IRQHandler                          0x08000303   Thumb Code     0  startup_stm32f407xx.o(.text)
    SPI2_IRQHandler                          0x08000303   Thumb Code     0  startup_stm32f407xx.o(.text)
    SPI3_IRQHandler                          0x08000303   Thumb Code     0  startup_stm32f407xx.o(.text)
    TAMP_STAMP_IRQHandler                    0x08000303   Thumb Code     0  startup_stm32f407xx.o(.text)
    TIM1_BRK_TIM9_IRQHandler                 0x08000303   Thumb Code     0  startup_stm32f407xx.o(.text)
    TIM1_CC_IRQHandler                       0x08000303   Thumb Code     0  startup_stm32f407xx.o(.text)
    TIM1_TRG_COM_TIM11_IRQHandler            0x08000303   Thumb Code     0  startup_stm32f407xx.o(.text)
    TIM2_IRQHandler                          0x08000303   Thumb Code     0  startup_stm32f407xx.o(.text)
    TIM3_IRQHandler                          0x08000303   Thumb Code     0  startup_stm32f407xx.o(.text)
    TIM4_IRQHandler                          0x08000303   Thumb Code     0  startup_stm32f407xx.o(.text)
    TIM5_IRQHandler                          0x08000303   Thumb Code     0  startup_stm32f407xx.o(.text)
    TIM6_DAC_IRQHandler                      0x08000303   Thumb Code     0  startup_stm32f407xx.o(.text)
    TIM7_IRQHandler                          0x08000303   Thumb Code     0  startup_stm32f407xx.o(.text)
    TIM8_BRK_TIM12_IRQHandler                0x08000303   Thumb Code     0  startup_stm32f407xx.o(.text)
    TIM8_CC_IRQHandler                       0x08000303   Thumb Code     0  startup_stm32f407xx.o(.text)
    TIM8_TRG_COM_TIM14_IRQHandler            0x08000303   Thumb Code     0  startup_stm32f407xx.o(.text)
    TIM8_UP_TIM13_IRQHandler                 0x08000303   Thumb Code     0  startup_stm32f407xx.o(.text)
    UART4_IRQHandler                         0x08000303   Thumb Code     0  startup_stm32f407xx.o(.text)
    UART5_IRQHandler                         0x08000303   Thumb Code     0  startup_stm32f407xx.o(.text)
    USART1_IRQHandler                        0x08000303   Thumb Code     0  startup_stm32f407xx.o(.text)
    USART3_IRQHandler                        0x08000303   Thumb Code     0  startup_stm32f407xx.o(.text)
    USART6_IRQHandler                        0x08000303   Thumb Code     0  startup_stm32f407xx.o(.text)
    WWDG_IRQHandler                          0x08000303   Thumb Code     0  startup_stm32f407xx.o(.text)
    __user_initial_stackheap                 0x08000305   Thumb Code     0  startup_stm32f407xx.o(.text)
    __use_no_semihosting                     0x08000329   Thumb Code     2  use_no_semi_2.o(.text)
    __aeabi_uldivmod                         0x0800032b   Thumb Code     0  lludivv7m.o(.text)
    _ll_udiv                                 0x0800032b   Thumb Code   238  lludivv7m.o(.text)
    __aeabi_memcpy4                          0x08000419   Thumb Code     0  rt_memcpy_w.o(.text)
    __aeabi_memcpy8                          0x08000419   Thumb Code     0  rt_memcpy_w.o(.text)
    __rt_memcpy_w                            0x08000419   Thumb Code   100  rt_memcpy_w.o(.text)
    _memcpy_lastbytes_aligned                0x08000461   Thumb Code     0  rt_memcpy_w.o(.text)
    __aeabi_memclr                           0x0800047d   Thumb Code     0  rt_memclr.o(.text)
    __rt_memclr                              0x0800047d   Thumb Code    68  rt_memclr.o(.text)
    _memset                                  0x08000481   Thumb Code     0  rt_memclr.o(.text)
    __aeabi_memclr4                          0x080004c1   Thumb Code     0  rt_memclr_w.o(.text)
    __aeabi_memclr8                          0x080004c1   Thumb Code     0  rt_memclr_w.o(.text)
    __rt_memclr_w                            0x080004c1   Thumb Code    78  rt_memclr_w.o(.text)
    _memset_w                                0x080004c5   Thumb Code     0  rt_memclr_w.o(.text)
    __use_two_region_memory                  0x0800050f   Thumb Code     2  heapauxi.o(.text)
    __rt_heap_escrow                         0x08000511   Thumb Code     2  heapauxi.o(.text)
    __rt_heap_expand                         0x08000513   Thumb Code     2  heapauxi.o(.text)
    __I$use$semihosting                      0x08000515   Thumb Code     0  use_no_semi.o(.text)
    __use_no_semihosting_swi                 0x08000515   Thumb Code     2  use_no_semi.o(.text)
    __user_libspace                          0x08000519   Thumb Code     8  libspace.o(.text)
    __user_perproc_libspace                  0x08000519   Thumb Code     0  libspace.o(.text)
    __user_perthread_libspace                0x08000519   Thumb Code     0  libspace.o(.text)
    __user_setup_stackheap                   0x08000521   Thumb Code    74  sys_stackheap_outer.o(.text)
    exit                                     0x0800056b   Thumb Code    18  exit.o(.text)
    BusFault_Handler                         0x0800057d   Thumb Code     2  stm32f4xx_it.o(i.BusFault_Handler)
    CAN1_RX0_IRQHandler                      0x08000581   Thumb Code     6  stm32f4xx_it.o(i.CAN1_RX0_IRQHandler)
    CAN1_TX_IRQHandler                       0x0800058d   Thumb Code     6  stm32f4xx_it.o(i.CAN1_TX_IRQHandler)
    CAN2_RX1_IRQHandler                      0x08000599   Thumb Code     6  stm32f4xx_it.o(i.CAN2_RX1_IRQHandler)
    CAN2_TX_IRQHandler                       0x080005a5   Thumb Code     6  stm32f4xx_it.o(i.CAN2_TX_IRQHandler)
    CAN_Receive_DataFrame                    0x080005b1   Thumb Code    54  candrive.o(i.CAN_Receive_DataFrame)
    CAN_Send_StdDataFrame                    0x080005ed   Thumb Code    42  candrive.o(i.CAN_Send_StdDataFrame)
    CanFilter_Init                           0x0800061d   Thumb Code    60  candrive.o(i.CanFilter_Init)
    DMA1_Stream5_IRQHandler                  0x08000661   Thumb Code     6  stm32f4xx_it.o(i.DMA1_Stream5_IRQHandler)
    DMA1_Stream6_IRQHandler                  0x0800066d   Thumb Code     6  stm32f4xx_it.o(i.DMA1_Stream6_IRQHandler)
    DebugMon_Handler                         0x0800071d   Thumb Code     2  stm32f4xx_it.o(i.DebugMon_Handler)
    Error_Handler                            0x0800071f   Thumb Code     4  main.o(i.Error_Handler)
    HAL_CAN_ActivateNotification             0x08000723   Thumb Code    36  stm32f4xx_hal_can.o(i.HAL_CAN_ActivateNotification)
    HAL_CAN_AddTxMessage                     0x08000747   Thumb Code   208  stm32f4xx_hal_can.o(i.HAL_CAN_AddTxMessage)
    HAL_CAN_ConfigFilter                     0x08000819   Thumb Code   262  stm32f4xx_hal_can.o(i.HAL_CAN_ConfigFilter)
    HAL_CAN_ErrorCallback                    0x08000925   Thumb Code     2  stm32f4xx_hal_can.o(i.HAL_CAN_ErrorCallback)
    HAL_CAN_GetRxMessage                     0x08000927   Thumb Code   244  stm32f4xx_hal_can.o(i.HAL_CAN_GetRxMessage)
    HAL_CAN_IRQHandler                       0x08000a1b   Thumb Code   508  stm32f4xx_hal_can.o(i.HAL_CAN_IRQHandler)
    HAL_CAN_Init                             0x08000c17   Thumb Code   282  stm32f4xx_hal_can.o(i.HAL_CAN_Init)
    HAL_CAN_MspInit                          0x08000d31   Thumb Code   270  can.o(i.HAL_CAN_MspInit)
    HAL_CAN_RxFifo0FullCallback              0x08000e55   Thumb Code     2  stm32f4xx_hal_can.o(i.HAL_CAN_RxFifo0FullCallback)
    HAL_CAN_RxFifo0MsgPendingCallback        0x08000e59   Thumb Code   106  pid_task.o(i.HAL_CAN_RxFifo0MsgPendingCallback)
    HAL_CAN_RxFifo1FullCallback              0x08000ed5   Thumb Code     2  stm32f4xx_hal_can.o(i.HAL_CAN_RxFifo1FullCallback)
    HAL_CAN_RxFifo1MsgPendingCallback        0x08000ed9   Thumb Code   172  pid_task.o(i.HAL_CAN_RxFifo1MsgPendingCallback)
    HAL_CAN_SleepCallback                    0x08000f99   Thumb Code     2  stm32f4xx_hal_can.o(i.HAL_CAN_SleepCallback)
    HAL_CAN_Start                            0x08000f9d   Thumb Code    88  stm32f4xx_hal_can.o(i.HAL_CAN_Start)
    HAL_CAN_TxMailbox0AbortCallback          0x08000ff5   Thumb Code     2  stm32f4xx_hal_can.o(i.HAL_CAN_TxMailbox0AbortCallback)
    HAL_CAN_TxMailbox0CompleteCallback       0x08000ff7   Thumb Code     2  stm32f4xx_hal_can.o(i.HAL_CAN_TxMailbox0CompleteCallback)
    HAL_CAN_TxMailbox1AbortCallback          0x08000ff9   Thumb Code     2  stm32f4xx_hal_can.o(i.HAL_CAN_TxMailbox1AbortCallback)
    HAL_CAN_TxMailbox1CompleteCallback       0x08000ffb   Thumb Code     2  stm32f4xx_hal_can.o(i.HAL_CAN_TxMailbox1CompleteCallback)
    HAL_CAN_TxMailbox2AbortCallback          0x08000ffd   Thumb Code     2  stm32f4xx_hal_can.o(i.HAL_CAN_TxMailbox2AbortCallback)
    HAL_CAN_TxMailbox2CompleteCallback       0x08000fff   Thumb Code     2  stm32f4xx_hal_can.o(i.HAL_CAN_TxMailbox2CompleteCallback)
    HAL_CAN_WakeUpFromRxMsgCallback          0x08001001   Thumb Code     2  stm32f4xx_hal_can.o(i.HAL_CAN_WakeUpFromRxMsgCallback)
    HAL_DMA_Abort                            0x08001003   Thumb Code   146  stm32f4xx_hal_dma.o(i.HAL_DMA_Abort)
    HAL_DMA_Abort_IT                         0x08001095   Thumb Code    36  stm32f4xx_hal_dma.o(i.HAL_DMA_Abort_IT)
    HAL_DMA_IRQHandler                       0x080010b9   Thumb Code   412  stm32f4xx_hal_dma.o(i.HAL_DMA_IRQHandler)
    HAL_DMA_Init                             0x08001259   Thumb Code   206  stm32f4xx_hal_dma.o(i.HAL_DMA_Init)
    HAL_DMA_Start_IT                         0x0800132d   Thumb Code   110  stm32f4xx_hal_dma.o(i.HAL_DMA_Start_IT)
    HAL_GPIO_Init                            0x0800139d   Thumb Code   450  stm32f4xx_hal_gpio.o(i.HAL_GPIO_Init)
    HAL_GPIO_WritePin                        0x0800158d   Thumb Code    10  stm32f4xx_hal_gpio.o(i.HAL_GPIO_WritePin)
    HAL_GetTick                              0x08001599   Thumb Code     6  stm32f4xx_hal.o(i.HAL_GetTick)
    HAL_IncTick                              0x080015a5   Thumb Code    12  stm32f4xx_hal.o(i.HAL_IncTick)
    HAL_Init                                 0x080015b5   Thumb Code    48  stm32f4xx_hal.o(i.HAL_Init)
    HAL_InitTick                             0x080015e9   Thumb Code   120  stm32f4xx_hal_timebase_tim.o(i.HAL_InitTick)
    HAL_MspInit                              0x08001675   Thumb Code    52  stm32f4xx_hal_msp.o(i.HAL_MspInit)
    HAL_NVIC_EnableIRQ                       0x080016ad   Thumb Code    26  stm32f4xx_hal_cortex.o(i.HAL_NVIC_EnableIRQ)
    HAL_NVIC_SetPriority                     0x080016c9   Thumb Code    60  stm32f4xx_hal_cortex.o(i.HAL_NVIC_SetPriority)
    HAL_NVIC_SetPriorityGrouping             0x08001709   Thumb Code    26  stm32f4xx_hal_cortex.o(i.HAL_NVIC_SetPriorityGrouping)
    HAL_RCC_ClockConfig                      0x0800172d   Thumb Code   288  stm32f4xx_hal_rcc.o(i.HAL_RCC_ClockConfig)
    HAL_RCC_GetClockConfig                   0x08001861   Thumb Code    54  stm32f4xx_hal_rcc.o(i.HAL_RCC_GetClockConfig)
    HAL_RCC_GetPCLK1Freq                     0x080018a1   Thumb Code    20  stm32f4xx_hal_rcc.o(i.HAL_RCC_GetPCLK1Freq)
    HAL_RCC_GetPCLK2Freq                     0x080018c1   Thumb Code    20  stm32f4xx_hal_rcc.o(i.HAL_RCC_GetPCLK2Freq)
    HAL_RCC_GetSysClockFreq                  0x080018e1   Thumb Code    88  stm32f4xx_hal_rcc.o(i.HAL_RCC_GetSysClockFreq)
    HAL_RCC_OscConfig                        0x08001945   Thumb Code   856  stm32f4xx_hal_rcc.o(i.HAL_RCC_OscConfig)
    HAL_TIMEx_BreakCallback                  0x08001cb1   Thumb Code     2  stm32f4xx_hal_tim_ex.o(i.HAL_TIMEx_BreakCallback)
    HAL_TIMEx_CommutCallback                 0x08001cb3   Thumb Code     2  stm32f4xx_hal_tim_ex.o(i.HAL_TIMEx_CommutCallback)
    HAL_TIM_Base_Init                        0x08001cb5   Thumb Code    90  stm32f4xx_hal_tim.o(i.HAL_TIM_Base_Init)
    HAL_TIM_Base_MspInit                     0x08001d0f   Thumb Code     2  stm32f4xx_hal_tim.o(i.HAL_TIM_Base_MspInit)
    HAL_TIM_Base_Start_IT                    0x08001d11   Thumb Code   100  stm32f4xx_hal_tim.o(i.HAL_TIM_Base_Start_IT)
    HAL_TIM_IC_CaptureCallback               0x08001d91   Thumb Code     2  stm32f4xx_hal_tim.o(i.HAL_TIM_IC_CaptureCallback)
    HAL_TIM_IRQHandler                       0x08001d93   Thumb Code   304  stm32f4xx_hal_tim.o(i.HAL_TIM_IRQHandler)
    HAL_TIM_OC_DelayElapsedCallback          0x08001ec3   Thumb Code     2  stm32f4xx_hal_tim.o(i.HAL_TIM_OC_DelayElapsedCallback)
    HAL_TIM_PWM_PulseFinishedCallback        0x08001ec5   Thumb Code     2  stm32f4xx_hal_tim.o(i.HAL_TIM_PWM_PulseFinishedCallback)
    HAL_TIM_PeriodElapsedCallback            0x08001ec9   Thumb Code    14  main.o(i.HAL_TIM_PeriodElapsedCallback)
    HAL_TIM_TriggerCallback                  0x08001edd   Thumb Code     2  stm32f4xx_hal_tim.o(i.HAL_TIM_TriggerCallback)
    HAL_UARTEx_ReceiveToIdle_DMA             0x08001edf   Thumb Code    78  stm32f4xx_hal_uart.o(i.HAL_UARTEx_ReceiveToIdle_DMA)
    HAL_UARTEx_RxEventCallback               0x08001f2d   Thumb Code   120  dma_interface.o(i.HAL_UARTEx_RxEventCallback)
    HAL_UART_ErrorCallback                   0x08001fb5   Thumb Code    46  dma_interface.o(i.HAL_UART_ErrorCallback)
    HAL_UART_IRQHandler                      0x08001ff5   Thumb Code   618  stm32f4xx_hal_uart.o(i.HAL_UART_IRQHandler)
    HAL_UART_Init                            0x08002265   Thumb Code   100  stm32f4xx_hal_uart.o(i.HAL_UART_Init)
    HAL_UART_MspInit                         0x080022c9   Thumb Code   214  usart.o(i.HAL_UART_MspInit)
    HAL_UART_RxCpltCallback                  0x080023b5   Thumb Code     2  stm32f4xx_hal_uart.o(i.HAL_UART_RxCpltCallback)
    HAL_UART_RxHalfCpltCallback              0x080023b7   Thumb Code     2  stm32f4xx_hal_uart.o(i.HAL_UART_RxHalfCpltCallback)
    HAL_UART_Transmit                        0x080023b9   Thumb Code   160  stm32f4xx_hal_uart.o(i.HAL_UART_Transmit)
    HAL_UART_TxCpltCallback                  0x08002459   Thumb Code     2  stm32f4xx_hal_uart.o(i.HAL_UART_TxCpltCallback)
    HardFault_Handler                        0x0800245b   Thumb Code     2  stm32f4xx_it.o(i.HardFault_Handler)
    LED_Task                                 0x0800245d   Thumb Code   250  led_task.o(i.LED_Task)
    M2006_Receive                            0x08002561   Thumb Code    76  motor.o(i.M2006_Receive)
    MX_CAN1_Init                             0x080025b1   Thumb Code    58  can.o(i.MX_CAN1_Init)
    MX_CAN2_Init                             0x080025f5   Thumb Code    58  can.o(i.MX_CAN2_Init)
    MX_DMA_Init                              0x08002639   Thumb Code    56  dma_1.o(i.MX_DMA_Init)
    MX_FREERTOS_Init                         0x08002675   Thumb Code    30  freertos.o(i.MX_FREERTOS_Init)
    MX_GPIO_Init                             0x0800269d   Thumb Code   134  gpio.o(i.MX_GPIO_Init)
    MX_USART2_UART_Init                      0x0800272d   Thumb Code    48  usart.o(i.MX_USART2_UART_Init)
    MemManage_Handler                        0x08002765   Thumb Code     2  stm32f4xx_it.o(i.MemManage_Handler)
    MotorSend                                0x08002767   Thumb Code    66  motor.o(i.MotorSend)
    NMI_Handler                              0x080027a9   Thumb Code     2  stm32f4xx_it.o(i.NMI_Handler)
    PID_Calculate                            0x080027ad   Thumb Code   572  pid.o(i.PID_Calculate)
    PID_Control_Smis                         0x080029ed   Thumb Code   548  pid.o(i.PID_Control_Smis)
    PID_Init                                 0x08002c15   Thumb Code    42  pid.o(i.PID_Init)
    PID_Task                                 0x08002c49   Thumb Code  2056  pid_task.o(i.PID_Task)
    RAMP_self                                0x08003461   Thumb Code    88  pid_task.o(i.RAMP_self)
    RM3508_Receive                           0x080034b9   Thumb Code   188  motor.o(i.RM3508_Receive)
    StartDefaultTask                         0x08003579   Thumb Code    18  freertos.o(i.StartDefaultTask)
    SysTick_Handler                          0x0800358d   Thumb Code    38  port.o(i.SysTick_Handler)
    SystemClock_Config                       0x080035b9   Thumb Code   142  main.o(i.SystemClock_Config)
    SystemInit                               0x08003651   Thumb Code    12  system_stm32f4xx.o(i.SystemInit)
    TIM1_UP_TIM10_IRQHandler                 0x08003661   Thumb Code     6  stm32f4xx_it.o(i.TIM1_UP_TIM10_IRQHandler)
    TIM_Base_SetConfig                       0x0800366d   Thumb Code   170  stm32f4xx_hal_tim.o(i.TIM_Base_SetConfig)
    UART_Start_Receive_DMA                   0x08003a7d   Thumb Code   130  stm32f4xx_hal_uart.o(i.UART_Start_Receive_DMA)
    USART2_IRQHandler                        0x08003b81   Thumb Code     6  stm32f4xx_it.o(i.USART2_IRQHandler)
    UsageFault_Handler                       0x08003b8d   Thumb Code     2  stm32f4xx_it.o(i.UsageFault_Handler)
    _sys_exit                                0x08003baf   Thumb Code     2  stm32f4xx_it.o(i._sys_exit)
    main                                     0x08003c19   Thumb Code    60  main.o(i.main)
    osDelay                                  0x08003c6d   Thumb Code    14  cmsis_os.o(i.osDelay)
    osKernelStart                            0x08003c7b   Thumb Code    10  cmsis_os.o(i.osKernelStart)
    osThreadCreate                           0x08003c85   Thumb Code    84  cmsis_os.o(i.osThreadCreate)
    pvPortMalloc                             0x08004025   Thumb Code   216  heap_4.o(i.pvPortMalloc)
    pxPortInitialiseStack                    0x08004101   Thumb Code    40  port.o(i.pxPortInitialiseStack)
    taskInit                                 0x0800412d   Thumb Code    94  task_init.o(i.taskInit)
    uxListRemove                             0x080041bd   Thumb Code    38  list.o(i.uxListRemove)
    vApplicationGetIdleTaskMemory            0x080041e5   Thumb Code    16  freertos.o(i.vApplicationGetIdleTaskMemory)
    vListInitialise                          0x080041f9   Thumb Code    22  list.o(i.vListInitialise)
    vListInitialiseItem                      0x0800420f   Thumb Code     6  list.o(i.vListInitialiseItem)
    vListInsert                              0x08004215   Thumb Code    48  list.o(i.vListInsert)
    vListInsertEnd                           0x08004245   Thumb Code    24  list.o(i.vListInsertEnd)
    vPortEnterCritical                       0x0800425d   Thumb Code    54  port.o(i.vPortEnterCritical)
    vPortExitCritical                        0x0800429d   Thumb Code    34  port.o(i.vPortExitCritical)
    vPortFree                                0x080042c5   Thumb Code    94  heap_4.o(i.vPortFree)
    vPortSetupTimerInterrupt                 0x08004329   Thumb Code    32  port.o(i.vPortSetupTimerInterrupt)
    vTaskDelay                               0x0800434d   Thumb Code    66  tasks.o(i.vTaskDelay)
    vTaskDelete                              0x08004399   Thumb Code   158  tasks.o(i.vTaskDelete)
    vTaskStartScheduler                      0x08004445   Thumb Code    90  tasks.o(i.vTaskStartScheduler)
    vTaskSuspendAll                          0x080044b1   Thumb Code    10  tasks.o(i.vTaskSuspendAll)
    vTaskSwitchContext                       0x080044c1   Thumb Code    82  tasks.o(i.vTaskSwitchContext)
    xPortStartScheduler                      0x0800451d   Thumb Code   222  port.o(i.xPortStartScheduler)
    xTaskCreate                              0x08004611   Thumb Code    90  tasks.o(i.xTaskCreate)
    xTaskCreateStatic                        0x0800466b   Thumb Code    86  tasks.o(i.xTaskCreateStatic)
    xTaskGetTickCount                        0x080046c1   Thumb Code     6  tasks.o(i.xTaskGetTickCount)
    xTaskIncrementTick                       0x080046cd   Thumb Code   194  tasks.o(i.xTaskIncrementTick)
    xTaskResumeAll                           0x08004799   Thumb Code   182  tasks.o(i.xTaskResumeAll)
    _fp_init                                 0x0800485d   Thumb Code    10  fpinit.o(x$fpl$fpinit)
    __fplib_config_fpu_vfp                   0x08004865   Thumb Code     0  fpinit.o(x$fpl$fpinit)
    __fplib_config_pureend_doubles           0x08004865   Thumb Code     0  fpinit.o(x$fpl$fpinit)
    AHBPrescTable                            0x080048a4   Data          16  system_stm32f4xx.o(.constdata)
    APBPrescTable                            0x080048b4   Data           8  system_stm32f4xx.o(.constdata)
    Region$$Table$$Base                      0x080048c8   Number         0  anon$$obj.o(Region$$Table)
    Region$$Table$$Limit                     0x080048e8   Number         0  anon$$obj.o(Region$$Table)
    motor_start_flag                         0x20000000   Data           4  pid_task.o(.data)
    motor_ramp                               0x20000004   Data          48  pid_task.o(.data)
    PID_Handler                              0x20000034   Data           4  pid_task.o(.data)
    flag                                     0x20000038   Data           1  led_task.o(.data)
    i                                        0x20000039   Data           1  led_task.o(.data)
    mode                                     0x2000003a   Data           1  led_task.o(.data)
    LED_Handler                              0x2000003c   Data           4  led_task.o(.data)
    CAN1_buff                                0x20000040   Data           8  candrive.o(.data)
    CAN2_buff                                0x20000048   Data           8  candrive.o(.data)
    defaultTaskHandle                        0x20000050   Data           4  freertos.o(.data)
    uwTickFreq                               0x20000058   Data           1  stm32f4xx_hal.o(.data)
    uwTickPrio                               0x2000005c   Data           4  stm32f4xx_hal.o(.data)
    uwTick                                   0x20000060   Data           4  stm32f4xx_hal.o(.data)
    SystemCoreClock                          0x20000064   Data           4  system_stm32f4xx.o(.data)
    pxCurrentTCB                             0x20000068   Data           4  tasks.o(.data)
    motor_target                             0x200000d0   Data          96  pid_task.o(.bss)
    Cascaed_PID_position                     0x20000130   Data         512  pid_task.o(.bss)
    Cascaed_PID_speed                        0x20000330   Data         512  pid_task.o(.bss)
    M2006_PID_position                       0x20000530   Data         512  pid_task.o(.bss)
    M2006_PID_Speed                          0x20000730   Data         512  pid_task.o(.bss)
    motor_state                              0x20000930   Data         336  pid_task.o(.bss)
    motor_data_send                          0x20000a80   Data          16  pid_task.o(.bss)
    rx_buff                                  0x20000a90   Data         100  dma_interface.o(.bss)
    hcan1                                    0x20000d48   Data          40  can.o(.bss)
    hcan2                                    0x20000d70   Data          40  can.o(.bss)
    huart2                                   0x20000d98   Data          72  usart.o(.bss)
    hdma_usart2_rx                           0x20000de0   Data          96  usart.o(.bss)
    hdma_usart2_tx                           0x20000e40   Data          96  usart.o(.bss)
    htim1                                    0x20000ea0   Data          72  stm32f4xx_hal_timebase_tim.o(.bss)
    __libspace_start                         0x20004bd8   Data          96  libspace.o(.bss)
    __temporary_stack_top$libspace           0x20004c38   Data           0  libspace.o(.bss)



==============================================================================

Memory Map of the image

  Image Entry point : 0x08000189

  Load Region LR_IROM1 (Base: 0x08000000, Size: 0x000049b8, Max: 0x00080000, ABSOLUTE)

    Execution Region ER_IROM1 (Exec base: 0x08000000, Load base: 0x08000000, Size: 0x000048e8, Max: 0x00080000, ABSOLUTE)

    Exec Addr    Load Addr    Size         Type   Attr      Idx    E Section Name        Object

    0x08000000   0x08000000   0x00000188   Data   RO         1571    RESET               startup_stm32f407xx.o
    0x08000188   0x08000188   0x00000008   Code   RO         5733  * !!!main             c_w.l(__main.o)
    0x08000190   0x08000190   0x00000034   Code   RO         5944    !!!scatter          c_w.l(__scatter.o)
    0x080001c4   0x080001c4   0x0000001a   Code   RO         5946    !!handler_copy      c_w.l(__scatter_copy.o)
    0x080001de   0x080001de   0x00000002   PAD
    0x080001e0   0x080001e0   0x0000001c   Code   RO         5948    !!handler_zi        c_w.l(__scatter_zi.o)
    0x080001fc   0x080001fc   0x00000002   Code   RO         5883    .ARM.Collect$$libinit$$00000000  c_w.l(libinit.o)
    0x080001fe   0x080001fe   0x00000004   Code   RO         5771    .ARM.Collect$$libinit$$00000001  c_w.l(libinit2.o)
    0x08000202   0x08000202   0x00000000   Code   RO         5774    .ARM.Collect$$libinit$$00000004  c_w.l(libinit2.o)
    0x08000202   0x08000202   0x00000000   Code   RO         5777    .ARM.Collect$$libinit$$0000000A  c_w.l(libinit2.o)
    0x08000202   0x08000202   0x00000000   Code   RO         5779    .ARM.Collect$$libinit$$0000000C  c_w.l(libinit2.o)
    0x08000202   0x08000202   0x00000000   Code   RO         5781    .ARM.Collect$$libinit$$0000000E  c_w.l(libinit2.o)
    0x08000202   0x08000202   0x00000000   Code   RO         5784    .ARM.Collect$$libinit$$00000011  c_w.l(libinit2.o)
    0x08000202   0x08000202   0x00000000   Code   RO         5786    .ARM.Collect$$libinit$$00000013  c_w.l(libinit2.o)
    0x08000202   0x08000202   0x00000000   Code   RO         5788    .ARM.Collect$$libinit$$00000015  c_w.l(libinit2.o)
    0x08000202   0x08000202   0x00000000   Code   RO         5790    .ARM.Collect$$libinit$$00000017  c_w.l(libinit2.o)
    0x08000202   0x08000202   0x00000000   Code   RO         5792    .ARM.Collect$$libinit$$00000019  c_w.l(libinit2.o)
    0x08000202   0x08000202   0x00000000   Code   RO         5794    .ARM.Collect$$libinit$$0000001B  c_w.l(libinit2.o)
    0x08000202   0x08000202   0x00000000   Code   RO         5796    .ARM.Collect$$libinit$$0000001D  c_w.l(libinit2.o)
    0x08000202   0x08000202   0x00000000   Code   RO         5798    .ARM.Collect$$libinit$$0000001F  c_w.l(libinit2.o)
    0x08000202   0x08000202   0x00000000   Code   RO         5800    .ARM.Collect$$libinit$$00000021  c_w.l(libinit2.o)
    0x08000202   0x08000202   0x00000000   Code   RO         5802    .ARM.Collect$$libinit$$00000023  c_w.l(libinit2.o)
    0x08000202   0x08000202   0x00000000   Code   RO         5804    .ARM.Collect$$libinit$$00000025  c_w.l(libinit2.o)
    0x08000202   0x08000202   0x00000000   Code   RO         5808    .ARM.Collect$$libinit$$0000002C  c_w.l(libinit2.o)
    0x08000202   0x08000202   0x00000000   Code   RO         5810    .ARM.Collect$$libinit$$0000002E  c_w.l(libinit2.o)
    0x08000202   0x08000202   0x00000000   Code   RO         5812    .ARM.Collect$$libinit$$00000030  c_w.l(libinit2.o)
    0x08000202   0x08000202   0x00000000   Code   RO         5814    .ARM.Collect$$libinit$$00000032  c_w.l(libinit2.o)
    0x08000202   0x08000202   0x00000002   Code   RO         5815    .ARM.Collect$$libinit$$00000033  c_w.l(libinit2.o)
    0x08000204   0x08000204   0x00000002   Code   RO         5941    .ARM.Collect$$libshutdown$$00000000  c_w.l(libshutdown.o)
    0x08000206   0x08000206   0x00000000   Code   RO         5897    .ARM.Collect$$libshutdown$$00000002  c_w.l(libshutdown2.o)
    0x08000206   0x08000206   0x00000000   Code   RO         5899    .ARM.Collect$$libshutdown$$00000004  c_w.l(libshutdown2.o)
    0x08000206   0x08000206   0x00000000   Code   RO         5901    .ARM.Collect$$libshutdown$$00000006  c_w.l(libshutdown2.o)
    0x08000206   0x08000206   0x00000000   Code   RO         5904    .ARM.Collect$$libshutdown$$00000009  c_w.l(libshutdown2.o)
    0x08000206   0x08000206   0x00000000   Code   RO         5907    .ARM.Collect$$libshutdown$$0000000C  c_w.l(libshutdown2.o)
    0x08000206   0x08000206   0x00000000   Code   RO         5909    .ARM.Collect$$libshutdown$$0000000E  c_w.l(libshutdown2.o)
    0x08000206   0x08000206   0x00000000   Code   RO         5912    .ARM.Collect$$libshutdown$$00000011  c_w.l(libshutdown2.o)
    0x08000206   0x08000206   0x00000002   Code   RO         5913    .ARM.Collect$$libshutdown$$00000012  c_w.l(libshutdown2.o)
    0x08000208   0x08000208   0x00000000   Code   RO         5739    .ARM.Collect$$rtentry$$00000000  c_w.l(__rtentry.o)
    0x08000208   0x08000208   0x00000000   Code   RO         5822    .ARM.Collect$$rtentry$$00000002  c_w.l(__rtentry2.o)
    0x08000208   0x08000208   0x00000006   Code   RO         5834    .ARM.Collect$$rtentry$$00000004  c_w.l(__rtentry4.o)
    0x0800020e   0x0800020e   0x00000000   Code   RO         5824    .ARM.Collect$$rtentry$$00000009  c_w.l(__rtentry2.o)
    0x0800020e   0x0800020e   0x00000004   Code   RO         5825    .ARM.Collect$$rtentry$$0000000A  c_w.l(__rtentry2.o)
    0x08000212   0x08000212   0x00000000   Code   RO         5827    .ARM.Collect$$rtentry$$0000000C  c_w.l(__rtentry2.o)
    0x08000212   0x08000212   0x00000008   Code   RO         5828    .ARM.Collect$$rtentry$$0000000D  c_w.l(__rtentry2.o)
    0x0800021a   0x0800021a   0x00000002   Code   RO         5884    .ARM.Collect$$rtexit$$00000000  c_w.l(rtexit.o)
    0x0800021c   0x0800021c   0x00000000   Code   RO         5917    .ARM.Collect$$rtexit$$00000002  c_w.l(rtexit2.o)
    0x0800021c   0x0800021c   0x00000004   Code   RO         5918    .ARM.Collect$$rtexit$$00000003  c_w.l(rtexit2.o)
    0x08000220   0x08000220   0x00000006   Code   RO         5919    .ARM.Collect$$rtexit$$00000004  c_w.l(rtexit2.o)
    0x08000226   0x08000226   0x00000002   PAD
    0x08000228   0x08000228   0x000000be   Code   RO         5576    .emb_text           port.o
    0x080002e6   0x080002e6   0x00000002   PAD
    0x080002e8   0x080002e8   0x00000040   Code   RO         1572    .text               startup_stm32f407xx.o
    0x08000328   0x08000328   0x00000002   Code   RO         5655    .text               c_w.l(use_no_semi_2.o)
    0x0800032a   0x0800032a   0x000000ee   Code   RO         5719    .text               c_w.l(lludivv7m.o)
    0x08000418   0x08000418   0x00000064   Code   RO         5723    .text               c_w.l(rt_memcpy_w.o)
    0x0800047c   0x0800047c   0x00000044   Code   RO         5727    .text               c_w.l(rt_memclr.o)
    0x080004c0   0x080004c0   0x0000004e   Code   RO         5729    .text               c_w.l(rt_memclr_w.o)
    0x0800050e   0x0800050e   0x00000006   Code   RO         5731    .text               c_w.l(heapauxi.o)
    0x08000514   0x08000514   0x00000002   Code   RO         5735    .text               c_w.l(use_no_semi.o)
    0x08000516   0x08000516   0x00000002   PAD
    0x08000518   0x08000518   0x00000008   Code   RO         5818    .text               c_w.l(libspace.o)
    0x08000520   0x08000520   0x0000004a   Code   RO         5858    .text               c_w.l(sys_stackheap_outer.o)
    0x0800056a   0x0800056a   0x00000012   Code   RO         5864    .text               c_w.l(exit.o)
    0x0800057c   0x0800057c   0x00000002   Code   RO         1380    i.BusFault_Handler  stm32f4xx_it.o
    0x0800057e   0x0800057e   0x00000002   PAD
    0x08000580   0x08000580   0x0000000c   Code   RO         1381    i.CAN1_RX0_IRQHandler  stm32f4xx_it.o
    0x0800058c   0x0800058c   0x0000000c   Code   RO         1382    i.CAN1_TX_IRQHandler  stm32f4xx_it.o
    0x08000598   0x08000598   0x0000000c   Code   RO         1383    i.CAN2_RX1_IRQHandler  stm32f4xx_it.o
    0x080005a4   0x080005a4   0x0000000c   Code   RO         1384    i.CAN2_TX_IRQHandler  stm32f4xx_it.o
    0x080005b0   0x080005b0   0x0000003c   Code   RO          308    i.CAN_Receive_DataFrame  candrive.o
    0x080005ec   0x080005ec   0x00000030   Code   RO          309    i.CAN_Send_StdDataFrame  candrive.o
    0x0800061c   0x0800061c   0x00000044   Code   RO          310    i.CanFilter_Init    candrive.o
    0x08000660   0x08000660   0x0000000c   Code   RO         1385    i.DMA1_Stream5_IRQHandler  stm32f4xx_it.o
    0x0800066c   0x0800066c   0x0000000c   Code   RO         1386    i.DMA1_Stream6_IRQHandler  stm32f4xx_it.o
    0x08000678   0x08000678   0x00000028   Code   RO         2272    i.DMA_CalcBaseAndBitshift  stm32f4xx_hal_dma.o
    0x080006a0   0x080006a0   0x00000054   Code   RO         2273    i.DMA_CheckFifoParam  stm32f4xx_hal_dma.o
    0x080006f4   0x080006f4   0x00000028   Code   RO         2274    i.DMA_SetConfig     stm32f4xx_hal_dma.o
    0x0800071c   0x0800071c   0x00000002   Code   RO         1387    i.DebugMon_Handler  stm32f4xx_it.o
    0x0800071e   0x0800071e   0x00000004   Code   RO         1123    i.Error_Handler     main.o
    0x08000722   0x08000722   0x00000024   Code   RO         1580    i.HAL_CAN_ActivateNotification  stm32f4xx_hal_can.o
    0x08000746   0x08000746   0x000000d0   Code   RO         1581    i.HAL_CAN_AddTxMessage  stm32f4xx_hal_can.o
    0x08000816   0x08000816   0x00000002   PAD
    0x08000818   0x08000818   0x0000010c   Code   RO         1582    i.HAL_CAN_ConfigFilter  stm32f4xx_hal_can.o
    0x08000924   0x08000924   0x00000002   Code   RO         1585    i.HAL_CAN_ErrorCallback  stm32f4xx_hal_can.o
    0x08000926   0x08000926   0x000000f4   Code   RO         1588    i.HAL_CAN_GetRxMessage  stm32f4xx_hal_can.o
    0x08000a1a   0x08000a1a   0x000001fc   Code   RO         1592    i.HAL_CAN_IRQHandler  stm32f4xx_hal_can.o
    0x08000c16   0x08000c16   0x0000011a   Code   RO         1593    i.HAL_CAN_Init      stm32f4xx_hal_can.o
    0x08000d30   0x08000d30   0x00000124   Code   RO         1263    i.HAL_CAN_MspInit   can.o
    0x08000e54   0x08000e54   0x00000002   Code   RO         1600    i.HAL_CAN_RxFifo0FullCallback  stm32f4xx_hal_can.o
    0x08000e56   0x08000e56   0x00000002   PAD
    0x08000e58   0x08000e58   0x0000007c   Code   RO          199    i.HAL_CAN_RxFifo0MsgPendingCallback  pid_task.o
    0x08000ed4   0x08000ed4   0x00000002   Code   RO         1602    i.HAL_CAN_RxFifo1FullCallback  stm32f4xx_hal_can.o
    0x08000ed6   0x08000ed6   0x00000002   PAD
    0x08000ed8   0x08000ed8   0x000000c0   Code   RO          200    i.HAL_CAN_RxFifo1MsgPendingCallback  pid_task.o
    0x08000f98   0x08000f98   0x00000002   Code   RO         1604    i.HAL_CAN_SleepCallback  stm32f4xx_hal_can.o
    0x08000f9a   0x08000f9a   0x00000002   PAD
    0x08000f9c   0x08000f9c   0x00000058   Code   RO         1605    i.HAL_CAN_Start     stm32f4xx_hal_can.o
    0x08000ff4   0x08000ff4   0x00000002   Code   RO         1607    i.HAL_CAN_TxMailbox0AbortCallback  stm32f4xx_hal_can.o
    0x08000ff6   0x08000ff6   0x00000002   Code   RO         1608    i.HAL_CAN_TxMailbox0CompleteCallback  stm32f4xx_hal_can.o
    0x08000ff8   0x08000ff8   0x00000002   Code   RO         1609    i.HAL_CAN_TxMailbox1AbortCallback  stm32f4xx_hal_can.o
    0x08000ffa   0x08000ffa   0x00000002   Code   RO         1610    i.HAL_CAN_TxMailbox1CompleteCallback  stm32f4xx_hal_can.o
    0x08000ffc   0x08000ffc   0x00000002   Code   RO         1611    i.HAL_CAN_TxMailbox2AbortCallback  stm32f4xx_hal_can.o
    0x08000ffe   0x08000ffe   0x00000002   Code   RO         1612    i.HAL_CAN_TxMailbox2CompleteCallback  stm32f4xx_hal_can.o
    0x08001000   0x08001000   0x00000002   Code   RO         1614    i.HAL_CAN_WakeUpFromRxMsgCallback  stm32f4xx_hal_can.o
    0x08001002   0x08001002   0x00000092   Code   RO         2275    i.HAL_DMA_Abort     stm32f4xx_hal_dma.o
    0x08001094   0x08001094   0x00000024   Code   RO         2276    i.HAL_DMA_Abort_IT  stm32f4xx_hal_dma.o
    0x080010b8   0x080010b8   0x000001a0   Code   RO         2280    i.HAL_DMA_IRQHandler  stm32f4xx_hal_dma.o
    0x08001258   0x08001258   0x000000d4   Code   RO         2281    i.HAL_DMA_Init      stm32f4xx_hal_dma.o
    0x0800132c   0x0800132c   0x0000006e   Code   RO         2285    i.HAL_DMA_Start_IT  stm32f4xx_hal_dma.o
    0x0800139a   0x0800139a   0x00000002   PAD
    0x0800139c   0x0800139c   0x000001f0   Code   RO         2168    i.HAL_GPIO_Init     stm32f4xx_hal_gpio.o
    0x0800158c   0x0800158c   0x0000000a   Code   RO         2172    i.HAL_GPIO_WritePin  stm32f4xx_hal_gpio.o
    0x08001596   0x08001596   0x00000002   PAD
    0x08001598   0x08001598   0x0000000c   Code   RO         2706    i.HAL_GetTick       stm32f4xx_hal.o
    0x080015a4   0x080015a4   0x00000010   Code   RO         2712    i.HAL_IncTick       stm32f4xx_hal.o
    0x080015b4   0x080015b4   0x00000034   Code   RO         2713    i.HAL_Init          stm32f4xx_hal.o
    0x080015e8   0x080015e8   0x0000008c   Code   RO         1533    i.HAL_InitTick      stm32f4xx_hal_timebase_tim.o
    0x08001674   0x08001674   0x00000038   Code   RO         1509    i.HAL_MspInit       stm32f4xx_hal_msp.o
    0x080016ac   0x080016ac   0x0000001a   Code   RO         2558    i.HAL_NVIC_EnableIRQ  stm32f4xx_hal_cortex.o
    0x080016c6   0x080016c6   0x00000002   PAD
    0x080016c8   0x080016c8   0x00000040   Code   RO         2564    i.HAL_NVIC_SetPriority  stm32f4xx_hal_cortex.o
    0x08001708   0x08001708   0x00000024   Code   RO         2565    i.HAL_NVIC_SetPriorityGrouping  stm32f4xx_hal_cortex.o
    0x0800172c   0x0800172c   0x00000134   Code   RO         1814    i.HAL_RCC_ClockConfig  stm32f4xx_hal_rcc.o
    0x08001860   0x08001860   0x00000040   Code   RO         1818    i.HAL_RCC_GetClockConfig  stm32f4xx_hal_rcc.o
    0x080018a0   0x080018a0   0x00000020   Code   RO         1821    i.HAL_RCC_GetPCLK1Freq  stm32f4xx_hal_rcc.o
    0x080018c0   0x080018c0   0x00000020   Code   RO         1822    i.HAL_RCC_GetPCLK2Freq  stm32f4xx_hal_rcc.o
    0x080018e0   0x080018e0   0x00000064   Code   RO         1823    i.HAL_RCC_GetSysClockFreq  stm32f4xx_hal_rcc.o
    0x08001944   0x08001944   0x0000036c   Code   RO         1826    i.HAL_RCC_OscConfig  stm32f4xx_hal_rcc.o
    0x08001cb0   0x08001cb0   0x00000002   Code   RO         3657    i.HAL_TIMEx_BreakCallback  stm32f4xx_hal_tim_ex.o
    0x08001cb2   0x08001cb2   0x00000002   Code   RO         3658    i.HAL_TIMEx_CommutCallback  stm32f4xx_hal_tim_ex.o
    0x08001cb4   0x08001cb4   0x0000005a   Code   RO         2953    i.HAL_TIM_Base_Init  stm32f4xx_hal_tim.o
    0x08001d0e   0x08001d0e   0x00000002   Code   RO         2955    i.HAL_TIM_Base_MspInit  stm32f4xx_hal_tim.o
    0x08001d10   0x08001d10   0x00000080   Code   RO         2958    i.HAL_TIM_Base_Start_IT  stm32f4xx_hal_tim.o
    0x08001d90   0x08001d90   0x00000002   Code   RO         2987    i.HAL_TIM_IC_CaptureCallback  stm32f4xx_hal_tim.o
    0x08001d92   0x08001d92   0x00000130   Code   RO         3001    i.HAL_TIM_IRQHandler  stm32f4xx_hal_tim.o
    0x08001ec2   0x08001ec2   0x00000002   Code   RO         3004    i.HAL_TIM_OC_DelayElapsedCallback  stm32f4xx_hal_tim.o
    0x08001ec4   0x08001ec4   0x00000002   Code   RO         3031    i.HAL_TIM_PWM_PulseFinishedCallback  stm32f4xx_hal_tim.o
    0x08001ec6   0x08001ec6   0x00000002   PAD
    0x08001ec8   0x08001ec8   0x00000014   Code   RO         1124    i.HAL_TIM_PeriodElapsedCallback  main.o
    0x08001edc   0x08001edc   0x00000002   Code   RO         3044    i.HAL_TIM_TriggerCallback  stm32f4xx_hal_tim.o
    0x08001ede   0x08001ede   0x0000004e   Code   RO         3934    i.HAL_UARTEx_ReceiveToIdle_DMA  stm32f4xx_hal_uart.o
    0x08001f2c   0x08001f2c   0x00000088   Code   RO         1087    i.HAL_UARTEx_RxEventCallback  dma_interface.o
    0x08001fb4   0x08001fb4   0x00000040   Code   RO         1088    i.HAL_UART_ErrorCallback  dma_interface.o
    0x08001ff4   0x08001ff4   0x00000270   Code   RO         3953    i.HAL_UART_IRQHandler  stm32f4xx_hal_uart.o
    0x08002264   0x08002264   0x00000064   Code   RO         3954    i.HAL_UART_Init     stm32f4xx_hal_uart.o
    0x080022c8   0x080022c8   0x000000ec   Code   RO         1339    i.HAL_UART_MspInit  usart.o
    0x080023b4   0x080023b4   0x00000002   Code   RO         3960    i.HAL_UART_RxCpltCallback  stm32f4xx_hal_uart.o
    0x080023b6   0x080023b6   0x00000002   Code   RO         3961    i.HAL_UART_RxHalfCpltCallback  stm32f4xx_hal_uart.o
    0x080023b8   0x080023b8   0x000000a0   Code   RO         3962    i.HAL_UART_Transmit  stm32f4xx_hal_uart.o
    0x08002458   0x08002458   0x00000002   Code   RO         3965    i.HAL_UART_TxCpltCallback  stm32f4xx_hal_uart.o
    0x0800245a   0x0800245a   0x00000002   Code   RO         1388    i.HardFault_Handler  stm32f4xx_it.o
    0x0800245c   0x0800245c   0x00000104   Code   RO          276    i.LED_Task          led_task.o
    0x08002560   0x08002560   0x00000050   Code   RO          611    i.M2006_Receive     motor.o
    0x080025b0   0x080025b0   0x00000044   Code   RO         1264    i.MX_CAN1_Init      can.o
    0x080025f4   0x080025f4   0x00000044   Code   RO         1265    i.MX_CAN2_Init      can.o
    0x08002638   0x08002638   0x0000003c   Code   RO         1311    i.MX_DMA_Init       dma_1.o
    0x08002674   0x08002674   0x00000028   Code   RO         1220    i.MX_FREERTOS_Init  freertos.o
    0x0800269c   0x0800269c   0x00000090   Code   RO         1193    i.MX_GPIO_Init      gpio.o
    0x0800272c   0x0800272c   0x00000038   Code   RO         1340    i.MX_USART2_UART_Init  usart.o
    0x08002764   0x08002764   0x00000002   Code   RO         1389    i.MemManage_Handler  stm32f4xx_it.o
    0x08002766   0x08002766   0x00000042   Code   RO          612    i.MotorSend         motor.o
    0x080027a8   0x080027a8   0x00000002   Code   RO         1390    i.NMI_Handler       stm32f4xx_it.o
    0x080027aa   0x080027aa   0x00000002   PAD
    0x080027ac   0x080027ac   0x00000240   Code   RO          683    i.PID_Calculate     pid.o
    0x080029ec   0x080029ec   0x00000228   Code   RO          685    i.PID_Control_Smis  pid.o
    0x08002c14   0x08002c14   0x00000034   Code   RO          686    i.PID_Init          pid.o
    0x08002c48   0x08002c48   0x00000818   Code   RO          201    i.PID_Task          pid_task.o
    0x08003460   0x08003460   0x00000058   Code   RO          202    i.RAMP_self         pid_task.o
    0x080034b8   0x080034b8   0x000000c0   Code   RO          614    i.RM3508_Receive    motor.o
    0x08003578   0x08003578   0x00000012   Code   RO         1221    i.StartDefaultTask  freertos.o
    0x0800358a   0x0800358a   0x00000002   PAD
    0x0800358c   0x0800358c   0x0000002c   Code   RO         5577    i.SysTick_Handler   port.o
    0x080035b8   0x080035b8   0x00000098   Code   RO         1125    i.SystemClock_Config  main.o
    0x08003650   0x08003650   0x00000010   Code   RO         4288    i.SystemInit        system_stm32f4xx.o
    0x08003660   0x08003660   0x0000000c   Code   RO         1391    i.TIM1_UP_TIM10_IRQHandler  stm32f4xx_it.o
    0x0800366c   0x0800366c   0x000000d8   Code   RO         3046    i.TIM_Base_SetConfig  stm32f4xx_hal_tim.o
    0x08003744   0x08003744   0x00000010   Code   RO         3967    i.UART_DMAAbortOnError  stm32f4xx_hal_uart.o
    0x08003754   0x08003754   0x0000004a   Code   RO         3968    i.UART_DMAError     stm32f4xx_hal_uart.o
    0x0800379e   0x0800379e   0x00000086   Code   RO         3969    i.UART_DMAReceiveCplt  stm32f4xx_hal_uart.o
    0x08003824   0x08003824   0x0000001e   Code   RO         3971    i.UART_DMARxHalfCplt  stm32f4xx_hal_uart.o
    0x08003842   0x08003842   0x0000004e   Code   RO         3977    i.UART_EndRxTransfer  stm32f4xx_hal_uart.o
    0x08003890   0x08003890   0x0000001c   Code   RO         3978    i.UART_EndTxTransfer  stm32f4xx_hal_uart.o
    0x080038ac   0x080038ac   0x000000c2   Code   RO         3979    i.UART_Receive_IT   stm32f4xx_hal_uart.o
    0x0800396e   0x0800396e   0x00000002   PAD
    0x08003970   0x08003970   0x0000010c   Code   RO         3980    i.UART_SetConfig    stm32f4xx_hal_uart.o
    0x08003a7c   0x08003a7c   0x00000090   Code   RO         3981    i.UART_Start_Receive_DMA  stm32f4xx_hal_uart.o
    0x08003b0c   0x08003b0c   0x00000072   Code   RO         3983    i.UART_WaitOnFlagUntilTimeout  stm32f4xx_hal_uart.o
    0x08003b7e   0x08003b7e   0x00000002   PAD
    0x08003b80   0x08003b80   0x0000000c   Code   RO         1392    i.USART2_IRQHandler  stm32f4xx_it.o
    0x08003b8c   0x08003b8c   0x00000002   Code   RO         1393    i.UsageFault_Handler  stm32f4xx_it.o
    0x08003b8e   0x08003b8e   0x00000020   Code   RO         2571    i.__NVIC_SetPriority  stm32f4xx_hal_cortex.o
    0x08003bae   0x08003bae   0x00000002   Code   RO         1394    i._sys_exit         stm32f4xx_it.o
    0x08003bb0   0x08003bb0   0x0000004c   Code   RO          687    i.f_PID_param_init  pid.o
    0x08003bfc   0x08003bfc   0x0000001c   Code   RO          688    i.f_PID_reset       pid.o
    0x08003c18   0x08003c18   0x00000048   Code   RO         1126    i.main              main.o
    0x08003c60   0x08003c60   0x0000000c   Code   RO         5139    i.makeFreeRtosPriority  cmsis_os.o
    0x08003c6c   0x08003c6c   0x0000000e   Code   RO         5141    i.osDelay           cmsis_os.o
    0x08003c7a   0x08003c7a   0x0000000a   Code   RO         5144    i.osKernelStart     cmsis_os.o
    0x08003c84   0x08003c84   0x00000054   Code   RO         5178    i.osThreadCreate    cmsis_os.o
    0x08003cd8   0x08003cd8   0x00000070   Code   RO         4818    i.prvAddCurrentTaskToDelayedList  tasks.o
    0x08003d48   0x08003d48   0x000000d0   Code   RO         4819    i.prvAddNewTaskToReadyList  tasks.o
    0x08003e18   0x08003e18   0x00000034   Code   RO         4820    i.prvDeleteTCB      tasks.o
    0x08003e4c   0x08003e4c   0x0000004c   Code   RO         5509    i.prvHeapInit       heap_4.o
    0x08003e98   0x08003e98   0x00000060   Code   RO         4821    i.prvIdleTask       tasks.o
    0x08003ef8   0x08003ef8   0x00000098   Code   RO         4822    i.prvInitialiseNewTask  tasks.o
    0x08003f90   0x08003f90   0x0000004c   Code   RO         5510    i.prvInsertBlockIntoFreeList  heap_4.o
    0x08003fdc   0x08003fdc   0x00000020   Code   RO         4823    i.prvResetNextTaskUnblockTime  tasks.o
    0x08003ffc   0x08003ffc   0x00000028   Code   RO         5578    i.prvTaskExitError  port.o
    0x08004024   0x08004024   0x000000dc   Code   RO         5511    i.pvPortMalloc      heap_4.o
    0x08004100   0x08004100   0x0000002c   Code   RO         5579    i.pxPortInitialiseStack  port.o
    0x0800412c   0x0800412c   0x00000090   Code   RO            4    i.taskInit          task_init.o
    0x080041bc   0x080041bc   0x00000026   Code   RO         4457    i.uxListRemove      list.o
    0x080041e2   0x080041e2   0x00000002   PAD
    0x080041e4   0x080041e4   0x00000014   Code   RO         1222    i.vApplicationGetIdleTaskMemory  freertos.o
    0x080041f8   0x080041f8   0x00000016   Code   RO         4458    i.vListInitialise   list.o
    0x0800420e   0x0800420e   0x00000006   Code   RO         4459    i.vListInitialiseItem  list.o
    0x08004214   0x08004214   0x00000030   Code   RO         4460    i.vListInsert       list.o
    0x08004244   0x08004244   0x00000018   Code   RO         4461    i.vListInsertEnd    list.o
    0x0800425c   0x0800425c   0x00000040   Code   RO         5581    i.vPortEnterCritical  port.o
    0x0800429c   0x0800429c   0x00000028   Code   RO         5582    i.vPortExitCritical  port.o
    0x080042c4   0x080042c4   0x00000064   Code   RO         5512    i.vPortFree         heap_4.o
    0x08004328   0x08004328   0x00000024   Code   RO         5583    i.vPortSetupTimerInterrupt  port.o
    0x0800434c   0x0800434c   0x0000004c   Code   RO         4832    i.vTaskDelay        tasks.o
    0x08004398   0x08004398   0x000000ac   Code   RO         4833    i.vTaskDelete       tasks.o
    0x08004444   0x08004444   0x0000006c   Code   RO         4845    i.vTaskStartScheduler  tasks.o
    0x080044b0   0x080044b0   0x00000010   Code   RO         4847    i.vTaskSuspendAll   tasks.o
    0x080044c0   0x080044c0   0x0000005c   Code   RO         4848    i.vTaskSwitchContext  tasks.o
    0x0800451c   0x0800451c   0x000000f4   Code   RO         5585    i.xPortStartScheduler  port.o
    0x08004610   0x08004610   0x0000005a   Code   RO         4851    i.xTaskCreate       tasks.o
    0x0800466a   0x0800466a   0x00000056   Code   RO         4852    i.xTaskCreateStatic  tasks.o
    0x080046c0   0x080046c0   0x0000000c   Code   RO         4857    i.xTaskGetTickCount  tasks.o
    0x080046cc   0x080046cc   0x000000cc   Code   RO         4859    i.xTaskIncrementTick  tasks.o
    0x08004798   0x08004798   0x000000c4   Code   RO         4865    i.xTaskResumeAll    tasks.o
    0x0800485c   0x0800485c   0x0000000a   Code   RO         5855    x$fpl$fpinit        fz_wm.l(fpinit.o)
    0x08004866   0x08004866   0x00000002   PAD
    0x08004868   0x08004868   0x00000018   Data   RO          311    .constdata          candrive.o
    0x08004880   0x08004880   0x0000001c   Data   RO         1224    .constdata          freertos.o
    0x0800489c   0x0800489c   0x00000008   Data   RO         2287    .constdata          stm32f4xx_hal_dma.o
    0x080048a4   0x080048a4   0x00000010   Data   RO         4289    .constdata          system_stm32f4xx.o
    0x080048b4   0x080048b4   0x00000008   Data   RO         4290    .constdata          system_stm32f4xx.o
    0x080048bc   0x080048bc   0x0000000c   Data   RO         1225    .conststring        freertos.o
    0x080048c8   0x080048c8   0x00000020   Data   RO         5942    Region$$Table       anon$$obj.o


    Execution Region RW_IRAM1 (Exec base: 0x20000000, Load base: 0x080048e8, Size: 0x00005238, Max: 0x0001c000, ABSOLUTE)

    Exec Addr    Load Addr    Size         Type   Attr      Idx    E Section Name        Object

    0x20000000   0x080048e8   0x00000034   Data   RW          204    .data               pid_task.o
    0x20000034   0x0800491c   0x00000004   Data   RW          205    .data               pid_task.o
    0x20000038   0x08004920   0x00000003   Data   RW          277    .data               led_task.o
    0x2000003b   0x08004923   0x00000001   PAD
    0x2000003c   0x08004924   0x00000004   Data   RW          279    .data               led_task.o
    0x20000040   0x08004928   0x00000008   Data   RW          312    .data               candrive.o
    0x20000048   0x08004930   0x00000008   Data   RW          313    .data               candrive.o
    0x20000050   0x08004938   0x00000004   Data   RW         1226    .data               freertos.o
    0x20000054   0x0800493c   0x00000004   Data   RW         1267    .data               can.o
    0x20000058   0x08004940   0x0000000c   Data   RW         2720    .data               stm32f4xx_hal.o
    0x20000064   0x0800494c   0x00000004   Data   RW         4291    .data               system_stm32f4xx.o
    0x20000068   0x08004950   0x0000003c   Data   RW         4868    .data               tasks.o
    0x200000a4   0x0800498c   0x00000020   Data   RW         5518    .data               heap_4.o
    0x200000c4   0x080049ac   0x0000000c   Data   RW         5586    .data               port.o
    0x200000d0        -       0x000009c0   Zero   RW          203    .bss                pid_task.o
    0x20000a90        -       0x00000064   Zero   RW         1089    .bss                dma_interface.o
    0x20000af4        -       0x00000254   Zero   RW         1223    .bss                freertos.o
    0x20000d48        -       0x00000050   Zero   RW         1266    .bss                can.o
    0x20000d98        -       0x00000108   Zero   RW         1341    .bss                usart.o
    0x20000ea0        -       0x00000048   Zero   RW         1536    .bss                stm32f4xx_hal_timebase_tim.o
    0x20000ee8        -       0x000000f0   Zero   RW         4867    .bss                tasks.o
    0x20000fd8        -       0x00003c00   Zero   RW         5517    .bss                heap_4.o
    0x20004bd8        -       0x00000060   Zero   RW         5819    .bss                c_w.l(libspace.o)
    0x20004c38        -       0x00000200   Zero   RW         1570    HEAP                startup_stm32f407xx.o
    0x20004e38        -       0x00000400   Zero   RW         1569    STACK               startup_stm32f407xx.o


    Execution Region RW_IRAM2 (Exec base: 0x2001c000, Load base: 0x080049b8, Size: 0x00000000, Max: 0x00004000, ABSOLUTE)

    **** No section assigned to this execution region ****


==============================================================================

Image component sizes


      Code (inc. data)   RO Data    RW Data    ZI Data      Debug   Object Name

       428         42          0          4         80       2482   can.o
       176         20         24         16          0     699335   candrive.o
         0          0          0          0          0      10488   chassis.o
       120          0          0          0          0      25677   cmsis_os.o
         0          0          0          0          0       7388   croutine.o
        60          4          0          0          0        774   dma_1.o
       200         34          0          0        100       2028   dma_interface.o
         0          0          0          0          0      19336   event_groups.o
        78         14         40          4        596       2518   freertos.o
       144         10          0          0          0        979   gpio.o
       472         24          0         32      15360       7375   heap_4.o
       260         10          0          7          0        976   led_task.o
       138          0          0          0          0       3510   list.o
       248         28          0          0          0      23956   main.o
       338          8          0          0          0       3861   motor.o
      1284         26          0          0          0       6198   pid.o
      2476        124          0         56       2496       6116   pid_task.o
       702         72          0         12          0      10932   port.o
        64         26        392          0       1536        808   startup_stm32f407xx.o
        80         14          0         12          0       8050   stm32f4xx_hal.o
      1656          6          0          0          0      13647   stm32f4xx_hal_can.o
       158         14          0          0          0      32998   stm32f4xx_hal_cortex.o
      1084         16          8          0          0       7302   stm32f4xx_hal_dma.o
       506         46          0          0          0       2180   stm32f4xx_hal_gpio.o
        56          4          0          0          0        858   stm32f4xx_hal_msp.o
      1412         86          0          0          0       5861   stm32f4xx_hal_rcc.o
       748         74          0          0          0       7460   stm32f4xx_hal_tim.o
         4          0          0          0          0       1617   stm32f4xx_hal_tim_ex.o
       140         20          0          0         72       1415   stm32f4xx_hal_timebase_tim.o
      2048         30          0          0          0      14260   stm32f4xx_hal_uart.o
       110         48          0          0          0       6966   stm32f4xx_it.o
        16          4         24          4          0       1115   system_stm32f4xx.o
       144         50          0          0          0     707535   task_init.o
      1704        132          0         60        240      20824   tasks.o
         0          0          0          0          0       2484   timers.o
       292         30          0          0        264       1880   usart.o

    ----------------------------------------------------------------------
     17376       1016        520        208      20744    1671189   Object Totals
         0          0         32          0          0          0   (incl. Generated)
        30          0          0          1          0          0   (incl. Padding)

    ----------------------------------------------------------------------

      Code (inc. data)   RO Data    RW Data    ZI Data      Debug   Library Member Name

         8          0          0          0          0         68   __main.o
         0          0          0          0          0          0   __rtentry.o
        12          0          0          0          0          0   __rtentry2.o
         6          0          0          0          0          0   __rtentry4.o
        52          8          0          0          0          0   __scatter.o
        26          0          0          0          0          0   __scatter_copy.o
        28          0          0          0          0          0   __scatter_zi.o
        18          0          0          0          0         80   exit.o
         6          0          0          0          0        152   heapauxi.o
         2          0          0          0          0          0   libinit.o
         6          0          0          0          0          0   libinit2.o
         2          0          0          0          0          0   libshutdown.o
         2          0          0          0          0          0   libshutdown2.o
         8          4          0          0         96         68   libspace.o
       238          0          0          0          0        100   lludivv7m.o
        68          0          0          0          0         68   rt_memclr.o
        78          0          0          0          0         80   rt_memclr_w.o
       100          0          0          0          0         80   rt_memcpy_w.o
         2          0          0          0          0          0   rtexit.o
        10          0          0          0          0          0   rtexit2.o
        74          0          0          0          0         80   sys_stackheap_outer.o
         2          0          0          0          0         68   use_no_semi.o
         2          0          0          0          0         68   use_no_semi_2.o
        10          0          0          0          0        116   fpinit.o

    ----------------------------------------------------------------------
       768         12          0          0         96       1028   Library Totals
         8          0          0          0          0          0   (incl. Padding)

    ----------------------------------------------------------------------

      Code (inc. data)   RO Data    RW Data    ZI Data      Debug   Library Name

       750         12          0          0         96        912   c_w.l
        10          0          0          0          0        116   fz_wm.l

    ----------------------------------------------------------------------
       768         12          0          0         96       1028   Library Totals

    ----------------------------------------------------------------------

==============================================================================


      Code (inc. data)   RO Data    RW Data    ZI Data      Debug   

     18144       1028        520        208      20840    1657353   Grand Totals
     18144       1028        520        208      20840    1657353   ELF Image Totals
     18144       1028        520        208          0          0   ROM Totals

==============================================================================

    Total RO  Size (Code + RO Data)                18664 (  18.23kB)
    Total RW  Size (RW Data + ZI Data)             21048 (  20.55kB)
    Total ROM Size (Code + RO Data + RW Data)      18872 (  18.43kB)

==============================================================================

