Component: ARM Compiler 6.16 Tool: armlink [5dfeaa00]

==============================================================================

Section Cross References

    task_init.o(.text.taskInit) refers to can.o(.bss.hcan1) for hcan1
    task_init.o(.text.taskInit) refers to candrive.o(.text.CanFilter_Init) for CanFilter_Init
    task_init.o(.text.taskInit) refers to stm32f4xx_hal_can.o(.text.HAL_CAN_Start) for HAL_CAN_Start
    task_init.o(.text.taskInit) refers to stm32f4xx_hal_can.o(.text.HAL_CAN_ActivateNotification) for HAL_CAN_ActivateNotification
    task_init.o(.text.taskInit) refers to can.o(.bss.hcan2) for hcan2
    task_init.o(.text.taskInit) refers to port.o(.text.vPortEnterCritical) for vPortEnterCritical
    task_init.o(.text.taskInit) refers to pid_task.o(.bss.PID_Handler) for PID_Handler
    task_init.o(.text.taskInit) refers to pid_task.o(.text.PID_Task) for PID_Task
    task_init.o(.text.taskInit) refers to tasks.o(.text.xTaskCreate) for xTaskCreate
    task_init.o(.text.taskInit) refers to led_task.o(.bss.LED_Handler) for LED_Handler
    task_init.o(.text.taskInit) refers to led_task.o(.text.LED_Task) for LED_Task
    task_init.o(.text.taskInit) refers to ros_task.o(.text.node_init) for node_init
    task_init.o(.text.taskInit) refers to port.o(.text.vPortExitCritical) for vPortExitCritical
    task_init.o(.ARM.exidx.text.taskInit) refers to task_init.o(.text.taskInit) for [Anonymous Symbol]
    pid_task.o(.text.PID_Task) refers to tasks.o(.text.xTaskGetTickCount) for xTaskGetTickCount
    pid_task.o(.text.PID_Task) refers to pid_task.o(.bss.Cascaed_PID_speed) for Cascaed_PID_speed
    pid_task.o(.text.PID_Task) refers to pid.o(.text.PID_Init) for PID_Init
    pid_task.o(.text.PID_Task) refers to pid_task.o(.bss.Cascaed_PID_position) for Cascaed_PID_position
    pid_task.o(.text.PID_Task) refers to pid_task.o(.bss.M2006_PID_Speed) for M2006_PID_Speed
    pid_task.o(.text.PID_Task) refers to pid_task.o(.bss.M2006_PID_position) for M2006_PID_position
    pid_task.o(.text.PID_Task) refers to pid_task.o(.bss.motor_start_flag) for motor_start_flag
    pid_task.o(.text.PID_Task) refers to pid_task.o(.bss.motor_state) for motor_state
    pid_task.o(.text.PID_Task) refers to pid_task.o(.bss.motor_target) for motor_target
    pid_task.o(.text.PID_Task) refers to pid_task.o(.data.motor_ramp) for motor_ramp
    pid_task.o(.text.PID_Task) refers to pid_task.o(.bss.motor_data_send) for motor_data_send
    pid_task.o(.text.PID_Task) refers to tasks.o(.text.vTaskDelay) for vTaskDelay
    pid_task.o(.text.PID_Task) refers to pid_task.o(.text.RAMP_self) for RAMP_self
    pid_task.o(.text.PID_Task) refers to pid.o(.text.PID_Control_Smis) for PID_Control_Smis
    pid_task.o(.text.PID_Task) refers to pid.o(.text.PID_Calculate) for PID_Calculate
    pid_task.o(.text.PID_Task) refers to can.o(.bss.hcan1) for hcan1
    pid_task.o(.text.PID_Task) refers to motor.o(.text.MotorSend) for MotorSend
    pid_task.o(.text.PID_Task) refers to can.o(.bss.hcan2) for hcan2
    pid_task.o(.ARM.exidx.text.PID_Task) refers to pid_task.o(.text.PID_Task) for [Anonymous Symbol]
    pid_task.o(.ARM.exidx.text.RAMP_self) refers to pid_task.o(.text.RAMP_self) for [Anonymous Symbol]
    pid_task.o(.text.HAL_CAN_RxFifo0MsgPendingCallback) refers to can.o(.bss.hcan1) for hcan1
    pid_task.o(.text.HAL_CAN_RxFifo0MsgPendingCallback) refers to candrive.o(.bss.CAN1_buff) for CAN1_buff
    pid_task.o(.text.HAL_CAN_RxFifo0MsgPendingCallback) refers to candrive.o(.text.CAN_Receive_DataFrame) for CAN_Receive_DataFrame
    pid_task.o(.text.HAL_CAN_RxFifo0MsgPendingCallback) refers to pid_task.o(.bss.motor_state) for motor_state
    pid_task.o(.text.HAL_CAN_RxFifo0MsgPendingCallback) refers to motor.o(.text.RM3508_Receive) for RM3508_Receive
    pid_task.o(.text.HAL_CAN_RxFifo0MsgPendingCallback) refers to pid_task.o(.bss.motor_start_flag) for motor_start_flag
    pid_task.o(.ARM.exidx.text.HAL_CAN_RxFifo0MsgPendingCallback) refers to pid_task.o(.text.HAL_CAN_RxFifo0MsgPendingCallback) for [Anonymous Symbol]
    pid_task.o(.text.HAL_CAN_RxFifo1MsgPendingCallback) refers to can.o(.bss.hcan2) for hcan2
    pid_task.o(.text.HAL_CAN_RxFifo1MsgPendingCallback) refers to candrive.o(.bss.CAN2_buff) for CAN2_buff
    pid_task.o(.text.HAL_CAN_RxFifo1MsgPendingCallback) refers to candrive.o(.text.CAN_Receive_DataFrame) for CAN_Receive_DataFrame
    pid_task.o(.text.HAL_CAN_RxFifo1MsgPendingCallback) refers to pid_task.o(.bss.motor_state) for motor_state
    pid_task.o(.text.HAL_CAN_RxFifo1MsgPendingCallback) refers to motor.o(.text.M2006_Receive) for M2006_Receive
    pid_task.o(.text.HAL_CAN_RxFifo1MsgPendingCallback) refers to pid_task.o(.bss.motor_start_flag) for motor_start_flag
    pid_task.o(.ARM.exidx.text.HAL_CAN_RxFifo1MsgPendingCallback) refers to pid_task.o(.text.HAL_CAN_RxFifo1MsgPendingCallback) for [Anonymous Symbol]
    led_task.o(.text.LED_Task) refers to led_task.o(.bss.i) for i
[...]
    HAL_CAN_ErrorCallback                    0x08000dd1   Thumb Code     2  stm32f4xx_hal_can.o(.text.HAL_CAN_ErrorCallback)
    HAL_CAN_GetRxMessage                     0x08000dd5   Thumb Code   292  stm32f4xx_hal_can.o(.text.HAL_CAN_GetRxMessage)
    HAL_CAN_IRQHandler                       0x08000ef9   Thumb Code   570  stm32f4xx_hal_can.o(.text.HAL_CAN_IRQHandler)
    HAL_CAN_Init                             0x08001135   Thumb Code   244  stm32f4xx_hal_can.o(.text.HAL_CAN_Init)
    HAL_CAN_MspInit                          0x08001229   Thumb Code   294  can.o(.text.HAL_CAN_MspInit)
    HAL_CAN_RxFifo0FullCallback              0x08001351   Thumb Code     2  stm32f4xx_hal_can.o(.text.HAL_CAN_RxFifo0FullCallback)
    HAL_CAN_RxFifo0MsgPendingCallback        0x08001355   Thumb Code   108  pid_task.o(.text.HAL_CAN_RxFifo0MsgPendingCallback)
    HAL_CAN_RxFifo1FullCallback              0x080013c1   Thumb Code     2  stm32f4xx_hal_can.o(.text.HAL_CAN_RxFifo1FullCallback)
    HAL_CAN_RxFifo1MsgPendingCallback        0x080013c5   Thumb Code   270  pid_task.o(.text.HAL_CAN_RxFifo1MsgPendingCallback)
    HAL_CAN_SleepCallback                    0x080014d5   Thumb Code     2  stm32f4xx_hal_can.o(.text.HAL_CAN_SleepCallback)
    HAL_CAN_Start                            0x080014d9   Thumb Code    90  stm32f4xx_hal_can.o(.text.HAL_CAN_Start)
    HAL_CAN_TxMailbox0AbortCallback          0x08001535   Thumb Code     2  stm32f4xx_hal_can.o(.text.HAL_CAN_TxMailbox0AbortCallback)
    HAL_CAN_TxMailbox0CompleteCallback       0x08001539   Thumb Code     2  stm32f4xx_hal_can.o(.text.HAL_CAN_TxMailbox0CompleteCallback)
    HAL_CAN_TxMailbox1AbortCallback          0x0800153d   Thumb Code     2  stm32f4xx_hal_can.o(.text.HAL_CAN_TxMailbox1AbortCallback)
    HAL_CAN_TxMailbox1CompleteCallback       0x08001541   Thumb Code     2  stm32f4xx_hal_can.o(.text.HAL_CAN_TxMailbox1CompleteCallback)
    HAL_CAN_TxMailbox2AbortCallback          0x08001545   Thumb Code     2  stm32f4xx_hal_can.o(.text.HAL_CAN_TxMailbox2AbortCallback)
    HAL_CAN_TxMailbox2CompleteCallback       0x08001549   Thumb Code     2  stm32f4xx_hal_can.o(.text.HAL_CAN_TxMailbox2CompleteCallback)
    HAL_CAN_WakeUpFromRxMsgCallback          0x0800154d   Thumb Code     2  stm32f4xx_hal_can.o(.text.HAL_CAN_WakeUpFromRxMsgCallback)
    HAL_DMA_Abort                            0x08001551   Thumb Code   128  stm32f4xx_hal_dma.o(.text.HAL_DMA_Abort)
    HAL_DMA_Abort_IT                         0x080015d1   Thumb Code    36  stm32f4xx_hal_dma.o(.text.HAL_DMA_Abort_IT)
    HAL_DMA_IRQHandler                       0x080015f5   Thumb Code   396  stm32f4xx_hal_dma.o(.text.HAL_DMA_IRQHandler)
    HAL_DMA_Init                             0x08001781   Thumb Code   206  stm32f4xx_hal_dma.o(.text.HAL_DMA_Init)
    HAL_DMA_Start_IT                         0x08001851   Thumb Code    98  stm32f4xx_hal_dma.o(.text.HAL_DMA_Start_IT)
    HAL_GPIO_Init                            0x080018b5   Thumb Code   410  stm32f4xx_hal_gpio.o(.text.HAL_GPIO_Init)
    HAL_GPIO_WritePin                        0x08001a51   Thumb Code    10  stm32f4xx_hal_gpio.o(.text.HAL_GPIO_WritePin)
    HAL_GetTick                              0x08001a5d   Thumb Code    12  stm32f4xx_hal.o(.text.HAL_GetTick)
    HAL_IncTick                              0x08001a69   Thumb Code    26  stm32f4xx_hal.o(.text.HAL_IncTick)
    HAL_Init                                 0x08001a85   Thumb Code    54  stm32f4xx_hal.o(.text.HAL_Init)
    HAL_InitTick                             0x08001abd   Thumb Code   164  stm32f4xx_hal_timebase_tim.o(.text.HAL_InitTick)
    HAL_MspInit                              0x08001b61   Thumb Code    70  stm32f4xx_hal_msp.o(.text.HAL_MspInit)
    HAL_NVIC_EnableIRQ                       0x08001ba9   Thumb Code     8  stm32f4xx_hal_cortex.o(.text.HAL_NVIC_EnableIRQ)
    HAL_NVIC_SetPriority                     0x08001bb1   Thumb Code    30  stm32f4xx_hal_cortex.o(.text.HAL_NVIC_SetPriority)
    HAL_NVIC_SetPriorityGrouping             0x08001bd1   Thumb Code     8  stm32f4xx_hal_cortex.o(.text.HAL_NVIC_SetPriorityGrouping)
    HAL_RCC_ClockConfig                      0x08001bd9   Thumb Code   352  stm32f4xx_hal_rcc.o(.text.HAL_RCC_ClockConfig)
    HAL_RCC_GetClockConfig                   0x08001d39   Thumb Code    62  stm32f4xx_hal_rcc.o(.text.HAL_RCC_GetClockConfig)
    HAL_RCC_GetHCLKFreq                      0x08001d79   Thumb Code    12  stm32f4xx_hal_rcc.o(.text.HAL_RCC_GetHCLKFreq)
    HAL_RCC_GetPCLK1Freq                     0x08001d85   Thumb Code    34  stm32f4xx_hal_rcc.o(.text.HAL_RCC_GetPCLK1Freq)
    HAL_RCC_GetPCLK2Freq                     0x08001da9   Thumb Code    34  stm32f4xx_hal_rcc.o(.text.HAL_RCC_GetPCLK2Freq)
    HAL_RCC_GetSysClockFreq                  0x08001dcd   Thumb Code   104  stm32f4xx_hal_rcc.o(.text.HAL_RCC_GetSysClockFreq)
    HAL_RCC_OscConfig                        0x08001e35   Thumb Code   840  stm32f4xx_hal_rcc.o(.text.HAL_RCC_OscConfig)
    HAL_TIMEx_BreakCallback                  0x0800217d   Thumb Code     2  stm32f4xx_hal_tim_ex.o(.text.HAL_TIMEx_BreakCallback)
    HAL_TIMEx_CommutCallback                 0x08002181   Thumb Code     2  stm32f4xx_hal_tim_ex.o(.text.HAL_TIMEx_CommutCallback)
    HAL_TIMEx_MasterConfigSynchronization    0x08002185   Thumb Code   184  stm32f4xx_hal_tim_ex.o(.text.HAL_TIMEx_MasterConfigSynchronization)
    HAL_TIM_Base_Init                        0x0800223d   Thumb Code    90  stm32f4xx_hal_tim.o(.text.HAL_TIM_Base_Init)
    HAL_TIM_Base_MspInit                     0x08002299   Thumb Code    66  tim.o(.text.HAL_TIM_Base_MspInit)
    HAL_TIM_Base_Start_IT                    0x080022dd   Thumb Code   168  stm32f4xx_hal_tim.o(.text.HAL_TIM_Base_Start_IT)
    HAL_TIM_ConfigClockSource                0x08002385   Thumb Code   222  stm32f4xx_hal_tim.o(.text.HAL_TIM_ConfigClockSource)
    HAL_TIM_IC_CaptureCallback               0x08002465   Thumb Code     2  stm32f4xx_hal_tim.o(.text.HAL_TIM_IC_CaptureCallback)
    HAL_TIM_IRQHandler                       0x08002469   Thumb Code   308  stm32f4xx_hal_tim.o(.text.HAL_TIM_IRQHandler)
    HAL_TIM_OC_DelayElapsedCallback          0x0800259d   Thumb Code     2  stm32f4xx_hal_tim.o(.text.HAL_TIM_OC_DelayElapsedCallback)
    HAL_TIM_PWM_PulseFinishedCallback        0x080025a1   Thumb Code     2  stm32f4xx_hal_tim.o(.text.HAL_TIM_PWM_PulseFinishedCallback)
    HAL_TIM_PeriodElapsedCallback            0x080025a5   Thumb Code    20  main.o(.text.HAL_TIM_PeriodElapsedCallback)
    HAL_TIM_TriggerCallback                  0x080025b9   Thumb Code     2  stm32f4xx_hal_tim.o(.text.HAL_TIM_TriggerCallback)
    HAL_UARTEx_ReceiveToIdle_DMA             0x080025bd   Thumb Code    92  stm32f4xx_hal_uart.o(.text.HAL_UARTEx_ReceiveToIdle_DMA)
    HAL_UARTEx_RxEventCallback               0x08002619   Thumb Code   188  ros_task.o(.text.HAL_UARTEx_RxEventCallback)
    HAL_UART_ErrorCallback                   0x080026d5   Thumb Code     2  stm32f4xx_hal_uart.o(.text.HAL_UART_ErrorCallback)
    HAL_UART_IRQHandler                      0x080026d9   Thumb Code   578  stm32f4xx_hal_uart.o(.text.HAL_UART_IRQHandler)
    HAL_UART_Init                            0x0800291d   Thumb Code    96  stm32f4xx_hal_uart.o(.text.HAL_UART_Init)
    HAL_UART_MspInit                         0x0800297d   Thumb Code   264  usart.o(.text.HAL_UART_MspInit)
    HAL_UART_RxCpltCallback                  0x08002a85   Thumb Code     2  stm32f4xx_hal_uart.o(.text.HAL_UART_RxCpltCallback)
    HAL_UART_RxHalfCpltCallback              0x08002a89   Thumb Code     2  stm32f4xx_hal_uart.o(.text.HAL_UART_RxHalfCpltCallback)
    HAL_UART_Transmit_DMA                    0x08002a8d   Thumb Code   124  stm32f4xx_hal_uart.o(.text.HAL_UART_Transmit_DMA)
    HAL_UART_TxCpltCallback                  0x08002b09   Thumb Code    36  ros_task.o(.text.HAL_UART_TxCpltCallback)
    HAL_UART_TxHalfCpltCallback              0x08002b2d   Thumb Code     2  stm32f4xx_hal_uart.o(.text.HAL_UART_TxHalfCpltCallback)
    HardFault_Handler                        0x08002b31   Thumb Code     2  stm32f4xx_it.o(.text.HardFault_Handler)
    LED_Task                                 0x08002b35   Thumb Code   264  led_task.o(.text.LED_Task)
    M2006_Receive                            0x08002c3d   Thumb Code    92  motor.o(.text.M2006_Receive)
    MX_CAN1_Init                             0x08002c99   Thumb Code    60  can.o(.text.MX_CAN1_Init)
    MX_CAN2_Init                             0x08002cd5   Thumb Code    60  can.o(.text.MX_CAN2_Init)
    MX_DMA_Init                              0x08002d11   Thumb Code    70  dma_1.o(.text.MX_DMA_Init)
    MX_FREERTOS_Init                         0x08002d59   Thumb Code    60  freertos.o(.text.MX_FREERTOS_Init)
    MX_GPIO_Init                             0x08002d95   Thumb Code   170  gpio.o(.text.MX_GPIO_Init)
    MX_TIM2_Init                             0x08002e41   Thumb Code   124  tim.o(.text.MX_TIM2_Init)
    MX_USART2_UART_Init                      0x08002ebd   Thumb Code    56  usart.o(.text.MX_USART2_UART_Init)
    MemManage_Handler                        0x08002ef5   Thumb Code     2  stm32f4xx_it.o(.text.MemManage_Handler)
    MotorSend                                0x08002ef9   Thumb Code    58  motor.o(.text.MotorSend)
    NMI_Handler                              0x08002f35   Thumb Code     2  stm32f4xx_it.o(.text.NMI_Handler)
    PID_Calculate                            0x08002f65   Thumb Code   506  pid.o(.text.PID_Calculate)
    PID_Control_Smis                         0x08003161   Thumb Code   462  pid.o(.text.PID_Control_Smis)
    PID_Init                                 0x08003331   Thumb Code    54  pid.o(.text.PID_Init)
    PID_Task                                 0x08003369   Thumb Code  2184  pid_task.o(.text.PID_Task)
    PendSV_Handler                           0x08003bf1   Thumb Code   100  port.o(.text.PendSV_Handler)
    RAMP_self                                0x08003c55   Thumb Code    84  pid_task.o(.text.RAMP_self)
    RM3508_Receive                           0x08003ca9   Thumb Code   124  motor.o(.text.RM3508_Receive)
    SVC_Handler                              0x08003d31   Thumb Code    36  port.o(.text.SVC_Handler)
    StartDefaultTask                         0x08003d55   Thumb Code    20  freertos.o(.text.StartDefaultTask)
    SysTick_Handler                          0x08003d69   Thumb Code    46  port.o(.text.SysTick_Handler)
    SystemClock_Config                       0x08003d99   Thumb Code   166  main.o(.text.SystemClock_Config)
    SystemInit                               0x08003e41   Thumb Code    18  system_stm32f4xx.o(.text.SystemInit)
    TIM1_UP_TIM10_IRQHandler                 0x08003e55   Thumb Code    16  stm32f4xx_it.o(.text.TIM1_UP_TIM10_IRQHandler)
    TIM2_IRQHandler                          0x08003e65   Thumb Code    16  stm32f4xx_it.o(.text.TIM2_IRQHandler)
    TIM_Base_SetConfig                       0x08003e75   Thumb Code   308  stm32f4xx_hal_tim.o(.text.TIM_Base_SetConfig)
    TIM_ETR_SetConfig                        0x08003fa9   Thumb Code    22  stm32f4xx_hal_tim.o(.text.TIM_ETR_SetConfig)
    UART_Start_Receive_DMA                   0x0800438d   Thumb Code   150  stm32f4xx_hal_uart.o(.text.UART_Start_Receive_DMA)
    USART2_IRQHandler                        0x08004479   Thumb Code    16  stm32f4xx_it.o(.text.USART2_IRQHandler)
    UsageFault_Handler                       0x08004489   Thumb Code     2  stm32f4xx_it.o(.text.UsageFault_Handler)
    sub_callback(std_msgs::String const&)    0x0800448d   Thumb Code    36  ros_task.o(.text._Z12sub_callbackRKN8std_msgs6StringE)
    deal_task()                              0x080044c9   Thumb Code    26  ros_task.o(.text._Z9deal_taskv)
    loop_task()                              0x080044e5   Thumb Code    24  ros_task.o(.text._Z9loop_taskv)
    STM32Hardware::getRdmaInd()              0x080044fd   Thumb Code    16  ros_task.o(.text._ZN13STM32Hardware10getRdmaIndEv)
    STM32Hardware::reset_rbuf(unsigned short) 0x0800450d   Thumb Code    20  ros_task.o(.text._ZN13STM32Hardware10reset_rbufEt)
    STM32Hardware::init()                    0x08004521   Thumb Code    12  ros_task.o(.text._ZN13STM32Hardware4initEv)
    STM32Hardware::read()                    0x0800452d   Thumb Code    46  ros_task.o(.text._ZN13STM32Hardware4readEv)
    STM32Hardware::time()                    0x0800455d   Thumb Code     8  ros_task.o(.text._ZN13STM32Hardware4timeEv)
    STM32Hardware::flush()                   0x08004565   Thumb Code    88  ros_task.o(.text._ZN13STM32Hardware5flushEv)
    STM32Hardware::write(unsigned char*, int) 0x080045bd   Thumb Code    98  ros_task.o(.text._ZN13STM32Hardware5writeEPhi)
    rosserial_msgs::RequestParamResponse::deserialize(unsigned char*) 0x08004621   Thumb Code   270  ros_task.o(.text._ZN14rosserial_msgs20RequestParamResponse11deserializeEPh)
    rosserial_msgs::RequestParamResponse::getMD5() 0x08004731   Thumb Code     4  ros_task.o(.text._ZN14rosserial_msgs20RequestParamResponse6getMD5Ev)
    rosserial_msgs::RequestParamResponse::getType() 0x08004759   Thumb Code    10  ros_task.o(.text._ZN14rosserial_msgs20RequestParamResponse7getTypeEv)
    rosserial_msgs::Log::deserialize(unsigned char*) 0x08004765   Thumb Code    74  ros_task.o(.text._ZN14rosserial_msgs3Log11deserializeEPh)
    rosserial_msgs::Log::getMD5()            0x080047b1   Thumb Code     4  ros_task.o(.text._ZN14rosserial_msgs3Log6getMD5Ev)
    rosserial_msgs::Log::getType()           0x080047d9   Thumb Code     4  ros_task.o(.text._ZN14rosserial_msgs3Log7getTypeEv)
    rosserial_msgs::Log::Log__sub_object()   0x080047f1   Thumb Code    34  ros_task.o(.text._ZN14rosserial_msgs3LogC2Ev)
    rosserial_msgs::TopicInfo::deserialize(unsigned char*) 0x08004815   Thumb Code   196  ros_task.o(.text._ZN14rosserial_msgs9TopicInfo11deserializeEPh)
    rosserial_msgs::TopicInfo::getMD5()      0x080048d9   Thumb Code     4  ros_task.o(.text._ZN14rosserial_msgs9TopicInfo6getMD5Ev)
    rosserial_msgs::TopicInfo::getType()     0x08004901   Thumb Code     4  ros_task.o(.text._ZN14rosserial_msgs9TopicInfo7getTypeEv)
    rosserial_msgs::TopicInfo::TopicInfo__sub_object() 0x08004921   Thumb Code    40  ros_task.o(.text._ZN14rosserial_msgs9TopicInfoC2Ev)
    ros::Subscriber<std_msgs::String, void>::getMsgType() 0x08004949   Thumb Code    10  ros_task.o(.text._ZN3ros10SubscriberIN8std_msgs6StringEvE10getMsgTypeEv)
    ros::Subscriber<std_msgs::String, void>::getEndpointType() 0x08004955   Thumb Code     4  ros_task.o(.text._ZN3ros10SubscriberIN8std_msgs6StringEvE15getEndpointTypeEv)
    ros::Subscriber<std_msgs::String, void>::callback(unsigned char*) 0x08004959   Thumb Code    22  ros_task.o(.text._ZN3ros10SubscriberIN8std_msgs6StringEvE8callbackEPh)
    ros::Subscriber<std_msgs::String, void>::getMsgMD5() 0x08004971   Thumb Code    10  ros_task.o(.text._ZN3ros10SubscriberIN8std_msgs6StringEvE9getMsgMD5Ev)
    ros::NodeHandle_<STM32Hardware, 25, 25, 512, 512>::getHardware() 0x0800497d   Thumb Code     4  ros_task.o(.text._ZN3ros11NodeHandle_I13STM32HardwareLi25ELi25ELi512ELi512EE11getHardwareEv)
    ros::NodeHandle_<STM32Hardware, 25, 25, 512, 512>::negotiateTopics() 0x08004981   Thumb Code   208  ros_task.o(.text._ZN3ros11NodeHandle_I13STM32HardwareLi25ELi25ELi512ELi512EE15negotiateTopicsEv)
    ros::NodeHandle_<STM32Hardware, 25, 25, 512, 512>::requestSyncTime() 0x08004a51   Thumb Code    46  ros_task.o(.text._ZN3ros11NodeHandle_I13STM32HardwareLi25ELi25ELi512ELi512EE15requestSyncTimeEv)
    ros::NodeHandle_<STM32Hardware, 25, 25, 512, 512>::log(char, char const*) 0x08004a81   Thumb Code    40  ros_task.o(.text._ZN3ros11NodeHandle_I13STM32HardwareLi25ELi25ELi512ELi512EE3logEcPKc)
    ros::NodeHandle_<STM32Hardware, 25, 25, 512, 512>::setNow(ros::Time const&) 0x08004aa9   Thumb Code    92  ros_task.o(.text._ZN3ros11NodeHandle_I13STM32HardwareLi25ELi25ELi512ELi512EE6setNowERKNS_4TimeE)
    ros::NodeHandle_<STM32Hardware, 25, 25, 512, 512>::loginfo(char const*) 0x08004b05   Thumb Code    12  ros_task.o(.text._ZN3ros11NodeHandle_I13STM32HardwareLi25ELi25ELi512ELi512EE7loginfoEPKc)
    ros::NodeHandle_<STM32Hardware, 25, 25, 512, 512>::publish(int, ros::Msg const*) 0x08004b11   Thumb Code   164  ros_task.o(.text._ZN3ros11NodeHandle_I13STM32HardwareLi25ELi25ELi512ELi512EE7publishEiPKNS_3MsgE)
    ros::NodeHandle_<STM32Hardware, 25, 25, 512, 512>::initNode() 0x08004bf1   Thumb Code    28  ros_task.o(.text._ZN3ros11NodeHandle_I13STM32HardwareLi25ELi25ELi512ELi512EE8initNodeEv)
    ros::NodeHandle_<STM32Hardware, 25, 25, 512, 512>::logerror(char const*) 0x08004c0d   Thumb Code    12  ros_task.o(.text._ZN3ros11NodeHandle_I13STM32HardwareLi25ELi25ELi512ELi512EE8logerrorEPKc)
    ros::NodeHandle_<STM32Hardware, 25, 25, 512, 512>::spinOnce() 0x08004c19   Thumb Code   608  ros_task.o(.text._ZN3ros11NodeHandle_I13STM32HardwareLi25ELi25ELi512ELi512EE8spinOnceEv)
    ros::NodeHandle_<STM32Hardware, 25, 25, 512, 512>::syncTime(unsigned char*) 0x08004e79   Thumb Code   120  ros_task.o(.text._ZN3ros11NodeHandle_I13STM32HardwareLi25ELi25ELi512ELi512EE8syncTimeEPh)
    ros::NodeHandle_<STM32Hardware, 25, 25, 512, 512>::advertise(ros::Publisher&) 0x08004ef1   Thumb Code    52  ros_task.o(.text._ZN3ros11NodeHandle_I13STM32HardwareLi25ELi25ELi512ELi512EE9advertiseERNS_9PublisherE)
    ros::NodeHandle_<STM32Hardware, 25, 25, 512, 512>::connected() 0x08004f25   Thumb Code     8  ros_task.o(.text._ZN3ros11NodeHandle_I13STM32HardwareLi25ELi25ELi512ELi512EE9connectedEv)
    ros::NodeHandle_<STM32Hardware, 25, 25, 512, 512>::subscribe(ros::Subscriber_&) 0x08004f2d   Thumb Code    48  ros_task.o(.text._ZN3ros11NodeHandle_I13STM32HardwareLi25ELi25ELi512ELi512EE9subscribeERNS_11Subscriber_E)
    ros::normalizeSecNSec(unsigned int&, unsigned int&) 0x08004f5d   Thumb Code    48  time.o(.text._ZN3ros16normalizeSecNSecERjS0_)
    void ros::Msg::arrToVar<unsigned int, unsigned char*>(unsigned int&, unsigned char*) 0x08004f8d   Thumb Code    34  ros_task.o(.text._ZN3ros3Msg8arrToVarIjPhEEvRT_T0_)
    void ros::Msg::varToArr<unsigned char*, unsigned int>(unsigned char*, unsigned int) 0x08004fb1   Thumb Code    20  ros_task.o(.text._ZN3ros3Msg8varToArrIPhjEEvT_T0_)
    ros::Msg::Msg__sub_object()              0x08004fc5   Thumb Code    14  ros_task.o(.text._ZN3ros3MsgC2Ev)
    ros::Time::Time__sub_object()            0x08004fd5   Thumb Code     8  ros_task.o(.text._ZN3ros4TimeC2Ev)
    ros::Publisher::getEndpointType()        0x08004fdd   Thumb Code     4  ros_task.o(.text._ZN3ros9Publisher15getEndpointTypeEv)
    std_msgs::Time::deserialize(unsigned char*) 0x08004fe1   Thumb Code    62  ros_task.o(.text._ZN8std_msgs4Time11deserializeEPh)
    std_msgs::Time::getMD5()                 0x08005021   Thumb Code     4  ros_task.o(.text._ZN8std_msgs4Time6getMD5Ev)
    std_msgs::Time::getType()                0x08005049   Thumb Code     4  ros_task.o(.text._ZN8std_msgs4Time7getTypeEv)
    std_msgs::Time::Time__sub_object()       0x0800505d   Thumb Code    34  ros_task.o(.text._ZN8std_msgs4TimeC2Ev)
    std_msgs::String::deserialize(unsigned char*) 0x08005081   Thumb Code    66  ros_task.o(.text._ZN8std_msgs6String11deserializeEPh)
    std_msgs::String::getMD5()               0x080050c5   Thumb Code     4  ros_task.o(.text._ZN8std_msgs6String6getMD5Ev)
    std_msgs::String::getType()              0x080050ed   Thumb Code     4  ros_task.o(.text._ZN8std_msgs6String7getTypeEv)
    std_msgs::UInt32::deserialize(unsigned char*) 0x08005101   Thumb Code    34  ros_task.o(.text._ZN8std_msgs6UInt3211deserializeEPh)
    std_msgs::UInt32::getMD5()               0x08005125   Thumb Code     4  ros_task.o(.text._ZN8std_msgs6UInt326getMD5Ev)
    std_msgs::UInt32::getType()              0x0800514d   Thumb Code     4  ros_task.o(.text._ZN8std_msgs6UInt327getTypeEv)
    rosserial_msgs::RequestParamResponse::serialize(unsigned char*) const 0x08005161   Thumb Code   228  ros_task.o(.text._ZNK14rosserial_msgs20RequestParamResponse9serializeEPh)
    rosserial_msgs::Log::serialize(unsigned char*) const 0x08005245   Thumb Code    48  ros_task.o(.text._ZNK14rosserial_msgs3Log9serializeEPh)
    rosserial_msgs::TopicInfo::serialize(unsigned char*) const 0x08005275   Thumb Code   118  ros_task.o(.text._ZNK14rosserial_msgs9TopicInfo9serializeEPh)
    std_msgs::Time::serialize(unsigned char*) const 0x080052ed   Thumb Code    40  ros_task.o(.text._ZNK8std_msgs4Time9serializeEPh)
    std_msgs::String::serialize(unsigned char*) const 0x08005315   Thumb Code    36  ros_task.o(.text._ZNK8std_msgs6String9serializeEPh)
    std_msgs::UInt32::serialize(unsigned char*) const 0x08005339   Thumb Code    22  ros_task.o(.text._ZNK8std_msgs6UInt329serializeEPh)
    __cxa_pure_virtual                       0x080053c5   Thumb Code     8  cxa_virtual.cpp.o(.text.__cxa_pure_virtual)
    abort_message                            0x080053ed   Thumb Code     4  abort_message.cpp.o(.text.abort_message)
    main                                     0x08005449   Thumb Code    42  main.o(.text.main)
    node_init                                0x08005481   Thumb Code   132  ros_task.o(.text.node_init)
    osDelay                                  0x0800551d   Thumb Code    16  cmsis_os.o(.text.osDelay)
    osKernelStart                            0x0800552d   Thumb Code    10  cmsis_os.o(.text.osKernelStart)
    osThreadCreate                           0x08005539   Thumb Code   110  cmsis_os.o(.text.osThreadCreate)
    pvPortMalloc                             0x080059fd   Thumb Code   330  heap_4.o(.text.pvPortMalloc)
    pxPortInitialiseStack                    0x08005b49   Thumb Code    40  port.o(.text.pxPortInitialiseStack)
    taskInit                                 0x08005b71   Thumb Code   140  task_init.o(.text.taskInit)
    ulTaskNotifyTake                         0x08005c15   Thumb Code   106  tasks.o(.text.ulTaskNotifyTake)
    uxListRemove                             0x08005c81   Thumb Code    36  list.o(.text.uxListRemove)
    vApplicationGetIdleTaskMemory            0x08005ca5   Thumb Code    26  freertos.o(.text.vApplicationGetIdleTaskMemory)
    vListInitialise                          0x08005cc1   Thumb Code    22  list.o(.text.vListInitialise)
    vListInitialiseItem                      0x08005cd9   Thumb Code     6  list.o(.text.vListInitialiseItem)
    vListInsert                              0x08005ce1   Thumb Code    58  list.o(.text.vListInsert)
    vListInsertEnd                           0x08005d1d   Thumb Code    28  list.o(.text.vListInsertEnd)
    vPortEnterCritical                       0x08005d4d   Thumb Code    70  port.o(.text.vPortEnterCritical)
    vPortExitCritical                        0x08005d95   Thumb Code    46  port.o(.text.vPortExitCritical)
    vPortFree                                0x08005dc5   Thumb Code   138  heap_4.o(.text.vPortFree)
    vPortSetupTimerInterrupt                 0x08005e51   Thumb Code    52  port.o(.text.vPortSetupTimerInterrupt)
    vPortValidateInterruptPriority           0x08005e85   Thumb Code    98  port.o(.text.vPortValidateInterruptPriority)
    vTaskDelay                               0x08005ee9   Thumb Code    84  tasks.o(.text.vTaskDelay)
    vTaskDelete                              0x08005f3d   Thumb Code   238  tasks.o(.text.vTaskDelete)
    vTaskNotifyGiveFromISR                   0x0800602d   Thumb Code   220  tasks.o(.text.vTaskNotifyGiveFromISR)
    vTaskStartScheduler                      0x08006109   Thumb Code   120  tasks.o(.text.vTaskStartScheduler)
    vTaskSuspendAll                          0x08006189   Thumb Code    16  tasks.o(.text.vTaskSuspendAll)
    vTaskSwitchContext                       0x08006199   Thumb Code   134  tasks.o(.text.vTaskSwitchContext)
    xPortStartScheduler                      0x08006221   Thumb Code   274  port.o(.text.xPortStartScheduler)
    xTaskCreate                              0x08006335   Thumb Code   102  tasks.o(.text.xTaskCreate)
    xTaskCreateStatic                        0x0800639d   Thumb Code   118  tasks.o(.text.xTaskCreateStatic)
    xTaskGetTickCount                        0x08006415   Thumb Code    12  tasks.o(.text.xTaskGetTickCount)
    xTaskIncrementTick                       0x08006421   Thumb Code   356  tasks.o(.text.xTaskIncrementTick)
    xTaskResumeAll                           0x08006585   Thumb Code   280  tasks.o(.text.xTaskResumeAll)
    _fp_init                                 0x0800669d   Thumb Code    26  fpinit.o(x$fpl$fpinit)
    __fplib_config_fpu_vfp                   0x080066b5   Thumb Code     0  fpinit.o(x$fpl$fpinit)
    __fplib_config_pureend_doubles           0x080066b5   Thumb Code     0  fpinit.o(x$fpl$fpinit)
    AHBPrescTable                            0x080066d4   Data          16  system_stm32f4xx.o(.rodata.AHBPrescTable)
    APBPrescTable                            0x080066e4   Data           8  system_stm32f4xx.o(.rodata.APBPrescTable)
    vtable for rosserial_msgs::RequestParamResponse 0x08006708   Data          24  ros_task.o(.rodata._ZTVN14rosserial_msgs20RequestParamResponseE)
    vtable for rosserial_msgs::Log           0x08006720   Data          24  ros_task.o(.rodata._ZTVN14rosserial_msgs3LogE)
    vtable for rosserial_msgs::TopicInfo     0x08006738   Data          24  ros_task.o(.rodata._ZTVN14rosserial_msgs9TopicInfoE)
    vtable for ros::Subscriber<std_msgs::String, void> 0x08006750   Data          24  ros_task.o(.rodata._ZTVN3ros10SubscriberIN8std_msgs6StringEvEE)
    vtable for ros::NodeHandle_<STM32Hardware, 25, 25, 512, 512> 0x08006768   Data          20  ros_task.o(.rodata._ZTVN3ros11NodeHandle_I13STM32HardwareLi25ELi25ELi512ELi512EEE)
    vtable for ros::Msg                      0x0800677c   Data          24  ros_task.o(.rodata._ZTVN3ros3MsgE)
    vtable for std_msgs::Time                0x08006794   Data          24  ros_task.o(.rodata._ZTVN8std_msgs4TimeE)
    vtable for std_msgs::String              0x080067ac   Data          24  ros_task.o(.rodata._ZTVN8std_msgs6StringE)
    vtable for std_msgs::UInt32              0x080067c4   Data          24  ros_task.o(.rodata._ZTVN8std_msgs6UInt32E)
    Region$$Table$$Base                      0x0800680c   Number         0  anon$$obj.o(Region$$Table)
    Region$$Table$$Limit                     0x0800682c   Number         0  anon$$obj.o(Region$$Table)
    SystemCoreClock                          0x20000000   Data           4  system_stm32f4xx.o(.data.SystemCoreClock)
    flag                                     0x20000004   Data           1  led_task.o(.data.flag)
    motor_ramp                               0x20000008   Data          48  pid_task.o(.data.motor_ramp)
    msg                                      0x20000038   Data           8  ros_task.o(.data.msg)
    nh                                       0x20000040   Data        5436  ros_task.o(.data.nh)
    pub                                      0x2000157c   Data          20  ros_task.o(.data.pub)
    sub                                      0x20001590   Data          28  ros_task.o(.data.sub)
    uwTickFreq                               0x200015ac   Data           1  stm32f4xx_hal.o(.data.uwTickFreq)
    uwTickPrio                               0x200015b0   Data           4  stm32f4xx_hal.o(.data.uwTickPrio)
    __libspace_start                         0x200015b8   Data          96  libspace.o(.bss)
    CAN1_buff                                0x20001618   Data           8  candrive.o(.bss.CAN1_buff)
    __temporary_stack_top$libspace           0x20001618   Data           0  libspace.o(.bss)
    CAN2_buff                                0x20001620   Data           8  candrive.o(.bss.CAN2_buff)
    Cascaed_PID_position                     0x20001628   Data         512  pid_task.o(.bss.Cascaed_PID_position)
    Cascaed_PID_speed                        0x20001828   Data         512  pid_task.o(.bss.Cascaed_PID_speed)
    LED_Handler                              0x20001a2c   Data           4  led_task.o(.bss.LED_Handler)
    M2006_PID_Speed                          0x20001a30   Data         512  pid_task.o(.bss.M2006_PID_Speed)
    M2006_PID_position                       0x20001c30   Data         512  pid_task.o(.bss.M2006_PID_position)
    PID_Handler                              0x20001e30   Data           4  pid_task.o(.bss.PID_Handler)
    STM32Hardware::flush()::mutex            0x20001e34   Data           1  ros_task.o(.bss._ZZN13STM32Hardware5flushEvE5mutex)
    deal_task_handle                         0x20001e38   Data           4  ros_task.o(.bss.deal_task_handle)
    defaultTaskHandle                        0x20001e3c   Data           4  freertos.o(.bss.defaultTaskHandle)
    hcan1                                    0x20001e40   Data          40  can.o(.bss.hcan1)
    hcan2                                    0x20001e68   Data          40  can.o(.bss.hcan2)
    hdma_usart2_rx                           0x20001e90   Data          96  usart.o(.bss.hdma_usart2_rx)
    hdma_usart2_tx                           0x20001ef0   Data          96  usart.o(.bss.hdma_usart2_tx)
    htim1                                    0x20001f50   Data          72  stm32f4xx_hal_timebase_tim.o(.bss.htim1)
    htim2                                    0x20001f98   Data          72  tim.o(.bss.htim2)
    huart2                                   0x20001fe0   Data          72  usart.o(.bss.huart2)
    i                                        0x20002028   Data           1  led_task.o(.bss.i)
    loop_task_handle                         0x2000202c   Data           4  ros_task.o(.bss.loop_task_handle)
    mode                                     0x20002030   Data           1  led_task.o(.bss.mode)
    motor_data_send                          0x20002032   Data          16  pid_task.o(.bss.motor_data_send)
    motor_start_flag                         0x20002042   Data           4  pid_task.o(.bss.motor_start_flag)
    motor_state                              0x20002048   Data         336  pid_task.o(.bss.motor_state)
    motor_target                             0x20002198   Data          96  pid_task.o(.bss.motor_target)
    pxCurrentTCB                             0x200021f8   Data           4  tasks.o(.bss.pxCurrentTCB)
    uwTick                                   0x20005e9c   Data           4  stm32f4xx_hal.o(.bss.uwTick)



==============================================================================

Memory Map of the image

  Image Entry point : 0x08000189

  Load Region LR_IROM1 (Base: 0x08000000, Size: 0x00007de8, Max: 0x00080000, ABSOLUTE, COMPRESSED[0x000068c0])

    Execution Region ER_IROM1 (Exec base: 0x08000000, Load base: 0x08000000, Size: 0x0000682c, Max: 0x00080000, ABSOLUTE)

    Exec Addr    Load Addr    Size         Type   Attr      Idx    E Section Name        Object

    0x08000000   0x08000000   0x00000188   Data   RO          620    RESET               startup_stm32f407xx.o
    0x08000188   0x08000188   0x00000008   Code   RO         2277  * !!!main             c_w.l(__main.o)
    0x08000190   0x08000190   0x00000034   Code   RO         2540    !!!scatter          c_w.l(__scatter.o)
    0x080001c4   0x080001c4   0x0000003a   Code   RO         2538    !!dczerorl          c_w.l(__dczerorl.o)
    0x080001fe   0x080001fe   0x00000002   PAD
    0x08000200   0x08000200   0x0000001c   Code   RO         2542    !!handler_zi        c_w.l(__scatter_zi.o)
    0x0800021c   0x0800021c   0x00000000   Code   RO         2266    .ARM.Collect$$_printf_percent$$00000000  c_w.l(_printf_percent.o)
    0x0800021c   0x0800021c   0x00000006   Code   RO         2265    .ARM.Collect$$_printf_percent$$00000014  c_w.l(_printf_s.o)
    0x08000222   0x08000222   0x00000004   Code   RO         2333    .ARM.Collect$$_printf_percent$$00000017  c_w.l(_printf_percent_end.o)
    0x08000226   0x08000226   0x00000002   Code   RO         2477    .ARM.Collect$$libinit$$00000000  c_w.l(libinit.o)
    0x08000228   0x08000228   0x00000004   Code   RO         2340    .ARM.Collect$$libinit$$00000001  c_w.l(libinit2.o)
    0x0800022c   0x0800022c   0x00000000   Code   RO         2343    .ARM.Collect$$libinit$$00000004  c_w.l(libinit2.o)
    0x0800022c   0x0800022c   0x00000008   Code   RO         2344    .ARM.Collect$$libinit$$00000005  c_w.l(libinit2.o)
    0x08000234   0x08000234   0x00000000   Code   RO         2346    .ARM.Collect$$libinit$$0000000A  c_w.l(libinit2.o)
    0x08000234   0x08000234   0x00000000   Code   RO         2348    .ARM.Collect$$libinit$$0000000C  c_w.l(libinit2.o)
    0x08000234   0x08000234   0x00000000   Code   RO         2350    .ARM.Collect$$libinit$$0000000E  c_w.l(libinit2.o)
    0x08000234   0x08000234   0x00000000   Code   RO         2353    .ARM.Collect$$libinit$$00000011  c_w.l(libinit2.o)
    0x08000234   0x08000234   0x00000000   Code   RO         2355    .ARM.Collect$$libinit$$00000013  c_w.l(libinit2.o)
    0x08000234   0x08000234   0x00000000   Code   RO         2357    .ARM.Collect$$libinit$$00000015  c_w.l(libinit2.o)
    0x08000234   0x08000234   0x00000000   Code   RO         2359    .ARM.Collect$$libinit$$00000017  c_w.l(libinit2.o)
    0x08000234   0x08000234   0x00000000   Code   RO         2361    .ARM.Collect$$libinit$$00000019  c_w.l(libinit2.o)
    0x08000234   0x08000234   0x00000000   Code   RO         2363    .ARM.Collect$$libinit$$0000001B  c_w.l(libinit2.o)
    0x08000234   0x08000234   0x00000000   Code   RO         2365    .ARM.Collect$$libinit$$0000001D  c_w.l(libinit2.o)
    0x08000234   0x08000234   0x00000000   Code   RO         2367    .ARM.Collect$$libinit$$0000001F  c_w.l(libinit2.o)
    0x08000234   0x08000234   0x00000000   Code   RO         2369    .ARM.Collect$$libinit$$00000021  c_w.l(libinit2.o)
    0x08000234   0x08000234   0x00000000   Code   RO         2371    .ARM.Collect$$libinit$$00000023  c_w.l(libinit2.o)
    0x08000234   0x08000234   0x00000000   Code   RO         2373    .ARM.Collect$$libinit$$00000025  c_w.l(libinit2.o)
    0x08000234   0x08000234   0x00000000   Code   RO         2377    .ARM.Collect$$libinit$$0000002C  c_w.l(libinit2.o)
    0x08000234   0x08000234   0x00000000   Code   RO         2379    .ARM.Collect$$libinit$$0000002E  c_w.l(libinit2.o)
    0x08000234   0x08000234   0x00000000   Code   RO         2381    .ARM.Collect$$libinit$$00000030  c_w.l(libinit2.o)
    0x08000234   0x08000234   0x00000000   Code   RO         2383    .ARM.Collect$$libinit$$00000032  c_w.l(libinit2.o)
    0x08000234   0x08000234   0x00000002   Code   RO         2384    .ARM.Collect$$libinit$$00000033  c_w.l(libinit2.o)
    0x08000236   0x08000236   0x00000002   Code   RO         2535    .ARM.Collect$$libshutdown$$00000000  c_w.l(libshutdown.o)
    0x08000238   0x08000238   0x00000000   Code   RO         2493    .ARM.Collect$$libshutdown$$00000002  c_w.l(libshutdown2.o)
    0x08000238   0x08000238   0x00000000   Code   RO         2495    .ARM.Collect$$libshutdown$$00000004  c_w.l(libshutdown2.o)
    0x08000238   0x08000238   0x00000000   Code   RO         2498    .ARM.Collect$$libshutdown$$00000007  c_w.l(libshutdown2.o)
    0x08000238   0x08000238   0x00000000   Code   RO         2501    .ARM.Collect$$libshutdown$$0000000A  c_w.l(libshutdown2.o)
    0x08000238   0x08000238   0x00000000   Code   RO         2503    .ARM.Collect$$libshutdown$$0000000C  c_w.l(libshutdown2.o)
    0x08000238   0x08000238   0x00000000   Code   RO         2506    .ARM.Collect$$libshutdown$$0000000F  c_w.l(libshutdown2.o)
    0x08000238   0x08000238   0x00000002   Code   RO         2507    .ARM.Collect$$libshutdown$$00000010  c_w.l(libshutdown2.o)
    0x0800023a   0x0800023a   0x00000000   Code   RO         2299    .ARM.Collect$$rtentry$$00000000  c_w.l(__rtentry.o)
    0x0800023a   0x0800023a   0x00000000   Code   RO         2402    .ARM.Collect$$rtentry$$00000002  c_w.l(__rtentry2.o)
    0x0800023a   0x0800023a   0x00000006   Code   RO         2414    .ARM.Collect$$rtentry$$00000004  c_w.l(__rtentry4.o)
    0x08000240   0x08000240   0x00000000   Code   RO         2404    .ARM.Collect$$rtentry$$00000009  c_w.l(__rtentry2.o)
    0x08000240   0x08000240   0x00000004   Code   RO         2405    .ARM.Collect$$rtentry$$0000000A  c_w.l(__rtentry2.o)
    0x08000244   0x08000244   0x00000000   Code   RO         2407    .ARM.Collect$$rtentry$$0000000C  c_w.l(__rtentry2.o)
    0x08000244   0x08000244   0x00000008   Code   RO         2408    .ARM.Collect$$rtentry$$0000000D  c_w.l(__rtentry2.o)
    0x0800024c   0x0800024c   0x00000002   Code   RO         2478    .ARM.Collect$$rtexit$$00000000  c_w.l(rtexit.o)
    0x0800024e   0x0800024e   0x00000000   Code   RO         2513    .ARM.Collect$$rtexit$$00000002  c_w.l(rtexit2.o)
    0x0800024e   0x0800024e   0x00000004   Code   RO         2514    .ARM.Collect$$rtexit$$00000003  c_w.l(rtexit2.o)
    0x08000252   0x08000252   0x00000006   Code   RO         2515    .ARM.Collect$$rtexit$$00000004  c_w.l(rtexit2.o)
    0x08000258   0x08000258   0x00000040   Code   RO          621    .text               startup_stm32f407xx.o
    0x08000298   0x08000298   0x0000005e   Code   RO         2173    .text               c_w.l(h1_alloc.o)
    0x080002f6   0x080002f6   0x0000004e   Code   RO         2175    .text               c_w.l(h1_free.o)
    0x08000344   0x08000344   0x000000c4   Code   RO         2177    .text               c_w.l(h1_realloc.o)
    0x08000408   0x08000408   0x000000f0   Code   RO         2235    .text               c_w.l(lludivv7m.o)
    0x080004f8   0x080004f8   0x00000028   Code   RO         2239    .text               c_w.l(noretval__2sprintf.o)
    0x08000520   0x08000520   0x00000068   Code   RO         2241    .text               c_w.l(__printf.o)
    0x08000588   0x08000588   0x00000052   Code   RO         2243    .text               c_w.l(_printf_str.o)
    0x080005da   0x080005da   0x0000003e   Code   RO         2267    .text               c_w.l(strlen.o)
    0x08000618   0x08000618   0x0000008a   Code   RO         2269    .text               c_w.l(rt_memcpy_v6.o)
    0x080006a2   0x080006a2   0x0000004e   Code   RO         2273    .text               c_w.l(rt_memclr_w.o)
    0x080006f0   0x080006f0   0x00000006   Code   RO         2275    .text               c_w.l(heapauxi.o)
    0x080006f6   0x080006f6   0x00000002   PAD
    0x080006f8   0x080006f8   0x00000008   Code   RO         2307    .text               c_w.l(rt_heap_descriptor_intlibspace.o)
    0x08000700   0x08000700   0x00000004   Code   RO         2309    .text               c_w.l(hguard.o)
    0x08000704   0x08000704   0x0000008a   Code   RO         2311    .text               c_w.l(init_alloc.o)
    0x0800078e   0x0800078e   0x0000000e   Code   RO         2315    .text               c_w.l(h1_init.o)
    0x0800079c   0x0800079c   0x00000030   Code   RO         2327    .text               c_w.l(_printf_char_common.o)
    0x080007cc   0x080007cc   0x0000000a   Code   RO         2329    .text               c_w.l(_sputc.o)
    0x080007d6   0x080007d6   0x0000002c   Code   RO         2331    .text               c_w.l(_printf_char.o)
    0x08000802   0x08000802   0x00000064   Code   RO         2334    .text               c_w.l(rt_memcpy_w.o)
    0x08000866   0x08000866   0x00000002   PAD
    0x08000868   0x08000868   0x00000008   Code   RO         2398    .text               c_w.l(libspace.o)
    0x08000870   0x08000870   0x00000000   Code   RO         2420    .text               c_w.l(maybetermalloc1.o)
    0x08000870   0x08000870   0x00000034   Code   RO         2422    .text               c_w.l(h1_extend.o)
    0x080008a4   0x080008a4   0x00000016   Code   RO         2428    .text               c_w.l(abort.o)
    0x080008ba   0x080008ba   0x0000000e   Code   RO         2430    .text               c_w.l(defsig_rtmem_outer.o)
    0x080008c8   0x080008c8   0x0000000c   Code   RO         2441    .text               c_w.l(sys_exit.o)
    0x080008d4   0x080008d4   0x00000002   Code   RO         2445    .text               c_w.l(use_no_semi.o)
    0x080008d6   0x080008d6   0x00000000   Code   RO         2447    .text               c_w.l(indicate_semi.o)
    0x080008d6   0x080008d6   0x0000004a   Code   RO         2448    .text               c_w.l(sys_stackheap_outer.o)
    0x08000920   0x08000920   0x00000012   Code   RO         2454    .text               c_w.l(exit.o)
    0x08000932   0x08000932   0x0000000a   Code   RO         2456    .text               c_w.l(defsig_exit.o)
    0x0800093c   0x0800093c   0x0000000e   Code   RO         2458    .text               c_w.l(defsig_abrt_outer.o)
    0x0800094a   0x0800094a   0x00000002   PAD
    0x0800094c   0x0800094c   0x00000050   Code   RO         2466    .text               c_w.l(defsig_rtmem_inner.o)
    0x0800099c   0x0800099c   0x00000032   Code   RO         2486    .text               c_w.l(defsig_general.o)
    0x080009ce   0x080009ce   0x00000002   PAD
    0x080009d0   0x080009d0   0x00000030   Code   RO         2488    .text               c_w.l(defsig_abrt_inner.o)
    0x08000a00   0x08000a00   0x0000000e   Code   RO         2508    .text               c_w.l(sys_wrch.o)
    0x08000a0e   0x08000a0e   0x00000002   PAD
    0x08000a10   0x08000a10   0x00000002   Code   RO          564    .text.BusFault_Handler  stm32f4xx_it.o
    0x08000a12   0x08000a12   0x00000002   PAD
    0x08000a14   0x08000a14   0x00000010   Code   RO          576    .text.CAN1_RX0_IRQHandler  stm32f4xx_it.o
    0x08000a24   0x08000a24   0x00000010   Code   RO          574    .text.CAN1_TX_IRQHandler  stm32f4xx_it.o
    0x08000a34   0x08000a34   0x00000010   Code   RO          586    .text.CAN2_RX1_IRQHandler  stm32f4xx_it.o
    0x08000a44   0x08000a44   0x00000010   Code   RO          584    .text.CAN2_TX_IRQHandler  stm32f4xx_it.o
    0x08000a54   0x08000a54   0x0000003c   Code   RO          212    .text.CAN_Receive_DataFrame  candrive.o
    0x08000a90   0x08000a90   0x00000024   Code   RO          210    .text.CAN_Send_StdDataFrame  candrive.o
    0x08000ab4   0x08000ab4   0x0000004e   Code   RO          208    .text.CanFilter_Init  candrive.o
    0x08000b02   0x08000b02   0x00000002   PAD
    0x08000b04   0x08000b04   0x00000010   Code   RO          570    .text.DMA1_Stream5_IRQHandler  stm32f4xx_it.o
    0x08000b14   0x08000b14   0x00000010   Code   RO          572    .text.DMA1_Stream6_IRQHandler  stm32f4xx_it.o
    0x08000b24   0x08000b24   0x0000003c   Code   RO          891    .text.DMA_CalcBaseAndBitshift  stm32f4xx_hal_dma.o
    0x08000b60   0x08000b60   0x00000050   Code   RO          889    .text.DMA_CheckFifoParam  stm32f4xx_hal_dma.o
    0x08000bb0   0x08000bb0   0x00000030   Code   RO          897    .text.DMA_SetConfig  stm32f4xx_hal_dma.o
    0x08000be0   0x08000be0   0x00000002   Code   RO          568    .text.DebugMon_Handler  stm32f4xx_it.o
    0x08000be2   0x08000be2   0x00000002   PAD
    0x08000be4   0x08000be4   0x00000006   Code   RO          457    .text.Error_Handler  main.o
    0x08000bea   0x08000bea   0x00000002   PAD
    0x08000bec   0x08000bec   0x00000046   Code   RO          291    .text.GetChassisMotorPower  motor.o
    0x08000c32   0x08000c32   0x00000002   PAD
    0x08000c34   0x08000c34   0x00000026   Code   RO          661    .text.HAL_CAN_ActivateNotification  stm32f4xx_hal_can.o
    0x08000c5a   0x08000c5a   0x00000002   PAD
    0x08000c5c   0x08000c5c   0x00000092   Code   RO          647    .text.HAL_CAN_AddTxMessage  stm32f4xx_hal_can.o
    0x08000cee   0x08000cee   0x00000002   PAD
    0x08000cf0   0x08000cf0   0x000000de   Code   RO          637    .text.HAL_CAN_ConfigFilter  stm32f4xx_hal_can.o
    0x08000dce   0x08000dce   0x00000002   PAD
    0x08000dd0   0x08000dd0   0x00000002   Code   RO          691    .text.HAL_CAN_ErrorCallback  stm32f4xx_hal_can.o
    0x08000dd2   0x08000dd2   0x00000002   PAD
    0x08000dd4   0x08000dd4   0x00000124   Code   RO          657    .text.HAL_CAN_GetRxMessage  stm32f4xx_hal_can.o
    0x08000ef8   0x08000ef8   0x0000023a   Code   RO          665    .text.HAL_CAN_IRQHandler  stm32f4xx_hal_can.o
    0x08001132   0x08001132   0x00000002   PAD
    0x08001134   0x08001134   0x000000f4   Code   RO          627    .text.HAL_CAN_Init  stm32f4xx_hal_can.o
    0x08001228   0x08001228   0x00000126   Code   RO          502    .text.HAL_CAN_MspInit  can.o
    0x0800134e   0x0800134e   0x00000002   PAD
    0x08001350   0x08001350   0x00000002   Code   RO          679    .text.HAL_CAN_RxFifo0FullCallback  stm32f4xx_hal_can.o
    0x08001352   0x08001352   0x00000002   PAD
    0x08001354   0x08001354   0x0000006c   Code   RO           14    .text.HAL_CAN_RxFifo0MsgPendingCallback  pid_task.o
    0x080013c0   0x080013c0   0x00000002   Code   RO          683    .text.HAL_CAN_RxFifo1FullCallback  stm32f4xx_hal_can.o
    0x080013c2   0x080013c2   0x00000002   PAD
    0x080013c4   0x080013c4   0x0000010e   Code   RO           16    .text.HAL_CAN_RxFifo1MsgPendingCallback  pid_task.o
    0x080014d2   0x080014d2   0x00000002   PAD
    0x080014d4   0x080014d4   0x00000002   Code   RO          687    .text.HAL_CAN_SleepCallback  stm32f4xx_hal_can.o
    0x080014d6   0x080014d6   0x00000002   PAD
    0x080014d8   0x080014d8   0x0000005a   Code   RO          639    .text.HAL_CAN_Start  stm32f4xx_hal_can.o
    0x08001532   0x08001532   0x00000002   PAD
    0x08001534   0x08001534   0x00000002   Code   RO          669    .text.HAL_CAN_TxMailbox0AbortCallback  stm32f4xx_hal_can.o
    0x08001536   0x08001536   0x00000002   PAD
    0x08001538   0x08001538   0x00000002   Code   RO          667    .text.HAL_CAN_TxMailbox0CompleteCallback  stm32f4xx_hal_can.o
    0x0800153a   0x0800153a   0x00000002   PAD
    0x0800153c   0x0800153c   0x00000002   Code   RO          673    .text.HAL_CAN_TxMailbox1AbortCallback  stm32f4xx_hal_can.o
    0x0800153e   0x0800153e   0x00000002   PAD
    0x08001540   0x08001540   0x00000002   Code   RO          671    .text.HAL_CAN_TxMailbox1CompleteCallback  stm32f4xx_hal_can.o
    0x08001542   0x08001542   0x00000002   PAD
    0x08001544   0x08001544   0x00000002   Code   RO          677    .text.HAL_CAN_TxMailbox2AbortCallback  stm32f4xx_hal_can.o
    0x08001546   0x08001546   0x00000002   PAD
    0x08001548   0x08001548   0x00000002   Code   RO          675    .text.HAL_CAN_TxMailbox2CompleteCallback  stm32f4xx_hal_can.o
    0x0800154a   0x0800154a   0x00000002   PAD
    0x0800154c   0x0800154c   0x00000002   Code   RO          689    .text.HAL_CAN_WakeUpFromRxMsgCallback  stm32f4xx_hal_can.o
    0x0800154e   0x0800154e   0x00000002   PAD
    0x08001550   0x08001550   0x00000080   Code   RO          901    .text.HAL_DMA_Abort  stm32f4xx_hal_dma.o
    0x080015d0   0x080015d0   0x00000024   Code   RO          903    .text.HAL_DMA_Abort_IT  stm32f4xx_hal_dma.o
    0x080015f4   0x080015f4   0x0000018c   Code   RO          907    .text.HAL_DMA_IRQHandler  stm32f4xx_hal_dma.o
    0x08001780   0x08001780   0x000000ce   Code   RO          887    .text.HAL_DMA_Init  stm32f4xx_hal_dma.o
    0x0800184e   0x0800184e   0x00000002   PAD
    0x08001850   0x08001850   0x00000062   Code   RO          899    .text.HAL_DMA_Start_IT  stm32f4xx_hal_dma.o
    0x080018b2   0x080018b2   0x00000002   PAD
    0x080018b4   0x080018b4   0x0000019a   Code   RO          847    .text.HAL_GPIO_Init  stm32f4xx_hal_gpio.o
    0x08001a4e   0x08001a4e   0x00000002   PAD
    0x08001a50   0x08001a50   0x0000000a   Code   RO          853    .text.HAL_GPIO_WritePin  stm32f4xx_hal_gpio.o
    0x08001a5a   0x08001a5a   0x00000002   PAD
    0x08001a5c   0x08001a5c   0x0000000c   Code   RO         1073    .text.HAL_GetTick   stm32f4xx_hal.o
    0x08001a68   0x08001a68   0x0000001a   Code   RO         1071    .text.HAL_IncTick   stm32f4xx_hal.o
    0x08001a82   0x08001a82   0x00000002   PAD
    0x08001a84   0x08001a84   0x00000036   Code   RO         1061    .text.HAL_Init      stm32f4xx_hal.o
    0x08001aba   0x08001aba   0x00000002   PAD
    0x08001abc   0x08001abc   0x000000a4   Code   RO          604    .text.HAL_InitTick  stm32f4xx_hal_timebase_tim.o
    0x08001b60   0x08001b60   0x00000046   Code   RO          595    .text.HAL_MspInit   stm32f4xx_hal_msp.o
    0x08001ba6   0x08001ba6   0x00000002   PAD
    0x08001ba8   0x08001ba8   0x00000008   Code   RO          999    .text.HAL_NVIC_EnableIRQ  stm32f4xx_hal_cortex.o
    0x08001bb0   0x08001bb0   0x0000001e   Code   RO          991    .text.HAL_NVIC_SetPriority  stm32f4xx_hal_cortex.o
    0x08001bce   0x08001bce   0x00000002   PAD
    0x08001bd0   0x08001bd0   0x00000008   Code   RO          987    .text.HAL_NVIC_SetPriorityGrouping  stm32f4xx_hal_cortex.o
    0x08001bd8   0x08001bd8   0x00000160   Code   RO          711    .text.HAL_RCC_ClockConfig  stm32f4xx_hal_rcc.o
    0x08001d38   0x08001d38   0x0000003e   Code   RO          729    .text.HAL_RCC_GetClockConfig  stm32f4xx_hal_rcc.o
    0x08001d76   0x08001d76   0x00000002   PAD
    0x08001d78   0x08001d78   0x0000000c   Code   RO          721    .text.HAL_RCC_GetHCLKFreq  stm32f4xx_hal_rcc.o
    0x08001d84   0x08001d84   0x00000022   Code   RO          723    .text.HAL_RCC_GetPCLK1Freq  stm32f4xx_hal_rcc.o
    0x08001da6   0x08001da6   0x00000002   PAD
    0x08001da8   0x08001da8   0x00000022   Code   RO          725    .text.HAL_RCC_GetPCLK2Freq  stm32f4xx_hal_rcc.o
    0x08001dca   0x08001dca   0x00000002   PAD
    0x08001dcc   0x08001dcc   0x00000068   Code   RO          713    .text.HAL_RCC_GetSysClockFreq  stm32f4xx_hal_rcc.o
    0x08001e34   0x08001e34   0x00000348   Code   RO          709    .text.HAL_RCC_OscConfig  stm32f4xx_hal_rcc.o
    0x0800217c   0x0800217c   0x00000002   Code   RO         1476    .text.HAL_TIMEx_BreakCallback  stm32f4xx_hal_tim_ex.o
    0x0800217e   0x0800217e   0x00000002   PAD
    0x08002180   0x08002180   0x00000002   Code   RO         1472    .text.HAL_TIMEx_CommutCallback  stm32f4xx_hal_tim_ex.o
    0x08002182   0x08002182   0x00000002   PAD
    0x08002184   0x08002184   0x000000b8   Code   RO         1466    .text.HAL_TIMEx_MasterConfigSynchronization  stm32f4xx_hal_tim_ex.o
    0x0800223c   0x0800223c   0x0000005a   Code   RO         1152    .text.HAL_TIM_Base_Init  stm32f4xx_hal_tim.o
    0x08002296   0x08002296   0x00000002   PAD
    0x08002298   0x08002298   0x00000042   Code   RO          528    .text.HAL_TIM_Base_MspInit  tim.o
    0x080022da   0x080022da   0x00000002   PAD
    0x080022dc   0x080022dc   0x000000a8   Code   RO         1166    .text.HAL_TIM_Base_Start_IT  stm32f4xx_hal_tim.o
    0x08002384   0x08002384   0x000000de   Code   RO         1344    .text.HAL_TIM_ConfigClockSource  stm32f4xx_hal_tim.o
    0x08002462   0x08002462   0x00000002   PAD
    0x08002464   0x08002464   0x00000002   Code   RO         1288    .text.HAL_TIM_IC_CaptureCallback  stm32f4xx_hal_tim.o
    0x08002466   0x08002466   0x00000002   PAD
    0x08002468   0x08002468   0x00000134   Code   RO         1286    .text.HAL_TIM_IRQHandler  stm32f4xx_hal_tim.o
    0x0800259c   0x0800259c   0x00000002   Code   RO         1290    .text.HAL_TIM_OC_DelayElapsedCallback  stm32f4xx_hal_tim.o
    0x0800259e   0x0800259e   0x00000002   PAD
    0x080025a0   0x080025a0   0x00000002   Code   RO         1292    .text.HAL_TIM_PWM_PulseFinishedCallback  stm32f4xx_hal_tim.o
    0x080025a2   0x080025a2   0x00000002   PAD
    0x080025a4   0x080025a4   0x00000014   Code   RO          459    .text.HAL_TIM_PeriodElapsedCallback  main.o
    0x080025b8   0x080025b8   0x00000002   Code   RO         1296    .text.HAL_TIM_TriggerCallback  stm32f4xx_hal_tim.o
    0x080025ba   0x080025ba   0x00000002   PAD
    0x080025bc   0x080025bc   0x0000005c   Code   RO         1544    .text.HAL_UARTEx_ReceiveToIdle_DMA  stm32f4xx_hal_uart.o
    0x08002618   0x08002618   0x000000bc   Code   RO           52    .text.HAL_UARTEx_RxEventCallback  ros_task.o
    0x080026d4   0x080026d4   0x00000002   Code   RO         1580    .text.HAL_UART_ErrorCallback  stm32f4xx_hal_uart.o
    0x080026d6   0x080026d6   0x00000002   PAD
    0x080026d8   0x080026d8   0x00000242   Code   RO         1574    .text.HAL_UART_IRQHandler  stm32f4xx_hal_uart.o
    0x0800291a   0x0800291a   0x00000002   PAD
    0x0800291c   0x0800291c   0x00000060   Code   RO         1490    .text.HAL_UART_Init  stm32f4xx_hal_uart.o
    0x0800297c   0x0800297c   0x00000108   Code   RO          543    .text.HAL_UART_MspInit  usart.o
    0x08002a84   0x08002a84   0x00000002   Code   RO         1592    .text.HAL_UART_RxCpltCallback  stm32f4xx_hal_uart.o
    0x08002a86   0x08002a86   0x00000002   PAD
    0x08002a88   0x08002a88   0x00000002   Code   RO         1594    .text.HAL_UART_RxHalfCpltCallback  stm32f4xx_hal_uart.o
    0x08002a8a   0x08002a8a   0x00000002   PAD
    0x08002a8c   0x08002a8c   0x0000007c   Code   RO         1518    .text.HAL_UART_Transmit_DMA  stm32f4xx_hal_uart.o
    0x08002b08   0x08002b08   0x00000024   Code   RO           54    .text.HAL_UART_TxCpltCallback  ros_task.o
    0x08002b2c   0x08002b2c   0x00000002   Code   RO         1590    .text.HAL_UART_TxHalfCpltCallback  stm32f4xx_hal_uart.o
    0x08002b2e   0x08002b2e   0x00000002   PAD
    0x08002b30   0x08002b30   0x00000002   Code   RO          560    .text.HardFault_Handler  stm32f4xx_it.o
    0x08002b32   0x08002b32   0x00000002   PAD
    0x08002b34   0x08002b34   0x00000108   Code   RO           36    .text.LED_Task      led_task.o
    0x08002c3c   0x08002c3c   0x0000005c   Code   RO          297    .text.M2006_Receive  motor.o
    0x08002c98   0x08002c98   0x0000003c   Code   RO          498    .text.MX_CAN1_Init  can.o
    0x08002cd4   0x08002cd4   0x0000003c   Code   RO          500    .text.MX_CAN2_Init  can.o
    0x08002d10   0x08002d10   0x00000046   Code   RO          517    .text.MX_DMA_Init   dma_1.o
    0x08002d56   0x08002d56   0x00000002   PAD
    0x08002d58   0x08002d58   0x0000003c   Code   RO          481    .text.MX_FREERTOS_Init  freertos.o
    0x08002d94   0x08002d94   0x000000aa   Code   RO          470    .text.MX_GPIO_Init  gpio.o
    0x08002e3e   0x08002e3e   0x00000002   PAD
    0x08002e40   0x08002e40   0x0000007c   Code   RO          526    .text.MX_TIM2_Init  tim.o
    0x08002ebc   0x08002ebc   0x00000038   Code   RO          541    .text.MX_USART2_UART_Init  usart.o
    0x08002ef4   0x08002ef4   0x00000002   Code   RO          562    .text.MemManage_Handler  stm32f4xx_it.o
    0x08002ef6   0x08002ef6   0x00000002   PAD
    0x08002ef8   0x08002ef8   0x0000003a   Code   RO          299    .text.MotorSend     motor.o
    0x08002f32   0x08002f32   0x00000002   PAD
    0x08002f34   0x08002f34   0x00000002   Code   RO          558    .text.NMI_Handler   stm32f4xx_it.o
    0x08002f36   0x08002f36   0x00000002   PAD
    0x08002f38   0x08002f38   0x0000002c   Code   RO          997    .text.NVIC_EncodePriority  stm32f4xx_hal_cortex.o
    0x08002f64   0x08002f64   0x000001fa   Code   RO          317    .text.PID_Calculate  pid.o
    0x0800315e   0x0800315e   0x00000002   PAD
    0x08003160   0x08003160   0x000001ce   Code   RO          321    .text.PID_Control_Smis  pid.o
    0x0800332e   0x0800332e   0x00000002   PAD
    0x08003330   0x08003330   0x00000036   Code   RO          311    .text.PID_Init      pid.o
    0x08003366   0x08003366   0x00000002   PAD
    0x08003368   0x08003368   0x00000888   Code   RO           10    .text.PID_Task      pid_task.o
    0x08003bf0   0x08003bf0   0x00000064   Code   RO         2113    .text.PendSV_Handler  port.o
    0x08003c54   0x08003c54   0x00000054   Code   RO           12    .text.RAMP_self     pid_task.o
    0x08003ca8   0x08003ca8   0x0000007c   Code   RO          289    .text.RM3508_Receive  motor.o
    0x08003d24   0x08003d24   0x0000000c   PAD
    0x08003d30   0x08003d30   0x00000024   Code   RO         2097    .text.SVC_Handler   port.o
    0x08003d54   0x08003d54   0x00000014   Code   RO          483    .text.StartDefaultTask  freertos.o
    0x08003d68   0x08003d68   0x0000002e   Code   RO         2115    .text.SysTick_Handler  port.o
    0x08003d96   0x08003d96   0x00000002   PAD
    0x08003d98   0x08003d98   0x000000a6   Code   RO          455    .text.SystemClock_Config  main.o
    0x08003e3e   0x08003e3e   0x00000002   PAD
    0x08003e40   0x08003e40   0x00000012   Code   RO         1622    .text.SystemInit    system_stm32f4xx.o
    0x08003e52   0x08003e52   0x00000002   PAD
    0x08003e54   0x08003e54   0x00000010   Code   RO          578    .text.TIM1_UP_TIM10_IRQHandler  stm32f4xx_it.o
    0x08003e64   0x08003e64   0x00000010   Code   RO          580    .text.TIM2_IRQHandler  stm32f4xx_it.o
    0x08003e74   0x08003e74   0x00000134   Code   RO         1156    .text.TIM_Base_SetConfig  stm32f4xx_hal_tim.o
    0x08003fa8   0x08003fa8   0x00000016   Code   RO         1342    .text.TIM_ETR_SetConfig  stm32f4xx_hal_tim.o
    0x08003fbe   0x08003fbe   0x00000002   PAD
    0x08003fc0   0x08003fc0   0x00000010   Code   RO         1348    .text.TIM_ITRx_SetConfig  stm32f4xx_hal_tim.o
    0x08003fd0   0x08003fd0   0x00000022   Code   RO         1346    .text.TIM_TI1_ConfigInputStage  stm32f4xx_hal_tim.o
    0x08003ff2   0x08003ff2   0x00000002   PAD
    0x08003ff4   0x08003ff4   0x00000024   Code   RO         1350    .text.TIM_TI2_ConfigInputStage  stm32f4xx_hal_tim.o
    0x08004018   0x08004018   0x00000010   Code   RO         1578    .text.UART_DMAAbortOnError  stm32f4xx_hal_uart.o
    0x08004028   0x08004028   0x0000004c   Code   RO         1524    .text.UART_DMAError  stm32f4xx_hal_uart.o
    0x08004074   0x08004074   0x00000084   Code   RO         1610    .text.UART_DMAReceiveCplt  stm32f4xx_hal_uart.o
    0x080040f8   0x080040f8   0x0000001e   Code   RO         1612    .text.UART_DMARxHalfCplt  stm32f4xx_hal_uart.o
    0x08004116   0x08004116   0x00000002   PAD
    0x08004118   0x08004118   0x00000040   Code   RO         1520    .text.UART_DMATransmitCplt  stm32f4xx_hal_uart.o
    0x08004158   0x08004158   0x0000000a   Code   RO         1522    .text.UART_DMATxHalfCplt  stm32f4xx_hal_uart.o
    0x08004162   0x08004162   0x00000002   PAD
    0x08004164   0x08004164   0x00000050   Code   RO         1538    .text.UART_EndRxTransfer  stm32f4xx_hal_uart.o
    0x080041b4   0x080041b4   0x00000018   Code   RO         1586    .text.UART_EndTransmit_IT  stm32f4xx_hal_uart.o
    0x080041cc   0x080041cc   0x0000001c   Code   RO         1536    .text.UART_EndTxTransfer  stm32f4xx_hal_uart.o
    0x080041e8   0x080041e8   0x000000c8   Code   RO         1576    .text.UART_Receive_IT  stm32f4xx_hal_uart.o
    0x080042b0   0x080042b0   0x000000dc   Code   RO         1494    .text.UART_SetConfig  stm32f4xx_hal_uart.o
    0x0800438c   0x0800438c   0x00000096   Code   RO         1528    .text.UART_Start_Receive_DMA  stm32f4xx_hal_uart.o
    0x08004422   0x08004422   0x00000002   PAD
    0x08004424   0x08004424   0x00000052   Code   RO         1584    .text.UART_Transmit_IT  stm32f4xx_hal_uart.o
    0x08004476   0x08004476   0x00000002   PAD
    0x08004478   0x08004478   0x00000010   Code   RO          582    .text.USART2_IRQHandler  stm32f4xx_it.o
    0x08004488   0x08004488   0x00000002   Code   RO          566    .text.UsageFault_Handler  stm32f4xx_it.o
    0x0800448a   0x0800448a   0x00000002   PAD
    0x0800448c   0x0800448c   0x0000003c   Code   RO           50    .text._Z12sub_callbackRKN8std_msgs6StringE  ros_task.o
    0x080044c8   0x080044c8   0x0000001a   Code   RO           60    .text._Z9deal_taskv  ros_task.o
    0x080044e2   0x080044e2   0x00000002   PAD
    0x080044e4   0x080044e4   0x00000018   Code   RO           58    .text._Z9loop_taskv  ros_task.o
    0x080044fc   0x080044fc   0x00000010   Code   RO          169    .text._ZN13STM32Hardware10getRdmaIndEv  ros_task.o
    0x0800450c   0x0800450c   0x00000014   Code   RO           83    .text._ZN13STM32Hardware10reset_rbufEt  ros_task.o
    0x08004520   0x08004520   0x0000000c   Code   RO          157    .text._ZN13STM32Hardware4initEv  ros_task.o
    0x0800452c   0x0800452c   0x0000002e   Code   RO          161    .text._ZN13STM32Hardware4readEv  ros_task.o
    0x0800455a   0x0800455a   0x00000002   PAD
    0x0800455c   0x0800455c   0x00000008   Code   RO          159    .text._ZN13STM32Hardware4timeEv  ros_task.o
    0x08004564   0x08004564   0x00000058   Code   RO           85    .text._ZN13STM32Hardware5flushEv  ros_task.o
    0x080045bc   0x080045bc   0x00000062   Code   RO          117    .text._ZN13STM32Hardware5writeEPhi  ros_task.o
    0x0800461e   0x0800461e   0x00000002   PAD
    0x08004620   0x08004620   0x0000010e   Code   RO          107    .text._ZN14rosserial_msgs20RequestParamResponse11deserializeEPh  ros_task.o
    0x0800472e   0x0800472e   0x00000002   PAD
    0x08004730   0x08004730   0x00000028   Code   RO          111    .text._ZN14rosserial_msgs20RequestParamResponse6getMD5Ev  ros_task.o
    0x08004758   0x08004758   0x0000000a   Code   RO          109    .text._ZN14rosserial_msgs20RequestParamResponse7getTypeEv  ros_task.o
    0x08004762   0x08004762   0x00000002   PAD
    0x08004764   0x08004764   0x0000004a   Code   RO          127    .text._ZN14rosserial_msgs3Log11deserializeEPh  ros_task.o
    0x080047ae   0x080047ae   0x00000002   PAD
    0x080047b0   0x080047b0   0x00000028   Code   RO          131    .text._ZN14rosserial_msgs3Log6getMD5Ev  ros_task.o
    0x080047d8   0x080047d8   0x00000018   Code   RO          129    .text._ZN14rosserial_msgs3Log7getTypeEv  ros_task.o
    0x080047f0   0x080047f0   0x00000022   Code   RO          123    .text._ZN14rosserial_msgs3LogC2Ev  ros_task.o
    0x08004812   0x08004812   0x00000002   PAD
    0x08004814   0x08004814   0x000000c4   Code   RO          189    .text._ZN14rosserial_msgs9TopicInfo11deserializeEPh  ros_task.o
    0x080048d8   0x080048d8   0x00000028   Code   RO          193    .text._ZN14rosserial_msgs9TopicInfo6getMD5Ev  ros_task.o
    0x08004900   0x08004900   0x00000020   Code   RO          191    .text._ZN14rosserial_msgs9TopicInfo7getTypeEv  ros_task.o
    0x08004920   0x08004920   0x00000028   Code   RO          183    .text._ZN14rosserial_msgs9TopicInfoC2Ev  ros_task.o
    0x08004948   0x08004948   0x0000000a   Code   RO          145    .text._ZN3ros10SubscriberIN8std_msgs6StringEvE10getMsgTypeEv  ros_task.o
    0x08004952   0x08004952   0x00000002   PAD
    0x08004954   0x08004954   0x00000004   Code   RO          143    .text._ZN3ros10SubscriberIN8std_msgs6StringEvE15getEndpointTypeEv  ros_task.o
    0x08004958   0x08004958   0x00000016   Code   RO          141    .text._ZN3ros10SubscriberIN8std_msgs6StringEvE8callbackEPh  ros_task.o
    0x0800496e   0x0800496e   0x00000002   PAD
    0x08004970   0x08004970   0x0000000a   Code   RO          147    .text._ZN3ros10SubscriberIN8std_msgs6StringEvE9getMsgMD5Ev  ros_task.o
    0x0800497a   0x0800497a   0x00000002   PAD
    0x0800497c   0x0800497c   0x00000004   Code   RO           81    .text._ZN3ros11NodeHandle_I13STM32HardwareLi25ELi25ELi512ELi512EE11getHardwareEv  ros_task.o
    0x08004980   0x08004980   0x000000d0   Code   RO          165    .text._ZN3ros11NodeHandle_I13STM32HardwareLi25ELi25ELi512ELi512EE15negotiateTopicsEv  ros_task.o
    0x08004a50   0x08004a50   0x0000002e   Code   RO          163    .text._ZN3ros11NodeHandle_I13STM32HardwareLi25ELi25ELi512ELi512EE15requestSyncTimeEv  ros_task.o
    0x08004a7e   0x08004a7e   0x00000002   PAD
    0x08004a80   0x08004a80   0x00000028   Code   RO          121    .text._ZN3ros11NodeHandle_I13STM32HardwareLi25ELi25ELi512ELi512EE3logEcPKc  ros_task.o
    0x08004aa8   0x08004aa8   0x0000005c   Code   RO          195    .text._ZN3ros11NodeHandle_I13STM32HardwareLi25ELi25ELi512ELi512EE6setNowERKNS_4TimeE  ros_task.o
    0x08004b04   0x08004b04   0x0000000c   Code   RO           99    .text._ZN3ros11NodeHandle_I13STM32HardwareLi25ELi25ELi512ELi512EE7loginfoEPKc  ros_task.o
    0x08004b10   0x08004b10   0x000000e0   Code   RO          101    .text._ZN3ros11NodeHandle_I13STM32HardwareLi25ELi25ELi512ELi512EE7publishEiPKNS_3MsgE  ros_task.o
    0x08004bf0   0x08004bf0   0x0000001c   Code   RO           87    .text._ZN3ros11NodeHandle_I13STM32HardwareLi25ELi25ELi512ELi512EE8initNodeEv  ros_task.o
    0x08004c0c   0x08004c0c   0x0000000c   Code   RO          119    .text._ZN3ros11NodeHandle_I13STM32HardwareLi25ELi25ELi512ELi512EE8logerrorEPKc  ros_task.o
    0x08004c18   0x08004c18   0x00000260   Code   RO           93    .text._ZN3ros11NodeHandle_I13STM32HardwareLi25ELi25ELi512ELi512EE8spinOnceEv  ros_task.o
    0x08004e78   0x08004e78   0x00000078   Code   RO          167    .text._ZN3ros11NodeHandle_I13STM32HardwareLi25ELi25ELi512ELi512EE8syncTimeEPh  ros_task.o
    0x08004ef0   0x08004ef0   0x00000034   Code   RO           89    .text._ZN3ros11NodeHandle_I13STM32HardwareLi25ELi25ELi512ELi512EE9advertiseERNS_9PublisherE  ros_task.o
    0x08004f24   0x08004f24   0x00000008   Code   RO           95    .text._ZN3ros11NodeHandle_I13STM32HardwareLi25ELi25ELi512ELi512EE9connectedEv  ros_task.o
    0x08004f2c   0x08004f2c   0x00000030   Code   RO           91    .text._ZN3ros11NodeHandle_I13STM32HardwareLi25ELi25ELi512ELi512EE9subscribeERNS_11Subscriber_E  ros_task.o
    0x08004f5c   0x08004f5c   0x00000030   Code   RO         2146    .text._ZN3ros16normalizeSecNSecERjS0_  time.o
    0x08004f8c   0x08004f8c   0x00000022   Code   RO          115    .text._ZN3ros3Msg8arrToVarIjPhEEvRT_T0_  ros_task.o
    0x08004fae   0x08004fae   0x00000002   PAD
    0x08004fb0   0x08004fb0   0x00000014   Code   RO          113    .text._ZN3ros3Msg8varToArrIPhjEEvT_T0_  ros_task.o
    0x08004fc4   0x08004fc4   0x0000000e   Code   RO          103    .text._ZN3ros3MsgC2Ev  ros_task.o
    0x08004fd2   0x08004fd2   0x00000002   PAD
    0x08004fd4   0x08004fd4   0x00000008   Code   RO          173    .text._ZN3ros4TimeC2Ev  ros_task.o
    0x08004fdc   0x08004fdc   0x00000004   Code   RO          185    .text._ZN3ros9Publisher15getEndpointTypeEv  ros_task.o
    0x08004fe0   0x08004fe0   0x0000003e   Code   RO          177    .text._ZN8std_msgs4Time11deserializeEPh  ros_task.o
    0x0800501e   0x0800501e   0x00000002   PAD
    0x08005020   0x08005020   0x00000028   Code   RO          181    .text._ZN8std_msgs4Time6getMD5Ev  ros_task.o
    0x08005048   0x08005048   0x00000014   Code   RO          179    .text._ZN8std_msgs4Time7getTypeEv  ros_task.o
    0x0800505c   0x0800505c   0x00000022   Code   RO          171    .text._ZN8std_msgs4TimeC2Ev  ros_task.o
    0x0800507e   0x0800507e   0x00000002   PAD
    0x08005080   0x08005080   0x00000042   Code   RO          151    .text._ZN8std_msgs6String11deserializeEPh  ros_task.o
    0x080050c2   0x080050c2   0x00000002   PAD
    0x080050c4   0x080050c4   0x00000028   Code   RO          155    .text._ZN8std_msgs6String6getMD5Ev  ros_task.o
    0x080050ec   0x080050ec   0x00000014   Code   RO          153    .text._ZN8std_msgs6String7getTypeEv  ros_task.o
    0x08005100   0x08005100   0x00000022   Code   RO          135    .text._ZN8std_msgs6UInt3211deserializeEPh  ros_task.o
    0x08005122   0x08005122   0x00000002   PAD
    0x08005124   0x08005124   0x00000028   Code   RO          139    .text._ZN8std_msgs6UInt326getMD5Ev  ros_task.o
    0x0800514c   0x0800514c   0x00000014   Code   RO          137    .text._ZN8std_msgs6UInt327getTypeEv  ros_task.o
    0x08005160   0x08005160   0x000000e4   Code   RO          105    .text._ZNK14rosserial_msgs20RequestParamResponse9serializeEPh  ros_task.o
    0x08005244   0x08005244   0x00000030   Code   RO          125    .text._ZNK14rosserial_msgs3Log9serializeEPh  ros_task.o
    0x08005274   0x08005274   0x00000076   Code   RO          187    .text._ZNK14rosserial_msgs9TopicInfo9serializeEPh  ros_task.o
    0x080052ea   0x080052ea   0x00000002   PAD
    0x080052ec   0x080052ec   0x00000028   Code   RO          175    .text._ZNK8std_msgs4Time9serializeEPh  ros_task.o
    0x08005314   0x08005314   0x00000024   Code   RO          149    .text._ZNK8std_msgs6String9serializeEPh  ros_task.o
    0x08005338   0x08005338   0x00000016   Code   RO          133    .text._ZNK8std_msgs6UInt329serializeEPh  ros_task.o
    0x0800534e   0x0800534e   0x00000002   PAD
    0x08005350   0x08005350   0x00000020   Code   RO         1001    .text.__NVIC_EnableIRQ  stm32f4xx_hal_cortex.o
    0x08005370   0x08005370   0x00000010   Code   RO          993    .text.__NVIC_GetPriorityGrouping  stm32f4xx_hal_cortex.o
    0x08005380   0x08005380   0x00000022   Code   RO          995    .text.__NVIC_SetPriority  stm32f4xx_hal_cortex.o
    0x080053a2   0x080053a2   0x00000002   PAD
    0x080053a4   0x080053a4   0x00000020   Code   RO          989    .text.__NVIC_SetPriorityGrouping  stm32f4xx_hal_cortex.o
    0x080053c4   0x080053c4   0x00000028   Code   RO         2292    .text.__cxa_pure_virtual  libcppabi_w.l(cxa_virtual.cpp.o)
    0x080053ec   0x080053ec   0x00000004   Code   RO         2391    .text.abort_message  libcppabi_w.l(abort_message.cpp.o)
    0x080053f0   0x080053f0   0x0000003e   Code   RO          313    .text.f_PID_param_init  pid.o
    0x0800542e   0x0800542e   0x00000002   PAD
    0x08005430   0x08005430   0x00000018   Code   RO          315    .text.f_PID_reset   pid.o
    0x08005448   0x08005448   0x0000002a   Code   RO          453    .text.main          main.o
    0x08005472   0x08005472   0x00000002   PAD
    0x08005474   0x08005474   0x0000000c   Code   RO         1951    .text.makeFreeRtosPriority  cmsis_os.o
    0x08005480   0x08005480   0x0000009c   Code   RO           56    .text.node_init     ros_task.o
    0x0800551c   0x0800551c   0x00000010   Code   RO         1965    .text.osDelay       cmsis_os.o
    0x0800552c   0x0800552c   0x0000000a   Code   RO         1941    .text.osKernelStart  cmsis_os.o
    0x08005536   0x08005536   0x00000002   PAD
    0x08005538   0x08005538   0x0000006e   Code   RO         1949    .text.osThreadCreate  cmsis_os.o
    0x080055a6   0x080055a6   0x00000002   PAD
    0x080055a8   0x080055a8   0x000000a2   Code   RO         1825    .text.prvAddCurrentTaskToDelayedList  tasks.o
    0x0800564a   0x0800564a   0x00000002   PAD
    0x0800564c   0x0800564c   0x000000ac   Code   RO         1811    .text.prvAddNewTaskToReadyList  tasks.o
    0x080056f8   0x080056f8   0x0000004e   Code   RO         1909    .text.prvCheckTasksWaitingTermination  tasks.o
    0x08005746   0x08005746   0x00000002   PAD
    0x08005748   0x08005748   0x00000036   Code   RO         1817    .text.prvDeleteTCB  tasks.o
    0x0800577e   0x0800577e   0x00000002   PAD
    0x08005780   0x08005780   0x00000076   Code   RO         2063    .text.prvHeapInit   heap_4.o
    0x080057f6   0x080057f6   0x00000002   PAD
    0x080057f8   0x080057f8   0x0000002a   Code   RO         1847    .text.prvIdleTask   tasks.o
    0x08005822   0x08005822   0x00000002   PAD
    0x08005824   0x08005824   0x00000088   Code   RO         1809    .text.prvInitialiseNewTask  tasks.o
    0x080058ac   0x080058ac   0x0000006e   Code   RO         1907    .text.prvInitialiseTaskLists  tasks.o
    0x0800591a   0x0800591a   0x00000002   PAD
    0x0800591c   0x0800591c   0x0000005a   Code   RO         2065    .text.prvInsertBlockIntoFreeList  heap_4.o
    0x08005976   0x08005976   0x00000002   PAD
    0x08005978   0x08005978   0x00000028   Code   RO         2105    .text.prvPortStartFirstTask  port.o
    0x080059a0   0x080059a0   0x00000028   Code   RO         1819    .text.prvResetNextTaskUnblockTime  tasks.o
    0x080059c8   0x080059c8   0x00000032   Code   RO         2095    .text.prvTaskExitError  port.o
    0x080059fa   0x080059fa   0x00000002   PAD
    0x080059fc   0x080059fc   0x0000014a   Code   RO         2061    .text.pvPortMalloc  heap_4.o
    0x08005b46   0x08005b46   0x00000002   PAD
    0x08005b48   0x08005b48   0x00000028   Code   RO         2093    .text.pxPortInitialiseStack  port.o
    0x08005b70   0x08005b70   0x000000a4   Code   RO            2    .text.taskInit      task_init.o
    0x08005c14   0x08005c14   0x0000006a   Code   RO         1893    .text.ulTaskNotifyTake  tasks.o
    0x08005c7e   0x08005c7e   0x00000002   PAD
    0x08005c80   0x08005c80   0x00000024   Code   RO         1676    .text.uxListRemove  list.o
    0x08005ca4   0x08005ca4   0x0000001a   Code   RO          479    .text.vApplicationGetIdleTaskMemory  freertos.o
    0x08005cbe   0x08005cbe   0x00000002   PAD
    0x08005cc0   0x08005cc0   0x00000016   Code   RO         1668    .text.vListInitialise  list.o
    0x08005cd6   0x08005cd6   0x00000002   PAD
    0x08005cd8   0x08005cd8   0x00000006   Code   RO         1670    .text.vListInitialiseItem  list.o
    0x08005cde   0x08005cde   0x00000002   PAD
    0x08005ce0   0x08005ce0   0x0000003a   Code   RO         1674    .text.vListInsert   list.o
    0x08005d1a   0x08005d1a   0x00000002   PAD
    0x08005d1c   0x08005d1c   0x0000001c   Code   RO         1672    .text.vListInsertEnd  list.o
    0x08005d38   0x08005d38   0x00000014   Code   RO         2103    .text.vPortEnableVFP  port.o
    0x08005d4c   0x08005d4c   0x00000046   Code   RO         2109    .text.vPortEnterCritical  port.o
    0x08005d92   0x08005d92   0x00000002   PAD
    0x08005d94   0x08005d94   0x0000002e   Code   RO         2111    .text.vPortExitCritical  port.o
    0x08005dc2   0x08005dc2   0x00000002   PAD
    0x08005dc4   0x08005dc4   0x0000008a   Code   RO         2067    .text.vPortFree     heap_4.o
    0x08005e4e   0x08005e4e   0x00000002   PAD
    0x08005e50   0x08005e50   0x00000034   Code   RO         2101    .text.vPortSetupTimerInterrupt  port.o
    0x08005e84   0x08005e84   0x00000062   Code   RO         2117    .text.vPortValidateInterruptPriority  port.o
    0x08005ee6   0x08005ee6   0x00000002   PAD
    0x08005ee8   0x08005ee8   0x00000054   Code   RO         1821    .text.vTaskDelay    tasks.o
    0x08005f3c   0x08005f3c   0x000000ee   Code   RO         1815    .text.vTaskDelete   tasks.o
    0x0800602a   0x0800602a   0x00000002   PAD
    0x0800602c   0x0800602c   0x000000dc   Code   RO         1901    .text.vTaskNotifyGiveFromISR  tasks.o
    0x08006108   0x08006108   0x00000080   Code   RO         1845    .text.vTaskStartScheduler  tasks.o
    0x08006188   0x08006188   0x00000010   Code   RO         1823    .text.vTaskSuspendAll  tasks.o
    0x08006198   0x08006198   0x00000086   Code   RO         1837    .text.vTaskSwitchContext  tasks.o
    0x0800621e   0x0800621e   0x00000002   PAD
    0x08006220   0x08006220   0x00000112   Code   RO         2099    .text.xPortStartScheduler  port.o
    0x08006332   0x08006332   0x00000002   PAD
    0x08006334   0x08006334   0x00000066   Code   RO         1813    .text.xTaskCreate   tasks.o
    0x0800639a   0x0800639a   0x00000002   PAD
    0x0800639c   0x0800639c   0x00000076   Code   RO         1807    .text.xTaskCreateStatic  tasks.o
    0x08006412   0x08006412   0x00000002   PAD
    0x08006414   0x08006414   0x0000000c   Code   RO         1853    .text.xTaskGetTickCount  tasks.o
    0x08006420   0x08006420   0x00000164   Code   RO         1851    .text.xTaskIncrementTick  tasks.o
    0x08006584   0x08006584   0x00000118   Code   RO         1827    .text.xTaskResumeAll  tasks.o
    0x0800669c   0x0800669c   0x0000001a   Code   RO         2439    x$fpl$fpinit        fz_wm.l(fpinit.o)
    0x080066b6   0x080066b6   0x00000002   PAD
    0x080066b8   0x080066b8   0x0000001c   Data   RO          488    .rodata..L__const.MX_FREERTOS_Init.os_thread_def_defaultTask  freertos.o
    0x080066d4   0x080066d4   0x00000010   Data   RO         1627    .rodata.AHBPrescTable  system_stm32f4xx.o
    0x080066e4   0x080066e4   0x00000008   Data   RO         1628    .rodata.APBPrescTable  system_stm32f4xx.o
    0x080066ec   0x080066ec   0x0000001c   Data   RO           72    .rodata._ZN14rosserial_msgsL12REQUESTPARAME  ros_task.o
    0x08006708   0x08006708   0x00000018   Data   RO          198    .rodata._ZTVN14rosserial_msgs20RequestParamResponseE  ros_task.o
    0x08006720   0x08006720   0x00000018   Data   RO          200    .rodata._ZTVN14rosserial_msgs3LogE  ros_task.o
    0x08006738   0x08006738   0x00000018   Data   RO          206    .rodata._ZTVN14rosserial_msgs9TopicInfoE  ros_task.o
    0x08006750   0x08006750   0x00000018   Data   RO          203    .rodata._ZTVN3ros10SubscriberIN8std_msgs6StringEvEE  ros_task.o
    0x08006768   0x08006768   0x00000014   Data   RO          197    .rodata._ZTVN3ros11NodeHandle_I13STM32HardwareLi25ELi25ELi512ELi512EEE  ros_task.o
    0x0800677c   0x0800677c   0x00000018   Data   RO          199    .rodata._ZTVN3ros3MsgE  ros_task.o
    0x08006794   0x08006794   0x00000018   Data   RO          205    .rodata._ZTVN8std_msgs4TimeE  ros_task.o
    0x080067ac   0x080067ac   0x00000018   Data   RO          204    .rodata._ZTVN8std_msgs6StringE  ros_task.o
    0x080067c4   0x080067c4   0x00000018   Data   RO          201    .rodata._ZTVN8std_msgs6UInt32E  ros_task.o
    0x080067dc   0x080067dc   0x00000024   Data   RO           69    .rodata.str1.1      ros_task.o
    0x08006800   0x08006800   0x0000000c   Data   RO          487    .rodata.str1.1      freertos.o
    0x0800680c   0x0800680c   0x00000020   Data   RO         2537    Region$$Table       anon$$obj.o


    Execution Region RW_IRAM1 (Exec base: 0x20000000, Load base: 0x08006830, Size: 0x000067a8, Max: 0x0001c000, ABSOLUTE, COMPRESSED[0x00000090])

    Exec Addr    Load Addr    Size         Type   Attr      Idx    E Section Name        Object

    0x20000000   COMPRESSED   0x00000004   Data   RW         1626    .data.SystemCoreClock  system_stm32f4xx.o
    0x20000004   COMPRESSED   0x00000001   Data   RW           38    .data.flag          led_task.o
    0x20000005   COMPRESSED   0x00000003   PAD
    0x20000008   COMPRESSED   0x00000030   Data   RW           19    .data.motor_ramp    pid_task.o
    0x20000038   COMPRESSED   0x00000008   Data   RW           67    .data.msg           ros_task.o
    0x20000040   COMPRESSED   0x0000153c   Data   RW           66    .data.nh            ros_task.o
    0x2000157c   COMPRESSED   0x00000014   Data   RW           68    .data.pub           ros_task.o
    0x20001590   COMPRESSED   0x0000001c   Data   RW           70    .data.sub           ros_task.o
    0x200015ac   COMPRESSED   0x00000001   Data   RW         1116    .data.uwTickFreq    stm32f4xx_hal.o
    0x200015ad   COMPRESSED   0x00000003   PAD
    0x200015b0   COMPRESSED   0x00000004   Data   RW         1115    .data.uwTickPrio    stm32f4xx_hal.o
    0x200015b4   COMPRESSED   0x00000004   Data   RW         2121    .data.uxCriticalNesting  port.o
    0x200015b8        -       0x00000060   Zero   RW         2399    .bss                c_w.l(libspace.o)
    0x20001618        -       0x00000008   Zero   RW          214    .bss.CAN1_buff      candrive.o
    0x20001620        -       0x00000008   Zero   RW          215    .bss.CAN2_buff      candrive.o
    0x20001628        -       0x00000200   Zero   RW           21    .bss.Cascaed_PID_position  pid_task.o
    0x20001828        -       0x00000200   Zero   RW           20    .bss.Cascaed_PID_speed  pid_task.o
    0x20001a28        -       0x00000004   Zero   RW          508    .bss.HAL_RCC_CAN1_CLK_ENABLED  can.o
    0x20001a2c        -       0x00000004   Zero   RW           42    .bss.LED_Handler    led_task.o
    0x20001a30        -       0x00000200   Zero   RW           22    .bss.M2006_PID_Speed  pid_task.o
    0x20001c30        -       0x00000200   Zero   RW           23    .bss.M2006_PID_position  pid_task.o
    0x20001e30        -       0x00000004   Zero   RW           27    .bss.PID_Handler    pid_task.o
    0x20001e34        -       0x00000001   Zero   RW          202    .bss._ZZN13STM32Hardware5flushEvE5mutex  ros_task.o
    0x20001e35   COMPRESSED   0x00000003   PAD
    0x20001e38        -       0x00000004   Zero   RW           65    .bss.deal_task_handle  ros_task.o
    0x20001e3c        -       0x00000004   Zero   RW          489    .bss.defaultTaskHandle  freertos.o
    0x20001e40        -       0x00000028   Zero   RW          506    .bss.hcan1          can.o
    0x20001e68        -       0x00000028   Zero   RW          507    .bss.hcan2          can.o
    0x20001e90        -       0x00000060   Zero   RW          548    .bss.hdma_usart2_rx  usart.o
    0x20001ef0        -       0x00000060   Zero   RW          549    .bss.hdma_usart2_tx  usart.o
    0x20001f50        -       0x00000048   Zero   RW          610    .bss.htim1          stm32f4xx_hal_timebase_tim.o
    0x20001f98        -       0x00000048   Zero   RW          532    .bss.htim2          tim.o
    0x20001fe0        -       0x00000048   Zero   RW          547    .bss.huart2         usart.o
    0x20002028        -       0x00000001   Zero   RW           39    .bss.i              led_task.o
    0x20002029   COMPRESSED   0x00000003   PAD
    0x2000202c        -       0x00000004   Zero   RW           64    .bss.loop_task_handle  ros_task.o
    0x20002030        -       0x00000001   Zero   RW           41    .bss.mode           led_task.o
    0x20002031   COMPRESSED   0x00000001   PAD
    0x20002032        -       0x00000010   Zero   RW           26    .bss.motor_data_send  pid_task.o
    0x20002042        -       0x00000004   Zero   RW           24    .bss.motor_start_flag  pid_task.o
    0x20002046   COMPRESSED   0x00000002   PAD
    0x20002048        -       0x00000150   Zero   RW           25    .bss.motor_state    pid_task.o
    0x20002198        -       0x00000060   Zero   RW           18    .bss.motor_target   pid_task.o
    0x200021f8        -       0x00000004   Zero   RW         1911    .bss.pxCurrentTCB   tasks.o
    0x200021fc        -       0x00000004   Zero   RW         1927    .bss.pxDelayedTaskList  tasks.o
    0x20002200        -       0x00000004   Zero   RW         2077    .bss.pxEnd          heap_4.o
    0x20002204        -       0x00000004   Zero   RW         1928    .bss.pxOverflowDelayedTaskList  tasks.o
    0x20002208        -       0x0000008c   Zero   RW         1912    .bss.pxReadyTasksLists  tasks.o
    0x20002294        -       0x00003c00   Zero   RW         2084    .bss.ucHeap         heap_4.o
    0x20005e94        -       0x00000001   Zero   RW         2119    .bss.ucMaxSysCallPriority  port.o
    0x20005e95   COMPRESSED   0x00000003   PAD
    0x20005e98        -       0x00000004   Zero   RW         2120    .bss.ulMaxPRIGROUPValue  port.o
    0x20005e9c        -       0x00000004   Zero   RW         1117    .bss.uwTick         stm32f4xx_hal.o
    0x20005ea0        -       0x00000004   Zero   RW         1917    .bss.uxCurrentNumberOfTasks  tasks.o
    0x20005ea4        -       0x00000004   Zero   RW         1916    .bss.uxDeletedTasksWaitingCleanUp  tasks.o
    0x20005ea8        -       0x00000004   Zero   RW         1919    .bss.uxSchedulerSuspended  tasks.o
    0x20005eac        -       0x00000004   Zero   RW         1914    .bss.uxTaskNumber   tasks.o
    0x20005eb0        -       0x00000004   Zero   RW         1913    .bss.uxTopReadyPriority  tasks.o
    0x20005eb4        -       0x00000001   Zero   RW         2078    .bss.xBlockAllocatedBit  heap_4.o
    0x20005eb5   COMPRESSED   0x00000003   PAD
    0x20005eb8        -       0x00000014   Zero   RW         1930    .bss.xDelayedTaskList1  tasks.o
    0x20005ecc        -       0x00000014   Zero   RW         1931    .bss.xDelayedTaskList2  tasks.o
    0x20005ee0        -       0x00000004   Zero   RW         2079    .bss.xFreeBytesRemaining  heap_4.o
    0x20005ee4        -       0x00000200   Zero   RW          486    .bss.xIdleStack     freertos.o
    0x200060e4        -       0x00000004   Zero   RW         1922    .bss.xIdleTaskHandle  tasks.o
    0x200060e8        -       0x00000054   Zero   RW          485    .bss.xIdleTaskTCBBuffer  freertos.o
    0x2000613c        -       0x00000004   Zero   RW         2081    .bss.xMinimumEverFreeBytesRemaining  heap_4.o
    0x20006140        -       0x00000004   Zero   RW         1923    .bss.xNextTaskUnblockTime  tasks.o
    0x20006144        -       0x00000004   Zero   RW         1929    .bss.xNumOfOverflows  tasks.o
    0x20006148        -       0x00000004   Zero   RW         2082    .bss.xNumberOfSuccessfulAllocations  heap_4.o
    0x2000614c        -       0x00000004   Zero   RW         2083    .bss.xNumberOfSuccessfulFrees  heap_4.o
    0x20006150        -       0x00000004   Zero   RW         1926    .bss.xPendedTicks   tasks.o
    0x20006154        -       0x00000014   Zero   RW         1921    .bss.xPendingReadyList  tasks.o
    0x20006168        -       0x00000004   Zero   RW         1918    .bss.xSchedulerRunning  tasks.o
    0x2000616c        -       0x00000008   Zero   RW         2080    .bss.xStart         heap_4.o
    0x20006174        -       0x00000014   Zero   RW         1920    .bss.xSuspendedTaskList  tasks.o
    0x20006188        -       0x00000014   Zero   RW         1915    .bss.xTasksWaitingTermination  tasks.o
    0x2000619c        -       0x00000004   Zero   RW         1924    .bss.xTickCount     tasks.o
    0x200061a0        -       0x00000004   Zero   RW         1925    .bss.xYieldPending  tasks.o
    0x200061a4   COMPRESSED   0x00000004   PAD
    0x200061a8        -       0x00000200   Zero   RW          619    HEAP                startup_stm32f407xx.o
    0x200063a8        -       0x00000400   Zero   RW          618    STACK               startup_stm32f407xx.o


    Execution Region RW_IRAM2 (Exec base: 0x2001c000, Load base: 0x080068c0, Size: 0x00000000, Max: 0x00004000, ABSOLUTE)

    **** No section assigned to this execution region ****


==============================================================================

Image component sizes


      Code (inc. data)   RO Data    RW Data    ZI Data      Debug   Object Name

       414          0          0          0         84       6393   can.o
       174          0          0          0         16       4093   candrive.o
       148          0          0          0          0      19497   cmsis_os.o
        70          0          0          0          0       3271   dma_1.o
       106          0         40          0        600       2708   freertos.o
       170          0          0          0          0       2141   gpio.o
       676          0          0          0      15389       4681   heap_4.o
       264         16          0          1          6       1469   led_task.o
       150          0          0          0          0       2196   list.o
       234          0          0          0          0       5676   main.o
       344          8          0          0          0       6121   motor.o
      1108          0          0          0          0       5416   pid.o
      2646         40          0         48       2504       8321   pid_task.o
       872         16          0          4          5       3801   port.o
      4074        442        276       5492          9      49691   ros_task.o
        64         26        392          0       1536        820   startup_stm32f407xx.o
        92          0          0          5          4       7289   stm32f4xx_hal.o
      1624          6          0          0          0      13158   stm32f4xx_hal_can.o
       204          0          0          0          0      10761   stm32f4xx_hal_cortex.o
      1052         12          0          0          0       9231   stm32f4xx_hal_dma.o
       420          0          0          0          0       5160   stm32f4xx_hal_gpio.o
        70          0          0          0          0       3331   stm32f4xx_hal_msp.o
      1438          0          0          0          0       7241   stm32f4xx_hal_rcc.o
      1212          0          0          0          0      44506   stm32f4xx_hal_tim.o
       188          0          0          0          0      19130   stm32f4xx_hal_tim_ex.o
       164          0          0          0         72       7138   stm32f4xx_hal_timebase_tim.o
      2010          0          0          0          0      24552   stm32f4xx_hal_uart.o
       156          0          0          0          0       1641   stm32f4xx_it.o
        18          0         24          4          0       2587   system_stm32f4xx.o
       164         24          0          0          0        503   task_init.o
      2588          8          0          0        300      24671   tasks.o
       190          0          0          0         72       7020   tim.o
        48          0          0          0          0      14568   time.o
       320          0          0          0        264       6929   usart.o

    ----------------------------------------------------------------------
     23712        610        764       5560      20880     335711   Object Totals
         0          0         32          0          0          0   (incl. Generated)
       240         12          0          6         19          0   (incl. Padding)

    ----------------------------------------------------------------------

      Code (inc. data)   RO Data    RW Data    ZI Data      Debug   Library Member Name

        58          0          0          0          0          0   __dczerorl.o
         8          0          0          0          0         68   __main.o
       104          0          0          0          0         84   __printf.o
         0          0          0          0          0          0   __rtentry.o
        12          0          0          0          0          0   __rtentry2.o
         6          0          0          0          0          0   __rtentry4.o
        52          8          0          0          0          0   __scatter.o
        28          0          0          0          0          0   __scatter_zi.o
        44          0          0          0          0        108   _printf_char.o
        48          6          0          0          0         96   _printf_char_common.o
         0          0          0          0          0          0   _printf_percent.o
         4          0          0          0          0          0   _printf_percent_end.o
         6          0          0          0          0          0   _printf_s.o
        82          0          0          0          0         80   _printf_str.o
        10          0          0          0          0         68   _sputc.o
        22          0          0          0          0         80   abort.o
        48         34          0          0          0         76   defsig_abrt_inner.o
        14          0          0          0          0         80   defsig_abrt_outer.o
        10          0          0          0          0         68   defsig_exit.o
        50          0          0          0          0         88   defsig_general.o
        80         58          0          0          0         76   defsig_rtmem_inner.o
        14          0          0          0          0         80   defsig_rtmem_outer.o
        18          0          0          0          0         80   exit.o
        94          0          0          0          0         80   h1_alloc.o
        52          0          0          0          0         68   h1_extend.o
        78          0          0          0          0         80   h1_free.o
        14          0          0          0          0         84   h1_init.o
       196          0          0          0          0         92   h1_realloc.o
         6          0          0          0          0        152   heapauxi.o
         4          0          0          0          0        136   hguard.o
         0          0          0          0          0          0   indicate_semi.o
       138          0          0          0          0        168   init_alloc.o
         2          0          0          0          0          0   libinit.o
        14          0          0          0          0          0   libinit2.o
         2          0          0          0          0          0   libshutdown.o
         2          0          0          0          0          0   libshutdown2.o
         8          4          0          0         96         68   libspace.o
       240          0          0          0          0        100   lludivv7m.o
         0          0          0          0          0          0   maybetermalloc1.o
        40          6          0          0          0         84   noretval__2sprintf.o
         8          4          0          0          0         68   rt_heap_descriptor_intlibspace.o
        78          0          0          0          0         80   rt_memclr_w.o
       138          0          0          0          0         68   rt_memcpy_v6.o
       100          0          0          0          0         80   rt_memcpy_w.o
         2          0          0          0          0          0   rtexit.o
        10          0          0          0          0          0   rtexit2.o
        62          0          0          0          0         76   strlen.o
        12          4          0          0          0         68   sys_exit.o
        74          0          0          0          0         80   sys_stackheap_outer.o
        14          0          0          0          0         76   sys_wrch.o
         2          0          0          0          0         68   use_no_semi.o
        26          0          0          0          0        116   fpinit.o
         4          0          0          0          0         36   abort_message.cpp.o
        40         32          0          0          0         52   cxa_virtual.cpp.o

    ----------------------------------------------------------------------
      2192        156          0          0         96       3112   Library Totals
        14          0          0          0          0          0   (incl. Padding)

    ----------------------------------------------------------------------

      Code (inc. data)   RO Data    RW Data    ZI Data      Debug   Library Name

      2108        124          0          0         96       2908   c_w.l
        26          0          0          0          0        116   fz_wm.l
        44         32          0          0          0         88   libcppabi_w.l

    ----------------------------------------------------------------------
      2192        156          0          0         96       3112   Library Totals

    ----------------------------------------------------------------------

==============================================================================


      Code (inc. data)   RO Data    RW Data    ZI Data      Debug   

     25904        766        764       5560      20976     336679   Grand Totals
     25904        766        764        144      20976     336679   ELF Image Totals (compressed)
     25904        766        764        144          0          0   ROM Totals

==============================================================================

    Total RO  Size (Code + RO Data)                26668 (  26.04kB)
    Total RW  Size (RW Data + ZI Data)             26536 (  25.91kB)
    Total ROM Size (Code + RO Data + RW Data)      26812 (  26.18kB)

==============================================================================

